Component: Arm Compiler for Embedded 6.19 Tool: armlink [5e73cb00]

==============================================================================

Section Cross References

    startup_stm32f429xx.o(STACK) refers (Special) to heapauxi.o(.text) for __use_two_region_memory
    startup_stm32f429xx.o(HEAP) refers (Special) to heapauxi.o(.text) for __use_two_region_memory
    startup_stm32f429xx.o(RESET) refers (Special) to heapauxi.o(.text) for __use_two_region_memory
    startup_stm32f429xx.o(RESET) refers to startup_stm32f429xx.o(STACK) for __initial_sp
    startup_stm32f429xx.o(RESET) refers to startup_stm32f429xx.o(.text) for Reset_Handler
    startup_stm32f429xx.o(RESET) refers to stm32f4xx_it.o(.text.NMI_Handler) for NMI_Handler
    startup_stm32f429xx.o(RESET) refers to stm32f4xx_it.o(.text.HardFault_Handler) for HardFault_Handler
    startup_stm32f429xx.o(RESET) refers to stm32f4xx_it.o(.text.MemManage_Handler) for MemManage_Handler
    startup_stm32f429xx.o(RESET) refers to stm32f4xx_it.o(.text.BusFault_Handler) for BusFault_Handler
    startup_stm32f429xx.o(RESET) refers to stm32f4xx_it.o(.text.UsageFault_Handler) for UsageFault_Handler
    startup_stm32f429xx.o(RESET) refers to stm32f4xx_it.o(.text.SVC_Handler) for SVC_Handler
    startup_stm32f429xx.o(RESET) refers to stm32f4xx_it.o(.text.DebugMon_Handler) for DebugMon_Handler
    startup_stm32f429xx.o(RESET) refers to stm32f4xx_it.o(.text.PendSV_Handler) for PendSV_Handler
    startup_stm32f429xx.o(RESET) refers to stm32f4xx_it.o(.text.SysTick_Handler) for SysTick_Handler
    startup_stm32f429xx.o(RESET) refers to stm32f4xx_it.o(.text.TIM6_DAC_IRQHandler) for TIM6_DAC_IRQHandler
    startup_stm32f429xx.o(RESET) refers to stm32f4xx_it.o(.text.OTG_HS_IRQHandler) for OTG_HS_IRQHandler
    startup_stm32f429xx.o(RESET) refers to stm32f4xx_it.o(.text.LTDC_IRQHandler) for LTDC_IRQHandler
    startup_stm32f429xx.o(RESET) refers to stm32f4xx_it.o(.text.DMA2D_IRQHandler) for DMA2D_IRQHandler
    startup_stm32f429xx.o(.text) refers (Special) to heapauxi.o(.text) for __use_two_region_memory
    startup_stm32f429xx.o(.text) refers to system_stm32f4xx.o(.text.SystemInit) for SystemInit
    startup_stm32f429xx.o(.text) refers to __main.o(!!!main) for __main
    startup_stm32f429xx.o(.text) refers to startup_stm32f429xx.o(HEAP) for Heap_Mem
    startup_stm32f429xx.o(.text) refers to startup_stm32f429xx.o(STACK) for Stack_Mem
    main.o(.text.main) refers to stm32f4xx_hal.o(.text.HAL_Init) for HAL_Init
    main.o(.text.main) refers to main.o(.text.SystemClock_Config) for SystemClock_Config
    main.o(.text.main) refers to stm32f4xx_hal_gpio.o(.text.HAL_GPIO_WritePin) for HAL_GPIO_WritePin
    main.o(.text.main) refers to stm32f4xx_hal_gpio.o(.text.HAL_GPIO_Init) for HAL_GPIO_Init
    main.o(.text.main) refers to main.o(.bss..L_MergedGlobals) for .L_MergedGlobals
    main.o(.text.main) refers to stm32f4xx_hal_crc.o(.text.HAL_CRC_Init) for HAL_CRC_Init
    main.o(.text.main) refers to stm32f4xx_hal_dma2d.o(.text.HAL_DMA2D_Init) for HAL_DMA2D_Init
    main.o(.text.main) refers to stm32f4xx_hal_dma2d.o(.text.HAL_DMA2D_ConfigLayer) for HAL_DMA2D_ConfigLayer
    main.o(.text.main) refers to stm32f4xx_hal_sdram.o(.text.HAL_SDRAM_Init) for HAL_SDRAM_Init
    main.o(.text.main) refers to main.o(.bss.hi2c3) for hi2c3
    main.o(.text.main) refers to stm32f4xx_hal_i2c.o(.text.HAL_I2C_Init) for HAL_I2C_Init
    main.o(.text.main) refers to stm32f4xx_hal_i2c_ex.o(.text.HAL_I2CEx_ConfigAnalogFilter) for HAL_I2CEx_ConfigAnalogFilter
    main.o(.text.main) refers to stm32f4xx_hal_i2c_ex.o(.text.HAL_I2CEx_ConfigDigitalFilter) for HAL_I2CEx_ConfigDigitalFilter
    main.o(.text.main) refers to main.o(.bss.hltdc) for hltdc
    main.o(.text.main) refers to stm32f4xx_hal_ltdc.o(.text.HAL_LTDC_Init) for HAL_LTDC_Init
    main.o(.text.main) refers to stm32f4xx_hal_ltdc.o(.text.HAL_LTDC_ConfigLayer) for HAL_LTDC_ConfigLayer
    main.o(.text.main) refers to main.o(.bss.hspi5) for hspi5
    main.o(.text.main) refers to stm32f4xx_hal_spi.o(.text.HAL_SPI_Init) for HAL_SPI_Init
    main.o(.text.main) refers to main.o(.bss.htim1) for htim1
    main.o(.text.main) refers to stm32f4xx_hal_tim.o(.text.HAL_TIM_Base_Init) for HAL_TIM_Base_Init
    main.o(.text.main) refers to stm32f4xx_hal_tim.o(.text.HAL_TIM_ConfigClockSource) for HAL_TIM_ConfigClockSource
    main.o(.text.main) refers to stm32f4xx_hal_tim_ex.o(.text.HAL_TIMEx_MasterConfigSynchronization) for HAL_TIMEx_MasterConfigSynchronization
    main.o(.text.main) refers to main.o(.bss.huart1) for huart1
    main.o(.text.main) refers to stm32f4xx_hal_uart.o(.text.HAL_UART_Init) for HAL_UART_Init
    main.o(.text.main) refers to main.o(.bss.hhcd_USB_OTG_HS) for hhcd_USB_OTG_HS
    main.o(.text.main) refers to stm32f4xx_hal_hcd.o(.text.HAL_HCD_Init) for HAL_HCD_Init
    main.o(.text.main) refers to stm32f4xx_hal_gpio.o(.text.HAL_GPIO_TogglePin) for HAL_GPIO_TogglePin
[...]

==============================================================================

Image Symbol Table

    Local Symbols

    Symbol Name                              Value     Ov Type        Size  Object(Section)

    ../clib/angel/boardlib.s                 0x00000000   Number         0  boardinit1.o ABSOLUTE
    ../clib/angel/boardlib.s                 0x00000000   Number         0  boardinit2.o ABSOLUTE
    ../clib/angel/boardlib.s                 0x00000000   Number         0  boardinit3.o ABSOLUTE
    ../clib/angel/boardlib.s                 0x00000000   Number         0  boardshut.o ABSOLUTE
    ../clib/angel/handlers.s                 0x00000000   Number         0  __scatter_copy.o ABSOLUTE
    ../clib/angel/handlers.s                 0x00000000   Number         0  __scatter_zi.o ABSOLUTE
    ../clib/angel/kernel.s                   0x00000000   Number         0  __rtentry.o ABSOLUTE
    ../clib/angel/kernel.s                   0x00000000   Number         0  __rtentry2.o ABSOLUTE
    ../clib/angel/kernel.s                   0x00000000   Number         0  __rtentry4.o ABSOLUTE
    ../clib/angel/kernel.s                   0x00000000   Number         0  rtexit.o ABSOLUTE
    ../clib/angel/kernel.s                   0x00000000   Number         0  rtexit2.o ABSOLUTE
    ../clib/angel/rt.s                       0x00000000   Number         0  aeabi_ldiv0.o ABSOLUTE
    ../clib/angel/rt.s                       0x00000000   Number         0  aeabi_ldiv0_sigfpe.o ABSOLUTE
    ../clib/angel/rt.s                       0x00000000   Number         0  rt_div0.o ABSOLUTE
    ../clib/angel/rt.s                       0x00000000   Number         0  rt_raise.o ABSOLUTE
    ../clib/angel/scatter.s                  0x00000000   Number         0  __scatter.o ABSOLUTE
    ../clib/angel/startup.s                  0x00000000   Number         0  __main.o ABSOLUTE
    ../clib/angel/sys.s                      0x00000000   Number         0  sys_stackheap_outer.o ABSOLUTE
    ../clib/angel/sys.s                      0x00000000   Number         0  libspace.o ABSOLUTE
    ../clib/angel/sys.s                      0x00000000   Number         0  use_no_semi.o ABSOLUTE
    ../clib/angel/sys.s                      0x00000000   Number         0  indicate_semi.o ABSOLUTE
    ../clib/angel/sysapp.c                   0x00000000   Number         0  sys_exit.o ABSOLUTE
    ../clib/angel/sysapp.c                   0x00000000   Number         0  sys_exit_hlt.o ABSOLUTE
    ../clib/angel/sysapp.c                   0x00000000   Number         0  sys_wrch.o ABSOLUTE
    ../clib/angel/sysapp.c                   0x00000000   Number         0  sys_wrch_hlt.o ABSOLUTE
    ../clib/angel/sysapp.c                   0x00000000   Number         0  sys_command.o ABSOLUTE
    ../clib/angel/sysapp.c                   0x00000000   Number         0  sys_command_hlt.o ABSOLUTE
    ../clib/armsys.c                         0x00000000   Number         0  argv_veneer.o ABSOLUTE
    ../clib/armsys.c                         0x00000000   Number         0  argv_veneer.o ABSOLUTE
    ../clib/armsys.c                         0x00000000   Number         0  _get_argv_nomalloc.o ABSOLUTE
    ../clib/armsys.c                         0x00000000   Number         0  no_argv.o ABSOLUTE
    ../clib/heapalloc.c                      0x00000000   Number         0  hrguard.o ABSOLUTE
    ../clib/heapaux.c                        0x00000000   Number         0  heapauxi.o ABSOLUTE
    ../clib/libinit.s                        0x00000000   Number         0  libinit.o ABSOLUTE
    ../clib/libinit.s                        0x00000000   Number         0  libinit2.o ABSOLUTE
    ../clib/libinit.s                        0x00000000   Number         0  libshutdown.o ABSOLUTE
    ../clib/libinit.s                        0x00000000   Number         0  libshutdown2.o ABSOLUTE
    ../clib/longlong.s                       0x00000000   Number         0  lludivv7m.o ABSOLUTE
    ../clib/memcpset.s                       0x00000000   Number         0  rt_memclr_w.o ABSOLUTE
    ../clib/signal.c                         0x00000000   Number         0  defsig_fpe_outer.o ABSOLUTE
    ../clib/signal.c                         0x00000000   Number         0  defsig_fpe_formal.o ABSOLUTE
    ../clib/signal.c                         0x00000000   Number         0  defsig_exit.o ABSOLUTE
    ../clib/signal.c                         0x00000000   Number         0  defsig_fpe_inner.o ABSOLUTE
    ../clib/signal.c                         0x00000000   Number         0  __raise.o ABSOLUTE
    ../clib/signal.c                         0x00000000   Number         0  defsig_general.o ABSOLUTE
    ../clib/signal.c                         0x00000000   Number         0  defsig_abrt_inner.o ABSOLUTE
    ../clib/signal.c                         0x00000000   Number         0  defsig_rtred_inner.o ABSOLUTE
    ../clib/signal.c                         0x00000000   Number         0  defsig_rtmem_inner.o ABSOLUTE
    ../clib/signal.c                         0x00000000   Number         0  defsig_rtmem_outer.o ABSOLUTE
    ../clib/signal.c                         0x00000000   Number         0  defsig_rtmem_formal.o ABSOLUTE
    ../clib/signal.c                         0x00000000   Number         0  defsig_stak_inner.o ABSOLUTE
    ../clib/signal.c                         0x00000000   Number         0  defsig_pvfn_inner.o ABSOLUTE
    ../clib/signal.c                         0x00000000   Number         0  defsig_cppl_inner.o ABSOLUTE
    ../clib/signal.c                         0x00000000   Number         0  defsig_segv_inner.o ABSOLUTE
    ../clib/signal.c                         0x00000000   Number         0  defsig_other.o ABSOLUTE
    ../clib/signal.s                         0x00000000   Number         0  defsig.o ABSOLUTE
    ../clib/stdlib.c                         0x00000000   Number         0  exit.o ABSOLUTE
    ../fplib/fpinit.s                        0x00000000   Number         0  fpinit.o ABSOLUTE
    dc.s                                     0x00000000   Number         0  dc.o ABSOLUTE
    main.c                                   0x00000000   Number         0  main.o ABSOLUTE
    startup_stm32f429xx.s                    0x00000000   Number         0  startup_stm32f429xx.o ABSOLUTE
    stm32f4xx_hal.c                          0x00000000   Number         0  stm32f4xx_hal.o ABSOLUTE
    stm32f4xx_hal_cortex.c                   0x00000000   Number         0  stm32f4xx_hal_cortex.o ABSOLUTE
    stm32f4xx_hal_crc.c                      0x00000000   Number         0  stm32f4xx_hal_crc.o ABSOLUTE
    stm32f4xx_hal_dma.c                      0x00000000   Number         0  stm32f4xx_hal_dma.o ABSOLUTE
    stm32f4xx_hal_dma2d.c                    0x00000000   Number         0  stm32f4xx_hal_dma2d.o ABSOLUTE
    stm32f4xx_hal_dma_ex.c                   0x00000000   Number         0  stm32f4xx_hal_dma_ex.o ABSOLUTE
    stm32f4xx_hal_dsi.c                      0x00000000   Number         0  stm32f4xx_hal_dsi.o ABSOLUTE
    stm32f4xx_hal_exti.c                     0x00000000   Number         0  stm32f4xx_hal_exti.o ABSOLUTE
    stm32f4xx_hal_flash.c                    0x00000000   Number         0  stm32f4xx_hal_flash.o ABSOLUTE
    stm32f4xx_hal_flash_ex.c                 0x00000000   Number         0  stm32f4xx_hal_flash_ex.o ABSOLUTE
    stm32f4xx_hal_flash_ramfunc.c            0x00000000   Number         0  stm32f4xx_hal_flash_ramfunc.o ABSOLUTE
    stm32f4xx_hal_gpio.c                     0x00000000   Number         0  stm32f4xx_hal_gpio.o ABSOLUTE
    stm32f4xx_hal_hcd.c                      0x00000000   Number         0  stm32f4xx_hal_hcd.o ABSOLUTE
    stm32f4xx_hal_i2c.c                      0x00000000   Number         0  stm32f4xx_hal_i2c.o ABSOLUTE
    stm32f4xx_hal_i2c_ex.c                   0x00000000   Number         0  stm32f4xx_hal_i2c_ex.o ABSOLUTE
    stm32f4xx_hal_ltdc.c                     0x00000000   Number         0  stm32f4xx_hal_ltdc.o ABSOLUTE
    stm32f4xx_hal_ltdc_ex.c                  0x00000000   Number         0  stm32f4xx_hal_ltdc_ex.o ABSOLUTE
    stm32f4xx_hal_msp.c                      0x00000000   Number         0  stm32f4xx_hal_msp.o ABSOLUTE
    stm32f4xx_hal_pwr.c                      0x00000000   Number         0  stm32f4xx_hal_pwr.o ABSOLUTE
    stm32f4xx_hal_pwr_ex.c                   0x00000000   Number         0  stm32f4xx_hal_pwr_ex.o ABSOLUTE
    stm32f4xx_hal_rcc.c                      0x00000000   Number         0  stm32f4xx_hal_rcc.o ABSOLUTE
    stm32f4xx_hal_rcc_ex.c                   0x00000000   Number         0  stm32f4xx_hal_rcc_ex.o ABSOLUTE
    stm32f4xx_hal_sdram.c                    0x00000000   Number         0  stm32f4xx_hal_sdram.o ABSOLUTE
    stm32f4xx_hal_spi.c                      0x00000000   Number         0  stm32f4xx_hal_spi.o ABSOLUTE
    stm32f4xx_hal_tim.c                      0x00000000   Number         0  stm32f4xx_hal_tim.o ABSOLUTE
    stm32f4xx_hal_tim_ex.c                   0x00000000   Number         0  stm32f4xx_hal_tim_ex.o ABSOLUTE
    stm32f4xx_hal_timebase_tim.c             0x00000000   Number         0  stm32f4xx_hal_timebase_tim.o ABSOLUTE
    stm32f4xx_hal_uart.c                     0x00000000   Number         0  stm32f4xx_hal_uart.o ABSOLUTE
    stm32f4xx_it.c                           0x00000000   Number         0  stm32f4xx_it.o ABSOLUTE
    stm32f4xx_ll_fmc.c                       0x00000000   Number         0  stm32f4xx_ll_fmc.o ABSOLUTE
    stm32f4xx_ll_usb.c                       0x00000000   Number         0  stm32f4xx_ll_usb.o ABSOLUTE
    system_stm32f4xx.c                       0x00000000   Number         0  system_stm32f4xx.o ABSOLUTE
    RESET                                    0x08000000   Section      428  startup_stm32f429xx.o(RESET)
    !!!main                                  0x080001ac   Section        8  __main.o(!!!main)
    !!!scatter                               0x080001b4   Section       52  __scatter.o(!!!scatter)
    !!handler_copy                           0x080001e8   Section       26  __scatter_copy.o(!!handler_copy)
    !!handler_zi                             0x08000204   Section       28  __scatter_zi.o(!!handler_zi)
    .ARM.Collect$$libinit$$00000000          0x08000220   Section        2  libinit.o(.ARM.Collect$$libinit$$00000000)
    .ARM.Collect$$libinit$$00000001          0x08000222   Section        4  libinit2.o(.ARM.Collect$$libinit$$00000001)
    .ARM.Collect$$libinit$$00000004          0x08000226   Section        0  libinit2.o(.ARM.Collect$$libinit$$00000004)
    .ARM.Collect$$libinit$$00000006          0x08000226   Section        0  libinit2.o(.ARM.Collect$$libinit$$00000006)
    .ARM.Collect$$libinit$$0000000C          0x08000226   Section        0  libinit2.o(.ARM.Collect$$libinit$$0000000C)
    .ARM.Collect$$libinit$$0000000E          0x08000226   Section        0  libinit2.o(.ARM.Collect$$libinit$$0000000E)
    .ARM.Collect$$libinit$$00000010          0x08000226   Section        0  libinit2.o(.ARM.Collect$$libinit$$00000010)
    .ARM.Collect$$libinit$$00000013          0x08000226   Section        0  libinit2.o(.ARM.Collect$$libinit$$00000013)
    .ARM.Collect$$libinit$$00000015          0x08000226   Section        0  libinit2.o(.ARM.Collect$$libinit$$00000015)
    .ARM.Collect$$libinit$$00000017          0x08000226   Section        0  libinit2.o(.ARM.Collect$$libinit$$00000017)
    .ARM.Collect$$libinit$$00000019          0x08000226   Section        0  libinit2.o(.ARM.Collect$$libinit$$00000019)
    .ARM.Collect$$libinit$$0000001B          0x08000226   Section        0  libinit2.o(.ARM.Collect$$libinit$$0000001B)
    .ARM.Collect$$libinit$$0000001D          0x08000226   Section        0  libinit2.o(.ARM.Collect$$libinit$$0000001D)
    .ARM.Collect$$libinit$$0000001F          0x08000226   Section        0  libinit2.o(.ARM.Collect$$libinit$$0000001F)
    .ARM.Collect$$libinit$$00000021          0x08000226   Section        0  libinit2.o(.ARM.Collect$$libinit$$00000021)
    .ARM.Collect$$libinit$$00000023          0x08000226   Section        0  libinit2.o(.ARM.Collect$$libinit$$00000023)
    .ARM.Collect$$libinit$$00000025          0x08000226   Section        0  libinit2.o(.ARM.Collect$$libinit$$00000025)
    .ARM.Collect$$libinit$$00000027          0x08000226   Section        0  libinit2.o(.ARM.Collect$$libinit$$00000027)
    .ARM.Collect$$libinit$$0000002E          0x08000226   Section        0  libinit2.o(.ARM.Collect$$libinit$$0000002E)
    .ARM.Collect$$libinit$$00000030          0x08000226   Section        0  libinit2.o(.ARM.Collect$$libinit$$00000030)
    .ARM.Collect$$libinit$$00000032          0x08000226   Section        0  libinit2.o(.ARM.Collect$$libinit$$00000032)
    .ARM.Collect$$libinit$$00000034          0x08000226   Section        0  libinit2.o(.ARM.Collect$$libinit$$00000034)
    .ARM.Collect$$libinit$$00000035          0x08000226   Section        2  libinit2.o(.ARM.Collect$$libinit$$00000035)
    .ARM.Collect$$libshutdown$$00000000      0x08000228   Section        2  libshutdown.o(.ARM.Collect$$libshutdown$$00000000)
    .ARM.Collect$$libshutdown$$00000002      0x0800022a   Section        0  libshutdown2.o(.ARM.Collect$$libshutdown$$00000002)
    .ARM.Collect$$libshutdown$$00000004      0x0800022a   Section        0  libshutdown2.o(.ARM.Collect$$libshutdown$$00000004)
    .ARM.Collect$$libshutdown$$00000007      0x0800022a   Section        0  libshutdown2.o(.ARM.Collect$$libshutdown$$00000007)
    .ARM.Collect$$libshutdown$$0000000A      0x0800022a   Section        0  libshutdown2.o(.ARM.Collect$$libshutdown$$0000000A)
    .ARM.Collect$$libshutdown$$0000000C      0x0800022a   Section        0  libshutdown2.o(.ARM.Collect$$libshutdown$$0000000C)
    .ARM.Collect$$libshutdown$$0000000F      0x0800022a   Section        0  libshutdown2.o(.ARM.Collect$$libshutdown$$0000000F)
    .ARM.Collect$$libshutdown$$00000010      0x0800022a   Section        2  libshutdown2.o(.ARM.Collect$$libshutdown$$00000010)
    .ARM.Collect$$rtentry$$00000000          0x0800022c   Section        0  __rtentry.o(.ARM.Collect$$rtentry$$00000000)
    .ARM.Collect$$rtentry$$00000002          0x0800022c   Section        0  __rtentry2.o(.ARM.Collect$$rtentry$$00000002)
    .ARM.Collect$$rtentry$$00000004          0x0800022c   Section        6  __rtentry4.o(.ARM.Collect$$rtentry$$00000004)
    .ARM.Collect$$rtentry$$00000009          0x08000232   Section        0  __rtentry2.o(.ARM.Collect$$rtentry$$00000009)
    .ARM.Collect$$rtentry$$0000000A          0x08000232   Section        4  __rtentry2.o(.ARM.Collect$$rtentry$$0000000A)
    .ARM.Collect$$rtentry$$0000000C          0x08000236   Section        0  __rtentry2.o(.ARM.Collect$$rtentry$$0000000C)
    .ARM.Collect$$rtentry$$0000000D          0x08000236   Section        8  __rtentry2.o(.ARM.Collect$$rtentry$$0000000D)
    .ARM.Collect$$rtexit$$00000000           0x0800023e   Section        2  rtexit.o(.ARM.Collect$$rtexit$$00000000)
    .ARM.Collect$$rtexit$$00000002           0x08000240   Section        0  rtexit2.o(.ARM.Collect$$rtexit$$00000002)
    .ARM.Collect$$rtexit$$00000003           0x08000240   Section        4  rtexit2.o(.ARM.Collect$$rtexit$$00000003)
    .ARM.Collect$$rtexit$$00000004           0x08000244   Section        6  rtexit2.o(.ARM.Collect$$rtexit$$00000004)
    $v0                                      0x0800024c   Number         0  startup_stm32f429xx.o(.text)
    .text                                    0x0800024c   Section       64  startup_stm32f429xx.o(.text)
    .text                                    0x0800028c   Section      240  lludivv7m.o(.text)
    .text                                    0x0800037c   Section       78  rt_memclr_w.o(.text)
    .text                                    0x080003ca   Section        0  heapauxi.o(.text)
    .text                                    0x080003d0   Section       74  sys_stackheap_outer.o(.text)
    .text                                    0x0800041a   Section        0  exit.o(.text)
    .text                                    0x0800042c   Section        8  libspace.o(.text)
    .text                                    0x08000434   Section        0  sys_exit.o(.text)
    .text                                    0x08000440   Section        2  use_no_semi.o(.text)
    .text                                    0x08000442   Section        0  indicate_semi.o(.text)
    [Anonymous Symbol]                       0x08000444   Section        0  stm32f4xx_it.o(.text.BusFault_Handler)
    [Anonymous Symbol]                       0x08000448   Section        0  stm32f4xx_it.o(.text.DMA2D_IRQHandler)
    [Anonymous Symbol]                       0x08000454   Section        0  stm32f4xx_it.o(.text.DebugMon_Handler)
    [Anonymous Symbol]                       0x08000458   Section        0  main.o(.text.Error_Handler)
    [Anonymous Symbol]                       0x08000464   Section        0  stm32f4xx_ll_fmc.o(.text.FMC_SDRAM_Init)
    [Anonymous Symbol]                       0x080004e4   Section        0  stm32f4xx_ll_fmc.o(.text.FMC_SDRAM_Timing_Init)
    [Anonymous Symbol]                       0x080005bc   Section        0  stm32f4xx_hal_crc.o(.text.HAL_CRC_Init)
    [Anonymous Symbol]                       0x080005e8   Section        0  stm32f4xx_hal_msp.o(.text.HAL_CRC_MspInit)
    [Anonymous Symbol]                       0x0800061c   Section        0  stm32f4xx_hal_dma2d.o(.text.HAL_DMA2D_CLUTLoadingCpltCallback)
    [Anonymous Symbol]                       0x08000620   Section        0  stm32f4xx_hal_dma2d.o(.text.HAL_DMA2D_ConfigLayer)
    [Anonymous Symbol]                       0x080006b8   Section        0  stm32f4xx_hal_dma2d.o(.text.HAL_DMA2D_IRQHandler)
    [Anonymous Symbol]                       0x080007fc   Section        0  stm32f4xx_hal_dma2d.o(.text.HAL_DMA2D_Init)
    [Anonymous Symbol]                       0x08000854   Section        0  stm32f4xx_hal_dma2d.o(.text.HAL_DMA2D_LineEventCallback)
    [Anonymous Symbol]                       0x08000858   Section        0  stm32f4xx_hal_msp.o(.text.HAL_DMA2D_MspInit)
    [Anonymous Symbol]                       0x080008a4   Section        0  stm32f4xx_hal.o(.text.HAL_Delay)
    [Anonymous Symbol]                       0x080008cc   Section        0  stm32f4xx_hal_gpio.o(.text.HAL_GPIO_Init)
    [Anonymous Symbol]                       0x08000a74   Section        0  stm32f4xx_hal_gpio.o(.text.HAL_GPIO_TogglePin)
    [Anonymous Symbol]                       0x08000a84   Section        0  stm32f4xx_hal_gpio.o(.text.HAL_GPIO_WritePin)
    [Anonymous Symbol]                       0x08000a90   Section        0  stm32f4xx_hal.o(.text.HAL_GetTick)
    [Anonymous Symbol]                       0x08000a9c   Section        0  stm32f4xx_hal_hcd.o(.text.HAL_HCD_Connect_Callback)
    [Anonymous Symbol]                       0x08000aa0   Section        0  stm32f4xx_hal_hcd.o(.text.HAL_HCD_Disconnect_Callback)
    [Anonymous Symbol]                       0x08000aa4   Section        0  stm32f4xx_hal_hcd.o(.text.HAL_HCD_HC_NotifyURBChange_Callback)
    [Anonymous Symbol]                       0x08000aa8   Section        0  stm32f4xx_hal_hcd.o(.text.HAL_HCD_IRQHandler)
    [Anonymous Symbol]                       0x08001154   Section        0  stm32f4xx_hal_hcd.o(.text.HAL_HCD_Init)
    [Anonymous Symbol]                       0x08001214   Section        0  stm32f4xx_hal_msp.o(.text.HAL_HCD_MspInit)
    [Anonymous Symbol]                       0x080012a4   Section        0  stm32f4xx_hal_hcd.o(.text.HAL_HCD_PortDisabled_Callback)
    [Anonymous Symbol]                       0x080012a8   Section        0  stm32f4xx_hal_hcd.o(.text.HAL_HCD_PortEnabled_Callback)
    [Anonymous Symbol]                       0x080012ac   Section        0  stm32f4xx_hal_hcd.o(.text.HAL_HCD_SOF_Callback)
    [Anonymous Symbol]                       0x080012b0   Section        0  stm32f4xx_hal_i2c_ex.o(.text.HAL_I2CEx_ConfigAnalogFilter)
    [Anonymous Symbol]                       0x080012ec   Section        0  stm32f4xx_hal_i2c_ex.o(.text.HAL_I2CEx_ConfigDigitalFilter)
    [Anonymous Symbol]                       0x0800132c   Section        0  stm32f4xx_hal_i2c.o(.text.HAL_I2C_Init)
    [Anonymous Symbol]                       0x080014a4   Section        0  stm32f4xx_hal_msp.o(.text.HAL_I2C_MspInit)
    [Anonymous Symbol]                       0x08001550   Section        0  stm32f4xx_hal.o(.text.HAL_IncTick)
    [Anonymous Symbol]                       0x0800156c   Section        0  stm32f4xx_hal.o(.text.HAL_Init)
    [Anonymous Symbol]                       0x080015a4   Section        0  stm32f4xx_hal_timebase_tim.o(.text.HAL_InitTick)
    [Anonymous Symbol]                       0x08001660   Section        0  stm32f4xx_hal_ltdc.o(.text.HAL_LTDC_ConfigLayer)
    [Anonymous Symbol]                       0x080016d8   Section        0  stm32f4xx_hal_ltdc.o(.text.HAL_LTDC_ErrorCallback)
    [Anonymous Symbol]                       0x080016dc   Section        0  stm32f4xx_hal_ltdc.o(.text.HAL_LTDC_IRQHandler)
    [Anonymous Symbol]                       0x080017ac   Section        0  stm32f4xx_hal_ltdc.o(.text.HAL_LTDC_Init)
    [Anonymous Symbol]                       0x08001890   Section        0  stm32f4xx_hal_ltdc.o(.text.HAL_LTDC_LineEventCallback)
    [Anonymous Symbol]                       0x08001894   Section        0  stm32f4xx_hal_msp.o(.text.HAL_LTDC_MspInit)
    [Anonymous Symbol]                       0x08001a5c   Section        0  stm32f4xx_hal_ltdc.o(.text.HAL_LTDC_ReloadEventCallback)
    [Anonymous Symbol]                       0x08001a60   Section        0  stm32f4xx_hal_msp.o(.text.HAL_MspInit)
    [Anonymous Symbol]                       0x08001a98   Section        0  stm32f4xx_hal_cortex.o(.text.HAL_NVIC_EnableIRQ)
    [Anonymous Symbol]                       0x08001ac0   Section        0  stm32f4xx_hal_cortex.o(.text.HAL_NVIC_SetPriority)
    [Anonymous Symbol]                       0x08001b18   Section        0  stm32f4xx_hal_cortex.o(.text.HAL_NVIC_SetPriorityGrouping)
    [Anonymous Symbol]                       0x08001b38   Section        0  stm32f4xx_hal_rcc_ex.o(.text.HAL_RCCEx_PeriphCLKConfig)
    [Anonymous Symbol]                       0x08001d80   Section        0  stm32f4xx_hal_rcc.o(.text.HAL_RCC_ClockConfig)
    [Anonymous Symbol]                       0x08001ee0   Section        0  stm32f4xx_hal_rcc.o(.text.HAL_RCC_GetClockConfig)
    [Anonymous Symbol]                       0x08001f20   Section        0  stm32f4xx_hal_rcc.o(.text.HAL_RCC_GetPCLK1Freq)
    [Anonymous Symbol]                       0x08001f48   Section        0  stm32f4xx_hal_rcc.o(.text.HAL_RCC_GetPCLK2Freq)
    [Anonymous Symbol]                       0x08001f70   Section        0  stm32f4xx_hal_rcc.o(.text.HAL_RCC_GetSysClockFreq)
    [Anonymous Symbol]                       0x08001fdc   Section        0  stm32f4xx_hal_rcc.o(.text.HAL_RCC_OscConfig)
    [Anonymous Symbol]                       0x08002350   Section        0  stm32f4xx_hal_sdram.o(.text.HAL_SDRAM_Init)
    [Anonymous Symbol]                       0x08002394   Section        0  stm32f4xx_hal_msp.o(.text.HAL_SDRAM_MspInit)
    [Anonymous Symbol]                       0x08002474   Section        0  stm32f4xx_hal_spi.o(.text.HAL_SPI_Init)
    [Anonymous Symbol]                       0x08002528   Section        0  stm32f4xx_hal_msp.o(.text.HAL_SPI_MspInit)
    [Anonymous Symbol]                       0x08002594   Section        0  stm32f4xx_hal_tim_ex.o(.text.HAL_TIMEx_BreakCallback)
    [Anonymous Symbol]                       0x08002598   Section        0  stm32f4xx_hal_tim_ex.o(.text.HAL_TIMEx_CommutCallback)
    [Anonymous Symbol]                       0x0800259c   Section        0  stm32f4xx_hal_tim_ex.o(.text.HAL_TIMEx_MasterConfigSynchronization)
    [Anonymous Symbol]                       0x08002654   Section        0  stm32f4xx_hal_tim.o(.text.HAL_TIM_Base_Init)
    [Anonymous Symbol]                       0x080026b0   Section        0  stm32f4xx_hal_msp.o(.text.HAL_TIM_Base_MspInit)
    [Anonymous Symbol]                       0x080026e8   Section        0  stm32f4xx_hal_tim.o(.text.HAL_TIM_Base_Start_IT)
    [Anonymous Symbol]                       0x08002794   Section        0  stm32f4xx_hal_tim.o(.text.HAL_TIM_ConfigClockSource)
    [Anonymous Symbol]                       0x08002930   Section        0  stm32f4xx_hal_tim.o(.text.HAL_TIM_IC_CaptureCallback)
    [Anonymous Symbol]                       0x08002934   Section        0  stm32f4xx_hal_tim.o(.text.HAL_TIM_IRQHandler)
    [Anonymous Symbol]                       0x08002aa4   Section        0  stm32f4xx_hal_tim.o(.text.HAL_TIM_OC_DelayElapsedCallback)
    [Anonymous Symbol]                       0x08002aa8   Section        0  stm32f4xx_hal_tim.o(.text.HAL_TIM_PWM_PulseFinishedCallback)
    [Anonymous Symbol]                       0x08002aac   Section        0  main.o(.text.HAL_TIM_PeriodElapsedCallback)
    [Anonymous Symbol]                       0x08002ac0   Section        0  stm32f4xx_hal_tim.o(.text.HAL_TIM_TriggerCallback)
    [Anonymous Symbol]                       0x08002ac4   Section        0  stm32f4xx_hal_uart.o(.text.HAL_UART_Init)
    [Anonymous Symbol]                       0x08002b24   Section        0  stm32f4xx_hal_msp.o(.text.HAL_UART_MspInit)
    [Anonymous Symbol]                       0x08002b90   Section        0  stm32f4xx_it.o(.text.HardFault_Handler)
    [Anonymous Symbol]                       0x08002b94   Section        0  stm32f4xx_it.o(.text.LTDC_IRQHandler)
    LTDC_SetConfig                           0x08002ba1   Thumb Code   288  stm32f4xx_hal_ltdc.o(.text.LTDC_SetConfig)
    [Anonymous Symbol]                       0x08002ba0   Section        0  stm32f4xx_hal_ltdc.o(.text.LTDC_SetConfig)
    [Anonymous Symbol]                       0x08002cc0   Section        0  stm32f4xx_it.o(.text.MemManage_Handler)
    [Anonymous Symbol]                       0x08002cc4   Section        0  stm32f4xx_it.o(.text.NMI_Handler)
    [Anonymous Symbol]                       0x08002cc8   Section        0  stm32f4xx_it.o(.text.OTG_HS_IRQHandler)
    [Anonymous Symbol]                       0x08002cd4   Section        0  stm32f4xx_it.o(.text.PendSV_Handler)
    [Anonymous Symbol]                       0x08002cd8   Section        0  stm32f4xx_it.o(.text.SVC_Handler)
    [Anonymous Symbol]                       0x08002cdc   Section        0  stm32f4xx_it.o(.text.SysTick_Handler)
    [Anonymous Symbol]                       0x08002ce0   Section        0  main.o(.text.SystemClock_Config)
    [Anonymous Symbol]                       0x08002d8c   Section        0  system_stm32f4xx.o(.text.SystemInit)
    [Anonymous Symbol]                       0x08002da0   Section        0  stm32f4xx_it.o(.text.TIM6_DAC_IRQHandler)
    [Anonymous Symbol]                       0x08002dac   Section        0  stm32f4xx_hal_tim.o(.text.TIM_Base_SetConfig)
    UART_SetConfig                           0x08002ee9   Thumb Code   238  stm32f4xx_hal_uart.o(.text.UART_SetConfig)
    [Anonymous Symbol]                       0x08002ee8   Section        0  stm32f4xx_hal_uart.o(.text.UART_SetConfig)
    [Anonymous Symbol]                       0x08002fd8   Section        0  stm32f4xx_ll_usb.o(.text.USB_CoreInit)
    [Anonymous Symbol]                       0x080031b8   Section        0  stm32f4xx_ll_usb.o(.text.USB_DisableGlobalInt)
    [Anonymous Symbol]                       0x080031c8   Section        0  stm32f4xx_ll_usb.o(.text.USB_FlushRxFifo)
    [Anonymous Symbol]                       0x08003280   Section        0  stm32f4xx_ll_usb.o(.text.USB_FlushTxFifo)
    [Anonymous Symbol]                       0x08003338   Section        0  stm32f4xx_ll_usb.o(.text.USB_GetMode)
    [Anonymous Symbol]                       0x08003340   Section        0  stm32f4xx_ll_usb.o(.text.USB_HC_Halt)
    [Anonymous Symbol]                       0x080034a0   Section        0  stm32f4xx_ll_usb.o(.text.USB_HC_ReadInterrupt)
    [Anonymous Symbol]                       0x080034a8   Section        0  stm32f4xx_ll_usb.o(.text.USB_HostInit)
    [Anonymous Symbol]                       0x0800371c   Section        0  stm32f4xx_ll_usb.o(.text.USB_InitFSLSPClkSel)
    [Anonymous Symbol]                       0x08003754   Section        0  stm32f4xx_ll_usb.o(.text.USB_ReadInterrupts)
    [Anonymous Symbol]                       0x0800375c   Section        0  stm32f4xx_ll_usb.o(.text.USB_ReadPacket)
    [Anonymous Symbol]                       0x08003808   Section        0  stm32f4xx_ll_usb.o(.text.USB_SetCurrentMode)
    [Anonymous Symbol]                       0x0800386c   Section        0  stm32f4xx_it.o(.text.UsageFault_Handler)
    [Anonymous Symbol]                       0x08003870   Section        0  main.o(.text.main)
    $v0                                      0x08003d2a   Number         0  fpinit.o(x$fpl$fpinit)
    x$fpl$fpinit                             0x08003d2a   Section       26  fpinit.o(x$fpl$fpinit)
    .Lswitch.table.HAL_LTDC_SetPitch_NoReload 0x08003d5c   Data          32  stm32f4xx_hal_ltdc.o(.rodata.cst32)
    .L_MergedGlobals                         0x20000000   Data           8  stm32f4xx_hal.o(.data..L_MergedGlobals)
    [Anonymous Symbol]                       0x20000000   Section        0  stm32f4xx_hal.o(.data..L_MergedGlobals)
    .bss                                     0x20000010   Section       96  libspace.o(.bss)
    .L_MergedGlobals                         0x20000070   Data         124  main.o(.bss..L_MergedGlobals)
    [Anonymous Symbol]                       0x20000070   Section        0  main.o(.bss..L_MergedGlobals)
    FMC_Initialized                          0x200000ec   Data           1  stm32f4xx_hal_msp.o(.bss.FMC_Initialized)
    [Anonymous Symbol]                       0x200000ec   Section        0  stm32f4xx_hal_msp.o(.bss.FMC_Initialized)
    Heap_Mem                                 0x20000620   Data         512  startup_stm32f429xx.o(HEAP)
    HEAP                                     0x20000620   Section      512  startup_stm32f429xx.o(HEAP)
    Stack_Mem                                0x20000820   Data        1024  startup_stm32f429xx.o(STACK)
    STACK                                    0x20000820   Section     1024  startup_stm32f429xx.o(STACK)
    __initial_sp                             0x20000c20   Data           0  startup_stm32f429xx.o(STACK)

    Global Symbols

    Symbol Name                              Value     Ov Type        Size  Object(Section)

    BuildAttributes$$THM_ISAv4$E$P$D$K$B$S$7EM$VFPi3$EXTD16$VFPS$VFMA$PE$A:L22UL41UL21$X:L11$S22US41US21$IEEE1$IW$~IW$USESV6$~STKCKD$USESV7$~SHL$OTIME$ROPI$EBA8$UX$STANDARDLIB$REQ8$PRES8$EABIv2 0x00000000   Number         0  anon$$obj.o ABSOLUTE
    __ARM_exceptions_init                     - Undefined Weak Reference
    __alloca_initialize                       - Undefined Weak Reference
    __arm_preinit_                            - Undefined Weak Reference
    __arm_relocate_pie_                       - Undefined Weak Reference
    __cpp_initialize__aeabi_                  - Undefined Weak Reference
    __cxa_finalize                            - Undefined Weak Reference
    __rt_locale                               - Undefined Weak Reference
    __sigvec_lookup                           - Undefined Weak Reference
    _atexit_init                              - Undefined Weak Reference
    _call_atexit_fns                          - Undefined Weak Reference
    _clock_init                               - Undefined Weak Reference
    _fp_trap_init                             - Undefined Weak Reference
    _fp_trap_shutdown                         - Undefined Weak Reference
    _get_lc_collate                           - Undefined Weak Reference
    _get_lc_ctype                             - Undefined Weak Reference
    _get_lc_monetary                          - Undefined Weak Reference
    _get_lc_numeric                           - Undefined Weak Reference
    _get_lc_time                              - Undefined Weak Reference
    _getenv_init                              - Undefined Weak Reference
    _handle_redirection                       - Undefined Weak Reference
    _init_alloc                               - Undefined Weak Reference
    _init_user_alloc                          - Undefined Weak Reference
    _initio                                   - Undefined Weak Reference
    _rand_init                                - Undefined Weak Reference
    _signal_finish                            - Undefined Weak Reference
    _signal_init                              - Undefined Weak Reference
    _terminate_alloc                          - Undefined Weak Reference
    _terminate_user_alloc                     - Undefined Weak Reference
    _terminateio                              - Undefined Weak Reference
    __Vectors_Size                           0x000001ac   Number         0  startup_stm32f429xx.o ABSOLUTE
    __Vectors                                0x08000000   Data           4  startup_stm32f429xx.o(RESET)
    __Vectors_End                            0x080001ac   Data           0  startup_stm32f429xx.o(RESET)
    __main                                   0x080001ad   Thumb Code     8  __main.o(!!!main)
    __scatterload                            0x080001b5   Thumb Code     0  __scatter.o(!!!scatter)
    __scatterload_rt2                        0x080001b5   Thumb Code    44  __scatter.o(!!!scatter)
    __scatterload_rt2_thumb_only             0x080001b5   Thumb Code     0  __scatter.o(!!!scatter)
    __scatterload_null                       0x080001c3   Thumb Code     0  __scatter.o(!!!scatter)
    __scatterload_copy                       0x080001e9   Thumb Code    26  __scatter_copy.o(!!handler_copy)
    __scatterload_zeroinit                   0x08000205   Thumb Code    28  __scatter_zi.o(!!handler_zi)
    __rt_lib_init                            0x08000221   Thumb Code     0  libinit.o(.ARM.Collect$$libinit$$00000000)
    __rt_lib_init_fp_1                       0x08000223   Thumb Code     0  libinit2.o(.ARM.Collect$$libinit$$00000001)
    __rt_lib_init_alloca_1                   0x08000227   Thumb Code     0  libinit2.o(.ARM.Collect$$libinit$$00000030)
    __rt_lib_init_argv_1                     0x08000227   Thumb Code     0  libinit2.o(.ARM.Collect$$libinit$$0000002E)
    __rt_lib_init_atexit_1                   0x08000227   Thumb Code     0  libinit2.o(.ARM.Collect$$libinit$$0000001D)
    __rt_lib_init_clock_1                    0x08000227   Thumb Code     0  libinit2.o(.ARM.Collect$$libinit$$00000023)
    __rt_lib_init_cpp_1                      0x08000227   Thumb Code     0  libinit2.o(.ARM.Collect$$libinit$$00000034)
    __rt_lib_init_exceptions_1               0x08000227   Thumb Code     0  libinit2.o(.ARM.Collect$$libinit$$00000032)
    __rt_lib_init_fp_trap_1                  0x08000227   Thumb Code     0  libinit2.o(.ARM.Collect$$libinit$$00000021)
    __rt_lib_init_getenv_1                   0x08000227   Thumb Code     0  libinit2.o(.ARM.Collect$$libinit$$00000025)
    __rt_lib_init_heap_1                     0x08000227   Thumb Code     0  libinit2.o(.ARM.Collect$$libinit$$0000000C)
    __rt_lib_init_lc_collate_1               0x08000227   Thumb Code     0  libinit2.o(.ARM.Collect$$libinit$$00000013)
    __rt_lib_init_lc_ctype_1                 0x08000227   Thumb Code     0  libinit2.o(.ARM.Collect$$libinit$$00000015)
    __rt_lib_init_lc_monetary_1              0x08000227   Thumb Code     0  libinit2.o(.ARM.Collect$$libinit$$00000017)
    __rt_lib_init_lc_numeric_1               0x08000227   Thumb Code     0  libinit2.o(.ARM.Collect$$libinit$$00000019)
    __rt_lib_init_lc_time_1                  0x08000227   Thumb Code     0  libinit2.o(.ARM.Collect$$libinit$$0000001B)
    __rt_lib_init_preinit_1                  0x08000227   Thumb Code     0  libinit2.o(.ARM.Collect$$libinit$$00000006)
    __rt_lib_init_rand_1                     0x08000227   Thumb Code     0  libinit2.o(.ARM.Collect$$libinit$$00000010)
    __rt_lib_init_relocate_pie_1             0x08000227   Thumb Code     0  libinit2.o(.ARM.Collect$$libinit$$00000004)
    __rt_lib_init_return                     0x08000227   Thumb Code     0  libinit2.o(.ARM.Collect$$libinit$$00000035)
    __rt_lib_init_signal_1                   0x08000227   Thumb Code     0  libinit2.o(.ARM.Collect$$libinit$$0000001F)
    __rt_lib_init_stdio_1                    0x08000227   Thumb Code     0  libinit2.o(.ARM.Collect$$libinit$$00000027)
    __rt_lib_init_user_alloc_1               0x08000227   Thumb Code     0  libinit2.o(.ARM.Collect$$libinit$$0000000E)
    __rt_lib_shutdown                        0x08000229   Thumb Code     0  libshutdown.o(.ARM.Collect$$libshutdown$$00000000)
    __rt_lib_shutdown_cpp_1                  0x0800022b   Thumb Code     0  libshutdown2.o(.ARM.Collect$$libshutdown$$00000002)
    __rt_lib_shutdown_fp_trap_1              0x0800022b   Thumb Code     0  libshutdown2.o(.ARM.Collect$$libshutdown$$00000007)
    __rt_lib_shutdown_heap_1                 0x0800022b   Thumb Code     0  libshutdown2.o(.ARM.Collect$$libshutdown$$0000000F)
    __rt_lib_shutdown_return                 0x0800022b   Thumb Code     0  libshutdown2.o(.ARM.Collect$$libshutdown$$00000010)
    __rt_lib_shutdown_signal_1               0x0800022b   Thumb Code     0  libshutdown2.o(.ARM.Collect$$libshutdown$$0000000A)
    __rt_lib_shutdown_stdio_1                0x0800022b   Thumb Code     0  libshutdown2.o(.ARM.Collect$$libshutdown$$00000004)
    __rt_lib_shutdown_user_alloc_1           0x0800022b   Thumb Code     0  libshutdown2.o(.ARM.Collect$$libshutdown$$0000000C)
    __rt_entry                               0x0800022d   Thumb Code     0  __rtentry.o(.ARM.Collect$$rtentry$$00000000)
    __rt_entry_presh_1                       0x0800022d   Thumb Code     0  __rtentry2.o(.ARM.Collect$$rtentry$$00000002)
    __rt_entry_sh                            0x0800022d   Thumb Code     0  __rtentry4.o(.ARM.Collect$$rtentry$$00000004)
    __rt_entry_li                            0x08000233   Thumb Code     0  __rtentry2.o(.ARM.Collect$$rtentry$$0000000A)
    __rt_entry_postsh_1                      0x08000233   Thumb Code     0  __rtentry2.o(.ARM.Collect$$rtentry$$00000009)
    __rt_entry_main                          0x08000237   Thumb Code     0  __rtentry2.o(.ARM.Collect$$rtentry$$0000000D)
    __rt_entry_postli_1                      0x08000237   Thumb Code     0  __rtentry2.o(.ARM.Collect$$rtentry$$0000000C)
    __rt_exit                                0x0800023f   Thumb Code     0  rtexit.o(.ARM.Collect$$rtexit$$00000000)
    __rt_exit_ls                             0x08000241   Thumb Code     0  rtexit2.o(.ARM.Collect$$rtexit$$00000003)
    __rt_exit_prels_1                        0x08000241   Thumb Code     0  rtexit2.o(.ARM.Collect$$rtexit$$00000002)
    __rt_exit_exit                           0x08000245   Thumb Code     0  rtexit2.o(.ARM.Collect$$rtexit$$00000004)
    Reset_Handler                            0x0800024d   Thumb Code     8  startup_stm32f429xx.o(.text)
    ADC_IRQHandler                           0x08000267   Thumb Code     0  startup_stm32f429xx.o(.text)
    CAN1_RX0_IRQHandler                      0x08000267   Thumb Code     0  startup_stm32f429xx.o(.text)
    CAN1_RX1_IRQHandler                      0x08000267   Thumb Code     0  startup_stm32f429xx.o(.text)
    CAN1_SCE_IRQHandler                      0x08000267   Thumb Code     0  startup_stm32f429xx.o(.text)
    CAN1_TX_IRQHandler                       0x08000267   Thumb Code     0  startup_stm32f429xx.o(.text)
    CAN2_RX0_IRQHandler                      0x08000267   Thumb Code     0  startup_stm32f429xx.o(.text)
    CAN2_RX1_IRQHandler                      0x08000267   Thumb Code     0  startup_stm32f429xx.o(.text)
    CAN2_SCE_IRQHandler                      0x08000267   Thumb Code     0  startup_stm32f429xx.o(.text)
    CAN2_TX_IRQHandler                       0x08000267   Thumb Code     0  startup_stm32f429xx.o(.text)
    DCMI_IRQHandler                          0x08000267   Thumb Code     0  startup_stm32f429xx.o(.text)
    DMA1_Stream0_IRQHandler                  0x08000267   Thumb Code     0  startup_stm32f429xx.o(.text)
    DMA1_Stream1_IRQHandler                  0x08000267   Thumb Code     0  startup_stm32f429xx.o(.text)
    DMA1_Stream2_IRQHandler                  0x08000267   Thumb Code     0  startup_stm32f429xx.o(.text)
    DMA1_Stream3_IRQHandler                  0x08000267   Thumb Code     0  startup_stm32f429xx.o(.text)
    DMA1_Stream4_IRQHandler                  0x08000267   Thumb Code     0  startup_stm32f429xx.o(.text)
    DMA1_Stream5_IRQHandler                  0x08000267   Thumb Code     0  startup_stm32f429xx.o(.text)
    DMA1_Stream6_IRQHandler                  0x08000267   Thumb Code     0  startup_stm32f429xx.o(.text)
    DMA1_Stream7_IRQHandler                  0x08000267   Thumb Code     0  startup_stm32f429xx.o(.text)
    DMA2_Stream0_IRQHandler                  0x08000267   Thumb Code     0  startup_stm32f429xx.o(.text)
    DMA2_Stream1_IRQHandler                  0x08000267   Thumb Code     0  startup_stm32f429xx.o(.text)
    DMA2_Stream2_IRQHandler                  0x08000267   Thumb Code     0  startup_stm32f429xx.o(.text)
    DMA2_Stream3_IRQHandler                  0x08000267   Thumb Code     0  startup_stm32f429xx.o(.text)
    DMA2_Stream4_IRQHandler                  0x08000267   Thumb Code     0  startup_stm32f429xx.o(.text)
    DMA2_Stream5_IRQHandler                  0x08000267   Thumb Code     0  startup_stm32f429xx.o(.text)
    DMA2_Stream6_IRQHandler                  0x08000267   Thumb Code     0  startup_stm32f429xx.o(.text)
    DMA2_Stream7_IRQHandler                  0x08000267   Thumb Code     0  startup_stm32f429xx.o(.text)
    ETH_IRQHandler                           0x08000267   Thumb Code     0  startup_stm32f429xx.o(.text)
    ETH_WKUP_IRQHandler                      0x08000267   Thumb Code     0  startup_stm32f429xx.o(.text)
    EXTI0_IRQHandler                         0x08000267   Thumb Code     0  startup_stm32f429xx.o(.text)
    EXTI15_10_IRQHandler                     0x08000267   Thumb Code     0  startup_stm32f429xx.o(.text)
    EXTI1_IRQHandler                         0x08000267   Thumb Code     0  startup_stm32f429xx.o(.text)
    EXTI2_IRQHandler                         0x08000267   Thumb Code     0  startup_stm32f429xx.o(.text)
    EXTI3_IRQHandler                         0x08000267   Thumb Code     0  startup_stm32f429xx.o(.text)
    EXTI4_IRQHandler                         0x08000267   Thumb Code     0  startup_stm32f429xx.o(.text)
    EXTI9_5_IRQHandler                       0x08000267   Thumb Code     0  startup_stm32f429xx.o(.text)
    FLASH_IRQHandler                         0x08000267   Thumb Code     0  startup_stm32f429xx.o(.text)
    FMC_IRQHandler                           0x08000267   Thumb Code     0  startup_stm32f429xx.o(.text)
    FPU_IRQHandler                           0x08000267   Thumb Code     0  startup_stm32f429xx.o(.text)
    HASH_RNG_IRQHandler                      0x08000267   Thumb Code     0  startup_stm32f429xx.o(.text)
    I2C1_ER_IRQHandler                       0x08000267   Thumb Code     0  startup_stm32f429xx.o(.text)
    I2C1_EV_IRQHandler                       0x08000267   Thumb Code     0  startup_stm32f429xx.o(.text)
    I2C2_ER_IRQHandler                       0x08000267   Thumb Code     0  startup_stm32f429xx.o(.text)
    I2C2_EV_IRQHandler                       0x08000267   Thumb Code     0  startup_stm32f429xx.o(.text)
    I2C3_ER_IRQHandler                       0x08000267   Thumb Code     0  startup_stm32f429xx.o(.text)
    I2C3_EV_IRQHandler                       0x08000267   Thumb Code     0  startup_stm32f429xx.o(.text)
    LTDC_ER_IRQHandler                       0x08000267   Thumb Code     0  startup_stm32f429xx.o(.text)
    OTG_FS_IRQHandler                        0x08000267   Thumb Code     0  startup_stm32f429xx.o(.text)
    OTG_FS_WKUP_IRQHandler                   0x08000267   Thumb Code     0  startup_stm32f429xx.o(.text)
    OTG_HS_EP1_IN_IRQHandler                 0x08000267   Thumb Code     0  startup_stm32f429xx.o(.text)
    OTG_HS_EP1_OUT_IRQHandler                0x08000267   Thumb Code     0  startup_stm32f429xx.o(.text)
    OTG_HS_WKUP_IRQHandler                   0x08000267   Thumb Code     0  startup_stm32f429xx.o(.text)
    PVD_IRQHandler                           0x08000267   Thumb Code     0  startup_stm32f429xx.o(.text)
    RCC_IRQHandler                           0x08000267   Thumb Code     0  startup_stm32f429xx.o(.text)
    RTC_Alarm_IRQHandler                     0x08000267   Thumb Code     0  startup_stm32f429xx.o(.text)
    RTC_WKUP_IRQHandler                      0x08000267   Thumb Code     0  startup_stm32f429xx.o(.text)
    SAI1_IRQHandler                          0x08000267   Thumb Code     0  startup_stm32f429xx.o(.text)
    SDIO_IRQHandler                          0x08000267   Thumb Code     0  startup_stm32f429xx.o(.text)
    SPI1_IRQHandler                          0x08000267   Thumb Code     0  startup_stm32f429xx.o(.text)
    SPI2_IRQHandler                          0x08000267   Thumb Code     0  startup_stm32f429xx.o(.text)
    SPI3_IRQHandler                          0x08000267   Thumb Code     0  startup_stm32f429xx.o(.text)
    SPI4_IRQHandler                          0x08000267   Thumb Code     0  startup_stm32f429xx.o(.text)
    SPI5_IRQHandler                          0x08000267   Thumb Code     0  startup_stm32f429xx.o(.text)
    SPI6_IRQHandler                          0x08000267   Thumb Code     0  startup_stm32f429xx.o(.text)
    TAMP_STAMP_IRQHandler                    0x08000267   Thumb Code     0  startup_stm32f429xx.o(.text)
    TIM1_BRK_TIM9_IRQHandler                 0x08000267   Thumb Code     0  startup_stm32f429xx.o(.text)
    TIM1_CC_IRQHandler                       0x08000267   Thumb Code     0  startup_stm32f429xx.o(.text)
    TIM1_TRG_COM_TIM11_IRQHandler            0x08000267   Thumb Code     0  startup_stm32f429xx.o(.text)
    TIM1_UP_TIM10_IRQHandler                 0x08000267   Thumb Code     0  startup_stm32f429xx.o(.text)
    TIM2_IRQHandler                          0x08000267   Thumb Code     0  startup_stm32f429xx.o(.text)
    TIM3_IRQHandler                          0x08000267   Thumb Code     0  startup_stm32f429xx.o(.text)
    TIM4_IRQHandler                          0x08000267   Thumb Code     0  startup_stm32f429xx.o(.text)
    TIM5_IRQHandler                          0x08000267   Thumb Code     0  startup_stm32f429xx.o(.text)
    TIM7_IRQHandler                          0x08000267   Thumb Code     0  startup_stm32f429xx.o(.text)
    TIM8_BRK_TIM12_IRQHandler                0x08000267   Thumb Code     0  startup_stm32f429xx.o(.text)
    TIM8_CC_IRQHandler                       0x08000267   Thumb Code     0  startup_stm32f429xx.o(.text)
    TIM8_TRG_COM_TIM14_IRQHandler            0x08000267   Thumb Code     0  startup_stm32f429xx.o(.text)
    TIM8_UP_TIM13_IRQHandler                 0x08000267   Thumb Code     0  startup_stm32f429xx.o(.text)
    UART4_IRQHandler                         0x08000267   Thumb Code     0  startup_stm32f429xx.o(.text)
    UART5_IRQHandler                         0x08000267   Thumb Code     0  startup_stm32f429xx.o(.text)
    UART7_IRQHandler                         0x08000267   Thumb Code     0  startup_stm32f429xx.o(.text)
    UART8_IRQHandler                         0x08000267   Thumb Code     0  startup_stm32f429xx.o(.text)
    USART1_IRQHandler                        0x08000267   Thumb Code     0  startup_stm32f429xx.o(.text)
    USART2_IRQHandler                        0x08000267   Thumb Code     0  startup_stm32f429xx.o(.text)
    USART3_IRQHandler                        0x08000267   Thumb Code     0  startup_stm32f429xx.o(.text)
    USART6_IRQHandler                        0x08000267   Thumb Code     0  startup_stm32f429xx.o(.text)
    WWDG_IRQHandler                          0x08000267   Thumb Code     0  startup_stm32f429xx.o(.text)
    __user_initial_stackheap                 0x08000269   Thumb Code     0  startup_stm32f429xx.o(.text)
    __aeabi_uldivmod                         0x0800028d   Thumb Code     0  lludivv7m.o(.text)
    _ll_udiv                                 0x0800028d   Thumb Code   240  lludivv7m.o(.text)
    __aeabi_memclr4                          0x0800037d   Thumb Code     0  rt_memclr_w.o(.text)
    __aeabi_memclr8                          0x0800037d   Thumb Code     0  rt_memclr_w.o(.text)
    __rt_memclr_w                            0x0800037d   Thumb Code     0  rt_memclr_w.o(.text)
    _memset_w                                0x08000381   Thumb Code    74  rt_memclr_w.o(.text)
    __use_two_region_memory                  0x080003cb   Thumb Code     2  heapauxi.o(.text)
    __rt_heap_escrow$2region                 0x080003cd   Thumb Code     2  heapauxi.o(.text)
    __rt_heap_expand$2region                 0x080003cf   Thumb Code     2  heapauxi.o(.text)
    __user_setup_stackheap                   0x080003d1   Thumb Code    74  sys_stackheap_outer.o(.text)
    exit                                     0x0800041b   Thumb Code    18  exit.o(.text)
    __user_libspace                          0x0800042d   Thumb Code     8  libspace.o(.text)
    __user_perproc_libspace                  0x0800042d   Thumb Code     0  libspace.o(.text)
    __user_perthread_libspace                0x0800042d   Thumb Code     0  libspace.o(.text)
    _sys_exit                                0x08000435   Thumb Code     8  sys_exit.o(.text)
    __I$use$semihosting                      0x08000441   Thumb Code     0  use_no_semi.o(.text)
    __use_no_semihosting_swi                 0x08000441   Thumb Code     2  use_no_semi.o(.text)
    __semihosting_library_function           0x08000443   Thumb Code     0  indicate_semi.o(.text)
    BusFault_Handler                         0x08000445   Thumb Code     2  stm32f4xx_it.o(.text.BusFault_Handler)
    DMA2D_IRQHandler                         0x08000449   Thumb Code    12  stm32f4xx_it.o(.text.DMA2D_IRQHandler)
    DebugMon_Handler                         0x08000455   Thumb Code     2  stm32f4xx_it.o(.text.DebugMon_Handler)
    Error_Handler                            0x08000459   Thumb Code    10  main.o(.text.Error_Handler)
    FMC_SDRAM_Init                           0x08000465   Thumb Code   126  stm32f4xx_ll_fmc.o(.text.FMC_SDRAM_Init)
    FMC_SDRAM_Timing_Init                    0x080004e5   Thumb Code   216  stm32f4xx_ll_fmc.o(.text.FMC_SDRAM_Timing_Init)
    HAL_CRC_Init                             0x080005bd   Thumb Code    42  stm32f4xx_hal_crc.o(.text.HAL_CRC_Init)
    HAL_CRC_MspInit                          0x080005e9   Thumb Code    50  stm32f4xx_hal_msp.o(.text.HAL_CRC_MspInit)
    HAL_DMA2D_CLUTLoadingCpltCallback        0x0800061d   Thumb Code     2  stm32f4xx_hal_dma2d.o(.text.HAL_DMA2D_CLUTLoadingCpltCallback)
    HAL_DMA2D_ConfigLayer                    0x08000621   Thumb Code   152  stm32f4xx_hal_dma2d.o(.text.HAL_DMA2D_ConfigLayer)
    HAL_DMA2D_IRQHandler                     0x080006b9   Thumb Code   322  stm32f4xx_hal_dma2d.o(.text.HAL_DMA2D_IRQHandler)
    HAL_DMA2D_Init                           0x080007fd   Thumb Code    86  stm32f4xx_hal_dma2d.o(.text.HAL_DMA2D_Init)
    HAL_DMA2D_LineEventCallback              0x08000855   Thumb Code     2  stm32f4xx_hal_dma2d.o(.text.HAL_DMA2D_LineEventCallback)
    HAL_DMA2D_MspInit                        0x08000859   Thumb Code    74  stm32f4xx_hal_msp.o(.text.HAL_DMA2D_MspInit)
    HAL_Delay                                0x080008a5   Thumb Code    40  stm32f4xx_hal.o(.text.HAL_Delay)
    HAL_GPIO_Init                            0x080008cd   Thumb Code   422  stm32f4xx_hal_gpio.o(.text.HAL_GPIO_Init)
    HAL_GPIO_TogglePin                       0x08000a75   Thumb Code    16  stm32f4xx_hal_gpio.o(.text.HAL_GPIO_TogglePin)
    HAL_GPIO_WritePin                        0x08000a85   Thumb Code    10  stm32f4xx_hal_gpio.o(.text.HAL_GPIO_WritePin)
    HAL_GetTick                              0x08000a91   Thumb Code    12  stm32f4xx_hal.o(.text.HAL_GetTick)
    HAL_HCD_Connect_Callback                 0x08000a9d   Thumb Code     2  stm32f4xx_hal_hcd.o(.text.HAL_HCD_Connect_Callback)
    HAL_HCD_Disconnect_Callback              0x08000aa1   Thumb Code     2  stm32f4xx_hal_hcd.o(.text.HAL_HCD_Disconnect_Callback)
    HAL_HCD_HC_NotifyURBChange_Callback      0x08000aa5   Thumb Code     2  stm32f4xx_hal_hcd.o(.text.HAL_HCD_HC_NotifyURBChange_Callback)
    HAL_HCD_IRQHandler                       0x08000aa9   Thumb Code  1706  stm32f4xx_hal_hcd.o(.text.HAL_HCD_IRQHandler)
    HAL_HCD_Init                             0x08001155   Thumb Code   190  stm32f4xx_hal_hcd.o(.text.HAL_HCD_Init)
    HAL_HCD_MspInit                          0x08001215   Thumb Code   144  stm32f4xx_hal_msp.o(.text.HAL_HCD_MspInit)
    HAL_HCD_PortDisabled_Callback            0x080012a5   Thumb Code     2  stm32f4xx_hal_hcd.o(.text.HAL_HCD_PortDisabled_Callback)
    HAL_HCD_PortEnabled_Callback             0x080012a9   Thumb Code     2  stm32f4xx_hal_hcd.o(.text.HAL_HCD_PortEnabled_Callback)
    HAL_HCD_SOF_Callback                     0x080012ad   Thumb Code     2  stm32f4xx_hal_hcd.o(.text.HAL_HCD_SOF_Callback)
    HAL_I2CEx_ConfigAnalogFilter             0x080012b1   Thumb Code    60  stm32f4xx_hal_i2c_ex.o(.text.HAL_I2CEx_ConfigAnalogFilter)
    HAL_I2CEx_ConfigDigitalFilter            0x080012ed   Thumb Code    64  stm32f4xx_hal_i2c_ex.o(.text.HAL_I2CEx_ConfigDigitalFilter)
    HAL_I2C_Init                             0x0800132d   Thumb Code   374  stm32f4xx_hal_i2c.o(.text.HAL_I2C_Init)
    HAL_I2C_MspInit                          0x080014a5   Thumb Code   170  stm32f4xx_hal_msp.o(.text.HAL_I2C_MspInit)
    HAL_IncTick                              0x08001551   Thumb Code    26  stm32f4xx_hal.o(.text.HAL_IncTick)
    HAL_Init                                 0x0800156d   Thumb Code    54  stm32f4xx_hal.o(.text.HAL_Init)
    HAL_InitTick                             0x080015a5   Thumb Code   188  stm32f4xx_hal_timebase_tim.o(.text.HAL_InitTick)
    HAL_LTDC_ConfigLayer                     0x08001661   Thumb Code   118  stm32f4xx_hal_ltdc.o(.text.HAL_LTDC_ConfigLayer)
    HAL_LTDC_ErrorCallback                   0x080016d9   Thumb Code     2  stm32f4xx_hal_ltdc.o(.text.HAL_LTDC_ErrorCallback)
    HAL_LTDC_IRQHandler                      0x080016dd   Thumb Code   206  stm32f4xx_hal_ltdc.o(.text.HAL_LTDC_IRQHandler)
    HAL_LTDC_Init                            0x080017ad   Thumb Code   228  stm32f4xx_hal_ltdc.o(.text.HAL_LTDC_Init)
    HAL_LTDC_LineEventCallback               0x08001891   Thumb Code     2  stm32f4xx_hal_ltdc.o(.text.HAL_LTDC_LineEventCallback)
    HAL_LTDC_MspInit                         0x08001895   Thumb Code   454  stm32f4xx_hal_msp.o(.text.HAL_LTDC_MspInit)
    HAL_LTDC_ReloadEventCallback             0x08001a5d   Thumb Code     2  stm32f4xx_hal_ltdc.o(.text.HAL_LTDC_ReloadEventCallback)
    HAL_MspInit                              0x08001a61   Thumb Code    56  stm32f4xx_hal_msp.o(.text.HAL_MspInit)
    HAL_NVIC_EnableIRQ                       0x08001a99   Thumb Code    38  stm32f4xx_hal_cortex.o(.text.HAL_NVIC_EnableIRQ)
    HAL_NVIC_SetPriority                     0x08001ac1   Thumb Code    86  stm32f4xx_hal_cortex.o(.text.HAL_NVIC_SetPriority)
    HAL_NVIC_SetPriorityGrouping             0x08001b19   Thumb Code    32  stm32f4xx_hal_cortex.o(.text.HAL_NVIC_SetPriorityGrouping)
    HAL_RCCEx_PeriphCLKConfig                0x08001b39   Thumb Code   584  stm32f4xx_hal_rcc_ex.o(.text.HAL_RCCEx_PeriphCLKConfig)
    HAL_RCC_ClockConfig                      0x08001d81   Thumb Code   352  stm32f4xx_hal_rcc.o(.text.HAL_RCC_ClockConfig)
    HAL_RCC_GetClockConfig                   0x08001ee1   Thumb Code    62  stm32f4xx_hal_rcc.o(.text.HAL_RCC_GetClockConfig)
    HAL_RCC_GetPCLK1Freq                     0x08001f21   Thumb Code    38  stm32f4xx_hal_rcc.o(.text.HAL_RCC_GetPCLK1Freq)
    HAL_RCC_GetPCLK2Freq                     0x08001f49   Thumb Code    38  stm32f4xx_hal_rcc.o(.text.HAL_RCC_GetPCLK2Freq)
    HAL_RCC_GetSysClockFreq                  0x08001f71   Thumb Code   108  stm32f4xx_hal_rcc.o(.text.HAL_RCC_GetSysClockFreq)
    HAL_RCC_OscConfig                        0x08001fdd   Thumb Code   884  stm32f4xx_hal_rcc.o(.text.HAL_RCC_OscConfig)
    HAL_SDRAM_Init                           0x08002351   Thumb Code    66  stm32f4xx_hal_sdram.o(.text.HAL_SDRAM_Init)
    HAL_SDRAM_MspInit                        0x08002395   Thumb Code   222  stm32f4xx_hal_msp.o(.text.HAL_SDRAM_MspInit)
    HAL_SPI_Init                             0x08002475   Thumb Code   180  stm32f4xx_hal_spi.o(.text.HAL_SPI_Init)
    HAL_SPI_MspInit                          0x08002529   Thumb Code   106  stm32f4xx_hal_msp.o(.text.HAL_SPI_MspInit)
    HAL_TIMEx_BreakCallback                  0x08002595   Thumb Code     2  stm32f4xx_hal_tim_ex.o(.text.HAL_TIMEx_BreakCallback)
    HAL_TIMEx_CommutCallback                 0x08002599   Thumb Code     2  stm32f4xx_hal_tim_ex.o(.text.HAL_TIMEx_CommutCallback)
    HAL_TIMEx_MasterConfigSynchronization    0x0800259d   Thumb Code   182  stm32f4xx_hal_tim_ex.o(.text.HAL_TIMEx_MasterConfigSynchronization)
    HAL_TIM_Base_Init                        0x08002655   Thumb Code    90  stm32f4xx_hal_tim.o(.text.HAL_TIM_Base_Init)
    HAL_TIM_Base_MspInit                     0x080026b1   Thumb Code    54  stm32f4xx_hal_msp.o(.text.HAL_TIM_Base_MspInit)
    HAL_TIM_Base_Start_IT                    0x080026e9   Thumb Code   170  stm32f4xx_hal_tim.o(.text.HAL_TIM_Base_Start_IT)
    HAL_TIM_ConfigClockSource                0x08002795   Thumb Code   412  stm32f4xx_hal_tim.o(.text.HAL_TIM_ConfigClockSource)
    HAL_TIM_IC_CaptureCallback               0x08002931   Thumb Code     2  stm32f4xx_hal_tim.o(.text.HAL_TIM_IC_CaptureCallback)
    HAL_TIM_IRQHandler                       0x08002935   Thumb Code   368  stm32f4xx_hal_tim.o(.text.HAL_TIM_IRQHandler)
    HAL_TIM_OC_DelayElapsedCallback          0x08002aa5   Thumb Code     2  stm32f4xx_hal_tim.o(.text.HAL_TIM_OC_DelayElapsedCallback)
    HAL_TIM_PWM_PulseFinishedCallback        0x08002aa9   Thumb Code     2  stm32f4xx_hal_tim.o(.text.HAL_TIM_PWM_PulseFinishedCallback)
    HAL_TIM_PeriodElapsedCallback            0x08002aad   Thumb Code    20  main.o(.text.HAL_TIM_PeriodElapsedCallback)
    HAL_TIM_TriggerCallback                  0x08002ac1   Thumb Code     2  stm32f4xx_hal_tim.o(.text.HAL_TIM_TriggerCallback)
    HAL_UART_Init                            0x08002ac5   Thumb Code    94  stm32f4xx_hal_uart.o(.text.HAL_UART_Init)
    HAL_UART_MspInit                         0x08002b25   Thumb Code   108  stm32f4xx_hal_msp.o(.text.HAL_UART_MspInit)
    HardFault_Handler                        0x08002b91   Thumb Code     2  stm32f4xx_it.o(.text.HardFault_Handler)
    LTDC_IRQHandler                          0x08002b95   Thumb Code    12  stm32f4xx_it.o(.text.LTDC_IRQHandler)
    MemManage_Handler                        0x08002cc1   Thumb Code     2  stm32f4xx_it.o(.text.MemManage_Handler)
    NMI_Handler                              0x08002cc5   Thumb Code     2  stm32f4xx_it.o(.text.NMI_Handler)
    OTG_HS_IRQHandler                        0x08002cc9   Thumb Code    12  stm32f4xx_it.o(.text.OTG_HS_IRQHandler)
    PendSV_Handler                           0x08002cd5   Thumb Code     2  stm32f4xx_it.o(.text.PendSV_Handler)
    SVC_Handler                              0x08002cd9   Thumb Code     2  stm32f4xx_it.o(.text.SVC_Handler)
    SysTick_Handler                          0x08002cdd   Thumb Code     2  stm32f4xx_it.o(.text.SysTick_Handler)
    SystemClock_Config                       0x08002ce1   Thumb Code   172  main.o(.text.SystemClock_Config)
    SystemInit                               0x08002d8d   Thumb Code    18  system_stm32f4xx.o(.text.SystemInit)
    TIM6_DAC_IRQHandler                      0x08002da1   Thumb Code    12  stm32f4xx_it.o(.text.TIM6_DAC_IRQHandler)
    TIM_Base_SetConfig                       0x08002dad   Thumb Code   316  stm32f4xx_hal_tim.o(.text.TIM_Base_SetConfig)
    USB_CoreInit                             0x08002fd9   Thumb Code   478  stm32f4xx_ll_usb.o(.text.USB_CoreInit)
    USB_DisableGlobalInt                     0x080031b9   Thumb Code    14  stm32f4xx_ll_usb.o(.text.USB_DisableGlobalInt)
    USB_FlushRxFifo                          0x080031c9   Thumb Code   182  stm32f4xx_ll_usb.o(.text.USB_FlushRxFifo)
    USB_FlushTxFifo                          0x08003281   Thumb Code   182  stm32f4xx_ll_usb.o(.text.USB_FlushTxFifo)
    USB_GetMode                              0x08003339   Thumb Code     8  stm32f4xx_ll_usb.o(.text.USB_GetMode)
    USB_HC_Halt                              0x08003341   Thumb Code   350  stm32f4xx_ll_usb.o(.text.USB_HC_Halt)
    USB_HC_ReadInterrupt                     0x080034a1   Thumb Code     8  stm32f4xx_ll_usb.o(.text.USB_HC_ReadInterrupt)
    USB_HostInit                             0x080034a9   Thumb Code   628  stm32f4xx_ll_usb.o(.text.USB_HostInit)
    USB_InitFSLSPClkSel                      0x0800371d   Thumb Code    56  stm32f4xx_ll_usb.o(.text.USB_InitFSLSPClkSel)
    USB_ReadInterrupts                       0x08003755   Thumb Code     8  stm32f4xx_ll_usb.o(.text.USB_ReadInterrupts)
    USB_ReadPacket                           0x0800375d   Thumb Code   170  stm32f4xx_ll_usb.o(.text.USB_ReadPacket)
    USB_SetCurrentMode                       0x08003809   Thumb Code   100  stm32f4xx_ll_usb.o(.text.USB_SetCurrentMode)
    UsageFault_Handler                       0x0800386d   Thumb Code     2  stm32f4xx_it.o(.text.UsageFault_Handler)
    main                                     0x08003871   Thumb Code  1210  main.o(.text.main)
    _fp_init                                 0x08003d2b   Thumb Code    26  fpinit.o(x$fpl$fpinit)
    __fplib_config_fpu_vfp                   0x08003d43   Thumb Code     0  fpinit.o(x$fpl$fpinit)
    __fplib_config_pureend_doubles           0x08003d43   Thumb Code     0  fpinit.o(x$fpl$fpinit)
    AHBPrescTable                            0x08003d44   Data          16  system_stm32f4xx.o(.rodata.AHBPrescTable)
    APBPrescTable                            0x08003d54   Data           8  system_stm32f4xx.o(.rodata.APBPrescTable)
    Region$$Table$$Base                      0x08003d7c   Number         0  anon$$obj.o(Region$$Table)
    Region$$Table$$Limit                     0x08003d9c   Number         0  anon$$obj.o(Region$$Table)
    uwTickFreq                               0x20000000   Data           1  stm32f4xx_hal.o(.data..L_MergedGlobals)
    uwTickPrio                               0x20000004   Data           4  stm32f4xx_hal.o(.data..L_MergedGlobals)
    SystemCoreClock                          0x20000008   Data           4  system_stm32f4xx.o(.data.SystemCoreClock)
    __libspace_start                         0x20000010   Data          96  libspace.o(.bss)
    __temporary_stack_top$libspace           0x20000070   Data           0  libspace.o(.bss)
    hcrc                                     0x20000070   Data           8  main.o(.bss..L_MergedGlobals)
    hsdram1                                  0x20000078   Data          52  main.o(.bss..L_MergedGlobals)
    hdma2d                                   0x200000ac   Data          64  main.o(.bss..L_MergedGlobals)
    hhcd_USB_OTG_HS                          0x200000f0   Data         772  main.o(.bss.hhcd_USB_OTG_HS)
    hi2c3                                    0x200003f4   Data          84  main.o(.bss.hi2c3)
    hltdc                                    0x20000448   Data         168  main.o(.bss.hltdc)
    hspi5                                    0x200004f0   Data          88  main.o(.bss.hspi5)
    htim1                                    0x20000548   Data          72  main.o(.bss.htim1)
    htim6                                    0x20000590   Data          72  stm32f4xx_hal_timebase_tim.o(.bss.htim6)
    huart1                                   0x200005d8   Data          68  main.o(.bss.huart1)
    uwTick                                   0x2000061c   Data           4  stm32f4xx_hal.o(.bss.uwTick)



==============================================================================

Memory Map of the image

  Image Entry point : 0x080001ad

  Load Region LR_IROM1 (Base: 0x08000000, Size: 0x00003db0, Max: 0x00200000, ABSOLUTE)

    Execution Region ER_IROM1 (Exec base: 0x08000000, Load base: 0x08000000, Size: 0x00003d9c, Max: 0x00200000, ABSOLUTE)

    Exec Addr    Load Addr    Size         Type   Attr      Idx    E Section Name        Object

    0x08000000   0x08000000   0x000001ac   Data   RO            3    RESET               startup_stm32f429xx.o
    0x080001ac   0x080001ac   0x00000008   Code   RO         1722  * !!!main             c_w.l(__main.o)
    0x080001b4   0x080001b4   0x00000034   Code   RO         1897    !!!scatter          c_w.l(__scatter.o)
    0x080001e8   0x080001e8   0x0000001a   Code   RO         1899    !!handler_copy      c_w.l(__scatter_copy.o)
    0x08000202   0x08000202   0x00000002   PAD
    0x08000204   0x08000204   0x0000001c   Code   RO         1901    !!handler_zi        c_w.l(__scatter_zi.o)
    0x08000220   0x08000220   0x00000002   Code   RO         1759    .ARM.Collect$$libinit$$00000000  c_w.l(libinit.o)
    0x08000222   0x08000222   0x00000004   Code   RO         1771    .ARM.Collect$$libinit$$00000001  c_w.l(libinit2.o)
    0x08000226   0x08000226   0x00000000   Code   RO         1774    .ARM.Collect$$libinit$$00000004  c_w.l(libinit2.o)
    0x08000226   0x08000226   0x00000000   Code   RO         1776    .ARM.Collect$$libinit$$00000006  c_w.l(libinit2.o)
    0x08000226   0x08000226   0x00000000   Code   RO         1779    .ARM.Collect$$libinit$$0000000C  c_w.l(libinit2.o)
    0x08000226   0x08000226   0x00000000   Code   RO         1781    .ARM.Collect$$libinit$$0000000E  c_w.l(libinit2.o)
    0x08000226   0x08000226   0x00000000   Code   RO         1783    .ARM.Collect$$libinit$$00000010  c_w.l(libinit2.o)
    0x08000226   0x08000226   0x00000000   Code   RO         1786    .ARM.Collect$$libinit$$00000013  c_w.l(libinit2.o)
    0x08000226   0x08000226   0x00000000   Code   RO         1788    .ARM.Collect$$libinit$$00000015  c_w.l(libinit2.o)
    0x08000226   0x08000226   0x00000000   Code   RO         1790    .ARM.Collect$$libinit$$00000017  c_w.l(libinit2.o)
    0x08000226   0x08000226   0x00000000   Code   RO         1792    .ARM.Collect$$libinit$$00000019  c_w.l(libinit2.o)
    0x08000226   0x08000226   0x00000000   Code   RO         1794    .ARM.Collect$$libinit$$0000001B  c_w.l(libinit2.o)
    0x08000226   0x08000226   0x00000000   Code   RO         1796    .ARM.Collect$$libinit$$0000001D  c_w.l(libinit2.o)
    0x08000226   0x08000226   0x00000000   Code   RO         1798    .ARM.Collect$$libinit$$0000001F  c_w.l(libinit2.o)
    0x08000226   0x08000226   0x00000000   Code   RO         1800    .ARM.Collect$$libinit$$00000021  c_w.l(libinit2.o)
    0x08000226   0x08000226   0x00000000   Code   RO         1802    .ARM.Collect$$libinit$$00000023  c_w.l(libinit2.o)
    0x08000226   0x08000226   0x00000000   Code   RO         1804    .ARM.Collect$$libinit$$00000025  c_w.l(libinit2.o)
    0x08000226   0x08000226   0x00000000   Code   RO         1806    .ARM.Collect$$libinit$$00000027  c_w.l(libinit2.o)
    0x08000226   0x08000226   0x00000000   Code   RO         1810    .ARM.Collect$$libinit$$0000002E  c_w.l(libinit2.o)
    0x08000226   0x08000226   0x00000000   Code   RO         1812    .ARM.Collect$$libinit$$00000030  c_w.l(libinit2.o)
    0x08000226   0x08000226   0x00000000   Code   RO         1814    .ARM.Collect$$libinit$$00000032  c_w.l(libinit2.o)
    0x08000226   0x08000226   0x00000000   Code   RO         1816    .ARM.Collect$$libinit$$00000034  c_w.l(libinit2.o)
    0x08000226   0x08000226   0x00000002   Code   RO         1817    .ARM.Collect$$libinit$$00000035  c_w.l(libinit2.o)
    0x08000228   0x08000228   0x00000002   Code   RO         1852    .ARM.Collect$$libshutdown$$00000000  c_w.l(libshutdown.o)
    0x0800022a   0x0800022a   0x00000000   Code   RO         1880    .ARM.Collect$$libshutdown$$00000002  c_w.l(libshutdown2.o)
    0x0800022a   0x0800022a   0x00000000   Code   RO         1882    .ARM.Collect$$libshutdown$$00000004  c_w.l(libshutdown2.o)
    0x0800022a   0x0800022a   0x00000000   Code   RO         1885    .ARM.Collect$$libshutdown$$00000007  c_w.l(libshutdown2.o)
    0x0800022a   0x0800022a   0x00000000   Code   RO         1888    .ARM.Collect$$libshutdown$$0000000A  c_w.l(libshutdown2.o)
    0x0800022a   0x0800022a   0x00000000   Code   RO         1890    .ARM.Collect$$libshutdown$$0000000C  c_w.l(libshutdown2.o)
    0x0800022a   0x0800022a   0x00000000   Code   RO         1893    .ARM.Collect$$libshutdown$$0000000F  c_w.l(libshutdown2.o)
    0x0800022a   0x0800022a   0x00000002   Code   RO         1894    .ARM.Collect$$libshutdown$$00000010  c_w.l(libshutdown2.o)
    0x0800022c   0x0800022c   0x00000000   Code   RO         1724    .ARM.Collect$$rtentry$$00000000  c_w.l(__rtentry.o)
    0x0800022c   0x0800022c   0x00000000   Code   RO         1730    .ARM.Collect$$rtentry$$00000002  c_w.l(__rtentry2.o)
    0x0800022c   0x0800022c   0x00000006   Code   RO         1742    .ARM.Collect$$rtentry$$00000004  c_w.l(__rtentry4.o)
    0x08000232   0x08000232   0x00000000   Code   RO         1732    .ARM.Collect$$rtentry$$00000009  c_w.l(__rtentry2.o)
    0x08000232   0x08000232   0x00000004   Code   RO         1733    .ARM.Collect$$rtentry$$0000000A  c_w.l(__rtentry2.o)
    0x08000236   0x08000236   0x00000000   Code   RO         1735    .ARM.Collect$$rtentry$$0000000C  c_w.l(__rtentry2.o)
    0x08000236   0x08000236   0x00000008   Code   RO         1736    .ARM.Collect$$rtentry$$0000000D  c_w.l(__rtentry2.o)
    0x0800023e   0x0800023e   0x00000002   Code   RO         1763    .ARM.Collect$$rtexit$$00000000  c_w.l(rtexit.o)
    0x08000240   0x08000240   0x00000000   Code   RO         1823    .ARM.Collect$$rtexit$$00000002  c_w.l(rtexit2.o)
    0x08000240   0x08000240   0x00000004   Code   RO         1824    .ARM.Collect$$rtexit$$00000003  c_w.l(rtexit2.o)
    0x08000244   0x08000244   0x00000006   Code   RO         1825    .ARM.Collect$$rtexit$$00000004  c_w.l(rtexit2.o)
    0x0800024a   0x0800024a   0x00000002   PAD
    0x0800024c   0x0800024c   0x00000040   Code   RO            4    .text               startup_stm32f429xx.o
    0x0800028c   0x0800028c   0x000000f0   Code   RO         1716    .text               c_w.l(lludivv7m.o)
    0x0800037c   0x0800037c   0x0000004e   Code   RO         1718    .text               c_w.l(rt_memclr_w.o)
    0x080003ca   0x080003ca   0x00000006   Code   RO         1720    .text               c_w.l(heapauxi.o)
    0x080003d0   0x080003d0   0x0000004a   Code   RO         1746    .text               c_w.l(sys_stackheap_outer.o)
    0x0800041a   0x0800041a   0x00000012   Code   RO         1748    .text               c_w.l(exit.o)
    0x0800042c   0x0800042c   0x00000008   Code   RO         1760    .text               c_w.l(libspace.o)
    0x08000434   0x08000434   0x0000000c   Code   RO         1818    .text               c_w.l(sys_exit.o)
    0x08000440   0x08000440   0x00000002   Code   RO         1841    .text               c_w.l(use_no_semi.o)
    0x08000442   0x08000442   0x00000000   Code   RO         1843    .text               c_w.l(indicate_semi.o)
    0x08000442   0x08000442   0x00000002   PAD
    0x08000444   0x08000444   0x00000002   Code   RO           43    .text.BusFault_Handler  stm32f4xx_it.o
    0x08000446   0x08000446   0x00000002   PAD
    0x08000448   0x08000448   0x0000000c   Code   RO           61    .text.DMA2D_IRQHandler  stm32f4xx_it.o
    0x08000454   0x08000454   0x00000002   Code   RO           49    .text.DebugMon_Handler  stm32f4xx_it.o
    0x08000456   0x08000456   0x00000002   PAD
    0x08000458   0x08000458   0x0000000a   Code   RO           17    .text.Error_Handler  main.o
    0x08000462   0x08000462   0x00000002   PAD
    0x08000464   0x08000464   0x0000007e   Code   RO          664    .text.FMC_SDRAM_Init  stm32f4xx_ll_fmc.o
    0x080004e2   0x080004e2   0x00000002   PAD
    0x080004e4   0x080004e4   0x000000d8   Code   RO          666    .text.FMC_SDRAM_Timing_Init  stm32f4xx_ll_fmc.o
    0x080005bc   0x080005bc   0x0000002a   Code   RO          133    .text.HAL_CRC_Init  stm32f4xx_hal_crc.o
    0x080005e6   0x080005e6   0x00000002   PAD
    0x080005e8   0x080005e8   0x00000032   Code   RO           72    .text.HAL_CRC_MspInit  stm32f4xx_hal_msp.o
    0x0800061a   0x0800061a   0x00000002   PAD
    0x0800061c   0x0800061c   0x00000002   Code   RO          602    .text.HAL_DMA2D_CLUTLoadingCpltCallback  stm32f4xx_hal_dma2d.o
    0x0800061e   0x0800061e   0x00000002   PAD
    0x08000620   0x08000620   0x00000098   Code   RO          604    .text.HAL_DMA2D_ConfigLayer  stm32f4xx_hal_dma2d.o
    0x080006b8   0x080006b8   0x00000142   Code   RO          598    .text.HAL_DMA2D_IRQHandler  stm32f4xx_hal_dma2d.o
    0x080007fa   0x080007fa   0x00000002   PAD
    0x080007fc   0x080007fc   0x00000056   Code   RO          558    .text.HAL_DMA2D_Init  stm32f4xx_hal_dma2d.o
    0x08000852   0x08000852   0x00000002   PAD
    0x08000854   0x08000854   0x00000002   Code   RO          600    .text.HAL_DMA2D_LineEventCallback  stm32f4xx_hal_dma2d.o
    0x08000856   0x08000856   0x00000002   PAD
    0x08000858   0x08000858   0x0000004a   Code   RO           76    .text.HAL_DMA2D_MspInit  stm32f4xx_hal_msp.o
    0x080008a2   0x080008a2   0x00000002   PAD
    0x080008a4   0x080008a4   0x00000028   Code   RO          484    .text.HAL_Delay     stm32f4xx_hal.o
    0x080008cc   0x080008cc   0x000001a6   Code   RO          279    .text.HAL_GPIO_Init  stm32f4xx_hal_gpio.o
    0x08000a72   0x08000a72   0x00000002   PAD
    0x08000a74   0x08000a74   0x00000010   Code   RO          287    .text.HAL_GPIO_TogglePin  stm32f4xx_hal_gpio.o
    0x08000a84   0x08000a84   0x0000000a   Code   RO          285    .text.HAL_GPIO_WritePin  stm32f4xx_hal_gpio.o
    0x08000a8e   0x08000a8e   0x00000002   PAD
    0x08000a90   0x08000a90   0x0000000c   Code   RO          476    .text.HAL_GetTick   stm32f4xx_hal.o
    0x08000a9c   0x08000a9c   0x00000002   Code   RO         1562    .text.HAL_HCD_Connect_Callback  stm32f4xx_hal_hcd.o
    0x08000a9e   0x08000a9e   0x00000002   PAD
    0x08000aa0   0x08000aa0   0x00000002   Code   RO         1556    .text.HAL_HCD_Disconnect_Callback  stm32f4xx_hal_hcd.o
    0x08000aa2   0x08000aa2   0x00000002   PAD
    0x08000aa4   0x08000aa4   0x00000002   Code   RO         1568    .text.HAL_HCD_HC_NotifyURBChange_Callback  stm32f4xx_hal_hcd.o
    0x08000aa6   0x08000aa6   0x00000002   PAD
    0x08000aa8   0x08000aa8   0x000006aa   Code   RO         1554    .text.HAL_HCD_IRQHandler  stm32f4xx_hal_hcd.o
    0x08001152   0x08001152   0x00000002   PAD
    0x08001154   0x08001154   0x000000be   Code   RO         1540    .text.HAL_HCD_Init  stm32f4xx_hal_hcd.o
    0x08001212   0x08001212   0x00000002   PAD
    0x08001214   0x08001214   0x00000090   Code   RO          100    .text.HAL_HCD_MspInit  stm32f4xx_hal_msp.o
    0x080012a4   0x080012a4   0x00000002   Code   RO         1566    .text.HAL_HCD_PortDisabled_Callback  stm32f4xx_hal_hcd.o
    0x080012a6   0x080012a6   0x00000002   PAD
    0x080012a8   0x080012a8   0x00000002   Code   RO         1564    .text.HAL_HCD_PortEnabled_Callback  stm32f4xx_hal_hcd.o
    0x080012aa   0x080012aa   0x00000002   PAD
    0x080012ac   0x080012ac   0x00000002   Code   RO         1558    .text.HAL_HCD_SOF_Callback  stm32f4xx_hal_hcd.o
    0x080012ae   0x080012ae   0x00000002   PAD
    0x080012b0   0x080012b0   0x0000003c   Code   RO          884    .text.HAL_I2CEx_ConfigAnalogFilter  stm32f4xx_hal_i2c_ex.o
    0x080012ec   0x080012ec   0x00000040   Code   RO          886    .text.HAL_I2CEx_ConfigDigitalFilter  stm32f4xx_hal_i2c_ex.o
    0x0800132c   0x0800132c   0x00000176   Code   RO          750    .text.HAL_I2C_Init  stm32f4xx_hal_i2c.o
    0x080014a2   0x080014a2   0x00000002   PAD
    0x080014a4   0x080014a4   0x000000aa   Code   RO           80    .text.HAL_I2C_MspInit  stm32f4xx_hal_msp.o
    0x0800154e   0x0800154e   0x00000002   PAD
    0x08001550   0x08001550   0x0000001a   Code   RO          474    .text.HAL_IncTick   stm32f4xx_hal.o
    0x0800156a   0x0800156a   0x00000002   PAD
    0x0800156c   0x0800156c   0x00000036   Code   RO          464    .text.HAL_Init      stm32f4xx_hal.o
    0x080015a2   0x080015a2   0x00000002   PAD
    0x080015a4   0x080015a4   0x000000bc   Code   RO          118    .text.HAL_InitTick  stm32f4xx_hal_timebase_tim.o
    0x08001660   0x08001660   0x00000076   Code   RO          912    .text.HAL_LTDC_ConfigLayer  stm32f4xx_hal_ltdc.o
    0x080016d6   0x080016d6   0x00000002   PAD
    0x080016d8   0x080016d8   0x00000002   Code   RO          906    .text.HAL_LTDC_ErrorCallback  stm32f4xx_hal_ltdc.o
    0x080016da   0x080016da   0x00000002   PAD
    0x080016dc   0x080016dc   0x000000ce   Code   RO          904    .text.HAL_LTDC_IRQHandler  stm32f4xx_hal_ltdc.o
    0x080017aa   0x080017aa   0x00000002   PAD
    0x080017ac   0x080017ac   0x000000e4   Code   RO          896    .text.HAL_LTDC_Init  stm32f4xx_hal_ltdc.o
    0x08001890   0x08001890   0x00000002   Code   RO          908    .text.HAL_LTDC_LineEventCallback  stm32f4xx_hal_ltdc.o
    0x08001892   0x08001892   0x00000002   PAD
    0x08001894   0x08001894   0x000001c6   Code   RO           84    .text.HAL_LTDC_MspInit  stm32f4xx_hal_msp.o
    0x08001a5a   0x08001a5a   0x00000002   PAD
    0x08001a5c   0x08001a5c   0x00000002   Code   RO          910    .text.HAL_LTDC_ReloadEventCallback  stm32f4xx_hal_ltdc.o
    0x08001a5e   0x08001a5e   0x00000002   PAD
    0x08001a60   0x08001a60   0x00000038   Code   RO           70    .text.HAL_MspInit   stm32f4xx_hal_msp.o
    0x08001a98   0x08001a98   0x00000026   Code   RO          422    .text.HAL_NVIC_EnableIRQ  stm32f4xx_hal_cortex.o
    0x08001abe   0x08001abe   0x00000002   PAD
    0x08001ac0   0x08001ac0   0x00000056   Code   RO          420    .text.HAL_NVIC_SetPriority  stm32f4xx_hal_cortex.o
    0x08001b16   0x08001b16   0x00000002   PAD
    0x08001b18   0x08001b18   0x00000020   Code   RO          418    .text.HAL_NVIC_SetPriorityGrouping  stm32f4xx_hal_cortex.o
    0x08001b38   0x08001b38   0x00000248   Code   RO          191    .text.HAL_RCCEx_PeriphCLKConfig  stm32f4xx_hal_rcc_ex.o
    0x08001d80   0x08001d80   0x00000160   Code   RO          159    .text.HAL_RCC_ClockConfig  stm32f4xx_hal_rcc.o
    0x08001ee0   0x08001ee0   0x0000003e   Code   RO          177    .text.HAL_RCC_GetClockConfig  stm32f4xx_hal_rcc.o
    0x08001f1e   0x08001f1e   0x00000002   PAD
    0x08001f20   0x08001f20   0x00000026   Code   RO          171    .text.HAL_RCC_GetPCLK1Freq  stm32f4xx_hal_rcc.o
    0x08001f46   0x08001f46   0x00000002   PAD
    0x08001f48   0x08001f48   0x00000026   Code   RO          173    .text.HAL_RCC_GetPCLK2Freq  stm32f4xx_hal_rcc.o
    0x08001f6e   0x08001f6e   0x00000002   PAD
    0x08001f70   0x08001f70   0x0000006c   Code   RO          161    .text.HAL_RCC_GetSysClockFreq  stm32f4xx_hal_rcc.o
    0x08001fdc   0x08001fdc   0x00000374   Code   RO          157    .text.HAL_RCC_OscConfig  stm32f4xx_hal_rcc.o
    0x08002350   0x08002350   0x00000042   Code   RO          690    .text.HAL_SDRAM_Init  stm32f4xx_hal_sdram.o
    0x08002392   0x08002392   0x00000002   PAD
    0x08002394   0x08002394   0x000000de   Code   RO          104    .text.HAL_SDRAM_MspInit  stm32f4xx_hal_msp.o
    0x08002472   0x08002472   0x00000002   PAD
    0x08002474   0x08002474   0x000000b4   Code   RO          987    .text.HAL_SPI_Init  stm32f4xx_hal_spi.o
    0x08002528   0x08002528   0x0000006a   Code   RO           88    .text.HAL_SPI_MspInit  stm32f4xx_hal_msp.o
    0x08002592   0x08002592   0x00000002   PAD
    0x08002594   0x08002594   0x00000002   Code   RO         1406    .text.HAL_TIMEx_BreakCallback  stm32f4xx_hal_tim_ex.o
    0x08002596   0x08002596   0x00000002   PAD
    0x08002598   0x08002598   0x00000002   Code   RO         1402    .text.HAL_TIMEx_CommutCallback  stm32f4xx_hal_tim_ex.o
    0x0800259a   0x0800259a   0x00000002   PAD
    0x0800259c   0x0800259c   0x000000b6   Code   RO         1396    .text.HAL_TIMEx_MasterConfigSynchronization  stm32f4xx_hal_tim_ex.o
    0x08002652   0x08002652   0x00000002   PAD
    0x08002654   0x08002654   0x0000005a   Code   RO         1101    .text.HAL_TIM_Base_Init  stm32f4xx_hal_tim.o
    0x080026ae   0x080026ae   0x00000002   PAD
    0x080026b0   0x080026b0   0x00000036   Code   RO           92    .text.HAL_TIM_Base_MspInit  stm32f4xx_hal_msp.o
    0x080026e6   0x080026e6   0x00000002   PAD
    0x080026e8   0x080026e8   0x000000aa   Code   RO         1115    .text.HAL_TIM_Base_Start_IT  stm32f4xx_hal_tim.o
    0x08002792   0x08002792   0x00000002   PAD
    0x08002794   0x08002794   0x0000019c   Code   RO         1281    .text.HAL_TIM_ConfigClockSource  stm32f4xx_hal_tim.o
    0x08002930   0x08002930   0x00000002   Code   RO         1237    .text.HAL_TIM_IC_CaptureCallback  stm32f4xx_hal_tim.o
    0x08002932   0x08002932   0x00000002   PAD
    0x08002934   0x08002934   0x00000170   Code   RO         1235    .text.HAL_TIM_IRQHandler  stm32f4xx_hal_tim.o
    0x08002aa4   0x08002aa4   0x00000002   Code   RO         1239    .text.HAL_TIM_OC_DelayElapsedCallback  stm32f4xx_hal_tim.o
    0x08002aa6   0x08002aa6   0x00000002   PAD
    0x08002aa8   0x08002aa8   0x00000002   Code   RO         1241    .text.HAL_TIM_PWM_PulseFinishedCallback  stm32f4xx_hal_tim.o
    0x08002aaa   0x08002aaa   0x00000002   PAD
    0x08002aac   0x08002aac   0x00000014   Code   RO           19    .text.HAL_TIM_PeriodElapsedCallback  main.o
    0x08002ac0   0x08002ac0   0x00000002   Code   RO         1245    .text.HAL_TIM_TriggerCallback  stm32f4xx_hal_tim.o
    0x08002ac2   0x08002ac2   0x00000002   PAD
    0x08002ac4   0x08002ac4   0x0000005e   Code   RO         1420    .text.HAL_UART_Init  stm32f4xx_hal_uart.o
    0x08002b22   0x08002b22   0x00000002   PAD
    0x08002b24   0x08002b24   0x0000006c   Code   RO           96    .text.HAL_UART_MspInit  stm32f4xx_hal_msp.o
    0x08002b90   0x08002b90   0x00000002   Code   RO           39    .text.HardFault_Handler  stm32f4xx_it.o
    0x08002b92   0x08002b92   0x00000002   PAD
    0x08002b94   0x08002b94   0x0000000c   Code   RO           59    .text.LTDC_IRQHandler  stm32f4xx_it.o
    0x08002ba0   0x08002ba0   0x00000120   Code   RO          914    .text.LTDC_SetConfig  stm32f4xx_hal_ltdc.o
    0x08002cc0   0x08002cc0   0x00000002   Code   RO           41    .text.MemManage_Handler  stm32f4xx_it.o
    0x08002cc2   0x08002cc2   0x00000002   PAD
    0x08002cc4   0x08002cc4   0x00000002   Code   RO           37    .text.NMI_Handler   stm32f4xx_it.o
    0x08002cc6   0x08002cc6   0x00000002   PAD
    0x08002cc8   0x08002cc8   0x0000000c   Code   RO           57    .text.OTG_HS_IRQHandler  stm32f4xx_it.o
    0x08002cd4   0x08002cd4   0x00000002   Code   RO           51    .text.PendSV_Handler  stm32f4xx_it.o
    0x08002cd6   0x08002cd6   0x00000002   PAD
    0x08002cd8   0x08002cd8   0x00000002   Code   RO           47    .text.SVC_Handler   stm32f4xx_it.o
    0x08002cda   0x08002cda   0x00000002   PAD
    0x08002cdc   0x08002cdc   0x00000002   Code   RO           53    .text.SysTick_Handler  stm32f4xx_it.o
    0x08002cde   0x08002cde   0x00000002   PAD
    0x08002ce0   0x08002ce0   0x000000ac   Code   RO           13    .text.SystemClock_Config  main.o
    0x08002d8c   0x08002d8c   0x00000012   Code   RO         1700    .text.SystemInit    system_stm32f4xx.o
    0x08002d9e   0x08002d9e   0x00000002   PAD
    0x08002da0   0x08002da0   0x0000000c   Code   RO           55    .text.TIM6_DAC_IRQHandler  stm32f4xx_it.o
    0x08002dac   0x08002dac   0x0000013c   Code   RO         1105    .text.TIM_Base_SetConfig  stm32f4xx_hal_tim.o
    0x08002ee8   0x08002ee8   0x000000ee   Code   RO         1424    .text.UART_SetConfig  stm32f4xx_hal_uart.o
    0x08002fd6   0x08002fd6   0x00000002   PAD
    0x08002fd8   0x08002fd8   0x000001de   Code   RO         1596    .text.USB_CoreInit  stm32f4xx_ll_usb.o
    0x080031b6   0x080031b6   0x00000002   PAD
    0x080031b8   0x080031b8   0x0000000e   Code   RO         1602    .text.USB_DisableGlobalInt  stm32f4xx_ll_usb.o
    0x080031c6   0x080031c6   0x00000002   PAD
    0x080031c8   0x080031c8   0x000000b6   Code   RO         1614    .text.USB_FlushRxFifo  stm32f4xx_ll_usb.o
    0x0800327e   0x0800327e   0x00000002   PAD
    0x08003280   0x08003280   0x000000b6   Code   RO         1612    .text.USB_FlushTxFifo  stm32f4xx_ll_usb.o
    0x08003336   0x08003336   0x00000002   PAD
    0x08003338   0x08003338   0x00000008   Code   RO         1606    .text.USB_GetMode   stm32f4xx_ll_usb.o
    0x08003340   0x08003340   0x0000015e   Code   RO         1684    .text.USB_HC_Halt   stm32f4xx_ll_usb.o
    0x0800349e   0x0800349e   0x00000002   PAD
    0x080034a0   0x080034a0   0x00000008   Code   RO         1682    .text.USB_HC_ReadInterrupt  stm32f4xx_ll_usb.o
    0x080034a8   0x080034a8   0x00000274   Code   RO         1664    .text.USB_HostInit  stm32f4xx_ll_usb.o
    0x0800371c   0x0800371c   0x00000038   Code   RO         1666    .text.USB_InitFSLSPClkSel  stm32f4xx_ll_usb.o
    0x08003754   0x08003754   0x00000008   Code   RO         1648    .text.USB_ReadInterrupts  stm32f4xx_ll_usb.o
    0x0800375c   0x0800375c   0x000000aa   Code   RO         1634    .text.USB_ReadPacket  stm32f4xx_ll_usb.o
    0x08003806   0x08003806   0x00000002   PAD
    0x08003808   0x08003808   0x00000064   Code   RO         1604    .text.USB_SetCurrentMode  stm32f4xx_ll_usb.o
    0x0800386c   0x0800386c   0x00000002   Code   RO           45    .text.UsageFault_Handler  stm32f4xx_it.o
    0x0800386e   0x0800386e   0x00000002   PAD
    0x08003870   0x08003870   0x000004ba   Code   RO           11    .text.main          main.o
    0x08003d2a   0x08003d2a   0x0000001a   Code   RO         1835    x$fpl$fpinit        fz_wm.l(fpinit.o)
    0x08003d44   0x08003d44   0x00000010   Data   RO         1705    .rodata.AHBPrescTable  system_stm32f4xx.o
    0x08003d54   0x08003d54   0x00000008   Data   RO         1706    .rodata.APBPrescTable  system_stm32f4xx.o
    0x08003d5c   0x08003d5c   0x00000020   Data   RO          976    .rodata.cst32       stm32f4xx_hal_ltdc.o
    0x08003d7c   0x08003d7c   0x00000020   Data   RO         1896    Region$$Table       anon$$obj.o


    Execution Region RW_IRAM2 (Exec base: 0x10000000, Load base: 0x08003db0, Size: 0x00000000, Max: 0x00010000, ABSOLUTE)

    **** No section assigned to this execution region ****


    Execution Region RW_IRAM1 (Exec base: 0x20000000, Load base: 0x08003da0, Size: 0x00000c20, Max: 0x00030000, ABSOLUTE)

    Exec Addr    Load Addr    Size         Type   Attr      Idx    E Section Name        Object

    0x20000000   0x08003da0   0x00000008   Data   RW          523    .data..L_MergedGlobals  stm32f4xx_hal.o
    0x20000008   0x08003da8   0x00000004   Data   RW         1704    .data.SystemCoreClock  system_stm32f4xx.o
    0x2000000c   0x08003dac   0x00000004   PAD
    0x20000010        -       0x00000060   Zero   RW         1761    .bss                c_w.l(libspace.o)
    0x20000070        -       0x0000007c   Zero   RW           28    .bss..L_MergedGlobals  main.o
    0x200000ec        -       0x00000001   Zero   RW          108    .bss.FMC_Initialized  stm32f4xx_hal_msp.o
    0x200000ed   0x08003dac   0x00000003   PAD
    0x200000f0        -       0x00000304   Zero   RW           26    .bss.hhcd_USB_OTG_HS  main.o
    0x200003f4        -       0x00000054   Zero   RW           21    .bss.hi2c3          main.o
    0x20000448        -       0x000000a8   Zero   RW           22    .bss.hltdc          main.o
    0x200004f0        -       0x00000058   Zero   RW           23    .bss.hspi5          main.o
    0x20000548        -       0x00000048   Zero   RW           24    .bss.htim1          main.o
    0x20000590        -       0x00000048   Zero   RW          124    .bss.htim6          stm32f4xx_hal_timebase_tim.o
    0x200005d8        -       0x00000044   Zero   RW           25    .bss.huart1         main.o
    0x2000061c        -       0x00000004   Zero   RW          522    .bss.uwTick         stm32f4xx_hal.o
    0x20000620        -       0x00000200   Zero   RW            2    HEAP                startup_stm32f429xx.o
    0x20000820        -       0x00000400   Zero   RW            1    STACK               startup_stm32f429xx.o


==============================================================================

Image component sizes


      Code (inc. data)   RO Data    RW Data    ZI Data      Debug   Object Name

      1412          0          0          0       1376      18605   main.o
        64         26        428          0       1536        848   startup_stm32f429xx.o
       132          0          0          8          4       7698   stm32f4xx_hal.o
       156          0          0          0          0      10690   stm32f4xx_hal_cortex.o
        42          0          0          0          0       3800   stm32f4xx_hal_crc.o
       564          0          0          0          0      17385   stm32f4xx_hal_dma2d.o
       448          0          0          0          0       5305   stm32f4xx_hal_gpio.o
      1908         28          0          0          0      13315   stm32f4xx_hal_hcd.o
       374          0          0          0          0      53715   stm32f4xx_hal_i2c.o
       124          0          0          0          0       4122   stm32f4xx_hal_i2c_ex.o
       846          0         32          0          0      15897   stm32f4xx_hal_ltdc.o
      1438          0          0          0          1      21880   stm32f4xx_hal_msp.o
      1482          0          0          0          0       7470   stm32f4xx_hal_rcc.o
       584          0          0          0          0       5681   stm32f4xx_hal_rcc_ex.o
        66          0          0          0          0      14575   stm32f4xx_hal_sdram.o
       180          0          0          0          0      26051   stm32f4xx_hal_spi.o
      1364          0          0          0          0      55038   stm32f4xx_hal_tim.o
       186          0          0          0          0      21243   stm32f4xx_hal_tim_ex.o
       188          0          0          0         72       7473   stm32f4xx_hal_timebase_tim.o
       332          0          0          0          0      31720   stm32f4xx_hal_uart.o
        66          0          0          0          0       9630   stm32f4xx_it.o
       342          0          0          0          0      10996   stm32f4xx_ll_fmc.o
      2184          0          0          0          0      32460   stm32f4xx_ll_usb.o
        18          0         24          4          0       2695   system_stm32f4xx.o

    ----------------------------------------------------------------------
     14630         54        516         12       2996     398292   Object Totals
         0          0         32          0          0          0   (incl. Generated)
       130          0          0          0          7          0   (incl. Padding)

    ----------------------------------------------------------------------

      Code (inc. data)   RO Data    RW Data    ZI Data      Debug   Library Member Name

         8          0          0          0          0         68   __main.o
         0          0          0          0          0          0   __rtentry.o
        12          0          0          0          0          0   __rtentry2.o
         6          0          0          0          0          0   __rtentry4.o
        52          8          0          0          0          0   __scatter.o
        26          0          0          0          0          0   __scatter_copy.o
        28          0          0          0          0          0   __scatter_zi.o
        18          0          0          0          0         80   exit.o
         6          0          0          0          0        152   heapauxi.o
         0          0          0          0          0          0   indicate_semi.o
         2          0          0          0          0          0   libinit.o
         6          0          0          0          0          0   libinit2.o
         2          0          0          0          0          0   libshutdown.o
         2          0          0          0          0          0   libshutdown2.o
         8          4          0          0         96         68   libspace.o
       240          0          0          0          0        100   lludivv7m.o
        78          0          0          0          0         80   rt_memclr_w.o
         2          0          0          0          0          0   rtexit.o
        10          0          0          0          0          0   rtexit2.o
        12          4          0          0          0         68   sys_exit.o
        74          0          0          0          0         80   sys_stackheap_outer.o
         2          0          0          0          0         68   use_no_semi.o
        26          0          0          0          0        116   fpinit.o

    ----------------------------------------------------------------------
       626         16          0          0         96        880   Library Totals
         6          0          0          0          0          0   (incl. Padding)

    ----------------------------------------------------------------------

      Code (inc. data)   RO Data    RW Data    ZI Data      Debug   Library Name

       594         16          0          0         96        764   c_w.l
        26          0          0          0          0        116   fz_wm.l

    ----------------------------------------------------------------------
       626         16          0          0         96        880   Library Totals

    ----------------------------------------------------------------------

==============================================================================


      Code (inc. data)   RO Data    RW Data    ZI Data      Debug   

     15256         70        516         12       3092     398472   Grand Totals
     15256         70        516         12       3092     398472   ELF Image Totals
     15256         70        516         12          0          0   ROM Totals

==============================================================================

    Total RO  Size (Code + RO Data)                15772 (  15.40kB)
    Total RW  Size (RW Data + ZI Data)              3104 (   3.03kB)
    Total ROM Size (Code + RO Data + RW Data)      15784 (  15.41kB)

==============================================================================

