Component: Arm Compiler for Embedded 6.19 Tool: armlink [5e73cb00]

==============================================================================

Section Cross References

    stm32f4xx_it.o(.ARM.exidx.text.NMI_Handler) refers to stm32f4xx_it.o(.text.NMI_Handler) for [Anonymous Symbol]
    stm32f4xx_it.o(.ARM.exidx.text.HardFault_Handler) refers to stm32f4xx_it.o(.text.HardFault_Handler) for [Anonymous Symbol]
    stm32f4xx_it.o(.ARM.exidx.text.MemManage_Handler) refers to stm32f4xx_it.o(.text.MemManage_Handler) for [Anonymous Symbol]
    stm32f4xx_it.o(.ARM.exidx.text.BusFault_Handler) refers to stm32f4xx_it.o(.text.BusFault_Handler) for [Anonymous Symbol]
    stm32f4xx_it.o(.ARM.exidx.text.UsageFault_Handler) refers to stm32f4xx_it.o(.text.UsageFault_Handler) for [Anonymous Symbol]
    stm32f4xx_it.o(.ARM.exidx.text.SVC_Handler) refers to stm32f4xx_it.o(.text.SVC_Handler) for [Anonymous Symbol]
    stm32f4xx_it.o(.ARM.exidx.text.DebugMon_Handler) refers to stm32f4xx_it.o(.text.DebugMon_Handler) for [Anonymous Symbol]
    stm32f4xx_it.o(.ARM.exidx.text.PendSV_Handler) refers to stm32f4xx_it.o(.text.PendSV_Handler) for [Anonymous Symbol]
    stm32f4xx_it.o(.text.SysTick_Handler) refers to stm32f4xx_hal.o(.text.HAL_IncTick) for HAL_IncTick
    stm32f4xx_it.o(.ARM.exidx.text.SysTick_Handler) refers to stm32f4xx_it.o(.text.SysTick_Handler) for [Anonymous Symbol]
    stm32f4xx_it.o(.text.EXTI0_IRQHandler) refers to stm32f4xx_hal_gpio.o(.text.HAL_GPIO_EXTI_IRQHandler) for HAL_GPIO_EXTI_IRQHandler
    stm32f4xx_it.o(.ARM.exidx.text.EXTI0_IRQHandler) refers to stm32f4xx_it.o(.text.EXTI0_IRQHandler) for [Anonymous Symbol]
    stm32f4xx_it.o(.text.EXTI1_IRQHandler) refers to stm32f4xx_hal_gpio.o(.text.HAL_GPIO_EXTI_IRQHandler) for HAL_GPIO_EXTI_IRQHandler
    stm32f4xx_it.o(.ARM.exidx.text.EXTI1_IRQHandler) refers to stm32f4xx_it.o(.text.EXTI1_IRQHandler) for [Anonymous Symbol]
    stm32f4xx_it.o(.text.TIM3_IRQHandler) refers to main.o(.bss.Tim3_Handle) for Tim3_Handle
    stm32f4xx_it.o(.text.TIM3_IRQHandler) refers to stm32f4xx_hal_tim.o(.text.HAL_TIM_IRQHandler) for HAL_TIM_IRQHandler
    stm32f4xx_it.o(.ARM.exidx.text.TIM3_IRQHandler) refers to stm32f4xx_it.o(.text.TIM3_IRQHandler) for [Anonymous Symbol]
    stm32f4xx_it.o(.text.TIM4_IRQHandler) refers to main.o(.bss.Tim4_Handle) for Tim4_Handle
    stm32f4xx_it.o(.text.TIM4_IRQHandler) refers to stm32f4xx_hal_tim.o(.text.HAL_TIM_IRQHandler) for HAL_TIM_IRQHandler
    stm32f4xx_it.o(.ARM.exidx.text.TIM4_IRQHandler) refers to stm32f4xx_it.o(.text.TIM4_IRQHandler) for [Anonymous Symbol]
    main.o(.text.main) refers to stm32f4xx_hal.o(.text.HAL_Init) for HAL_Init
    main.o(.text.main) refers to stm32f4xx_hal_rcc.o(.text.HAL_RCC_OscConfig) for HAL_RCC_OscConfig
    main.o(.text.main) refers to stm32f429i_discovery.o(.text.BSP_LED_On) for BSP_LED_On
    main.o(.text.main) refers to stm32f4xx_hal_pwr_ex.o(.text.HAL_PWREx_EnableOverDrive) for HAL_PWREx_EnableOverDrive
    main.o(.text.main) refers to stm32f4xx_hal_rcc.o(.text.HAL_RCC_ClockConfig) for HAL_RCC_ClockConfig
    main.o(.text.main) refers to stm32f4xx_hal.o(.text.HAL_InitTick) for HAL_InitTick
    main.o(.text.main) refers to stm32f429i_discovery.o(.text.BSP_PB_Init) for BSP_PB_Init
    main.o(.text.main) refers to stm32f429i_discovery.o(.text.BSP_LED_Init) for BSP_LED_Init
    main.o(.text.main) refers to main.o(.text.TIM3_Config) for TIM3_Config
    main.o(.text.main) refers to system_stm32f4xx.o(.data.SystemCoreClock) for SystemCoreClock
    main.o(.text.main) refers to main.o(.bss.Tim4_PrescalerValue) for Tim4_PrescalerValue
    main.o(.text.main) refers to main.o(.bss.Tim4_Handle) for Tim4_Handle
    main.o(.text.main) refers to main.o(.bss.Tim4_CCR) for Tim4_CCR
    main.o(.text.main) refers to main.o(.text.TIM4_OC_Config) for TIM4_OC_Config
    main.o(.text.main) refers to stm32f4xx_hal_gpio.o(.text.HAL_GPIO_Init) for HAL_GPIO_Init
    main.o(.text.main) refers to stm32f4xx_hal_cortex.o(.text.HAL_NVIC_SetPriority) for HAL_NVIC_SetPriority
    main.o(.text.main) refers to stm32f4xx_hal_cortex.o(.text.HAL_NVIC_EnableIRQ) for HAL_NVIC_EnableIRQ
    main.o(.text.main) refers to stm32f429i_discovery_lcd.o(.text.BSP_LCD_Init) for BSP_LCD_Init
    main.o(.text.main) refers to stm32f429i_discovery_lcd.o(.text.BSP_LCD_LayerDefaultInit) for BSP_LCD_LayerDefaultInit
    main.o(.text.main) refers to stm32f429i_discovery_lcd.o(.text.BSP_LCD_SelectLayer) for BSP_LCD_SelectLayer
    main.o(.text.main) refers to stm32f429i_discovery_lcd.o(.text.BSP_LCD_SetLayerVisible) for BSP_LCD_SetLayerVisible
    main.o(.text.main) refers to stm32f429i_discovery_lcd.o(.text.BSP_LCD_Clear) for BSP_LCD_Clear
    main.o(.text.main) refers to stm32f429i_discovery_lcd.o(.text.BSP_LCD_DisplayOn) for BSP_LCD_DisplayOn
    main.o(.text.main) refers to stm32f429i_discovery_lcd.o(.data.Font20) for Font20
    main.o(.text.main) refers to stm32f429i_discovery_lcd.o(.text.BSP_LCD_SetFont) for BSP_LCD_SetFont
[...]
    [Anonymous Symbol]                       0x08000cf8   Section        0  stm32f429i_discovery.o(.text.BSP_LED_Init)
    [Anonymous Symbol]                       0x08000d5c   Section        0  stm32f429i_discovery.o(.text.BSP_LED_Off)
    [Anonymous Symbol]                       0x08000d7c   Section        0  stm32f429i_discovery.o(.text.BSP_LED_On)
    [Anonymous Symbol]                       0x08000d9c   Section        0  stm32f429i_discovery.o(.text.BSP_LED_Toggle)
    [Anonymous Symbol]                       0x08000dba   Section        0  stm32f429i_discovery.o(.text.BSP_PB_Init)
    [Anonymous Symbol]                       0x08000e3a   Section        0  stm32f429i_discovery_sdram.o(.text.BSP_SDRAM_Init)
    [Anonymous Symbol]                       0x08000ec2   Section        0  stm32f429i_discovery_sdram.o(.text.BSP_SDRAM_Initialization_sequence)
    [Anonymous Symbol]                       0x08000f58   Section        0  stm32f429i_discovery_sdram.o(.text.BSP_SDRAM_MspInit)
    [Anonymous Symbol]                       0x080010e4   Section        0  stm32f4xx_it.o(.text.BusFault_Handler)
    DMA2D_SetConfig                          0x080010e9   Thumb Code   162  stm32f4xx_hal_dma2d.o(.text.DMA2D_SetConfig)
    [Anonymous Symbol]                       0x080010e8   Section        0  stm32f4xx_hal_dma2d.o(.text.DMA2D_SetConfig)
    [Anonymous Symbol]                       0x0800118a   Section        0  stm32f4xx_it.o(.text.DebugMon_Handler)
    EE_Format                                0x0800118d   Thumb Code    92  hal_eeprom.o(.text.EE_Format)
    [Anonymous Symbol]                       0x0800118c   Section        0  hal_eeprom.o(.text.EE_Format)
    [Anonymous Symbol]                       0x080011e8   Section        0  hal_eeprom.o(.text.EE_Init)
    [Anonymous Symbol]                       0x080013c4   Section        0  hal_eeprom.o(.text.EE_ReadVariable)
    EE_VerifyPageFullWriteVariable           0x08001415   Thumb Code   146  hal_eeprom.o(.text.EE_VerifyPageFullWriteVariable)
    [Anonymous Symbol]                       0x08001414   Section        0  hal_eeprom.o(.text.EE_VerifyPageFullWriteVariable)
    [Anonymous Symbol]                       0x080014a8   Section        0  hal_eeprom.o(.text.EE_WriteVariable)
    [Anonymous Symbol]                       0x08001588   Section        0  stm32f4xx_it.o(.text.EXTI0_IRQHandler)
    [Anonymous Symbol]                       0x0800158e   Section        0  stm32f4xx_it.o(.text.EXTI1_IRQHandler)
    [Anonymous Symbol]                       0x08001594   Section        0  stm32f4xx_hal_flash_ex.o(.text.FLASH_Erase_Sector)
    [Anonymous Symbol]                       0x080015e8   Section        0  stm32f4xx_hal_flash_ex.o(.text.FLASH_FlushCaches)
    FLASH_SetErrorCode                       0x08001641   Thumb Code   130  stm32f4xx_hal_flash.o(.text.FLASH_SetErrorCode)
    [Anonymous Symbol]                       0x08001640   Section        0  stm32f4xx_hal_flash.o(.text.FLASH_SetErrorCode)
    [Anonymous Symbol]                       0x080016c4   Section        0  stm32f4xx_hal_flash.o(.text.FLASH_WaitForLastOperation)
    [Anonymous Symbol]                       0x0800172a   Section        0  stm32f4xx_ll_fmc.o(.text.FMC_SDRAM_Init)
    [Anonymous Symbol]                       0x080017ac   Section        0  stm32f4xx_ll_fmc.o(.text.FMC_SDRAM_ProgramRefreshRate)
    [Anonymous Symbol]                       0x080017bc   Section        0  stm32f4xx_ll_fmc.o(.text.FMC_SDRAM_SendCommand)
    [Anonymous Symbol]                       0x0800181a   Section        0  stm32f4xx_ll_fmc.o(.text.FMC_SDRAM_Timing_Init)
    FillBuffer                               0x080018f5   Thumb Code   120  stm32f429i_discovery_lcd.o(.text.FillBuffer)
    [Anonymous Symbol]                       0x080018f4   Section        0  stm32f429i_discovery_lcd.o(.text.FillBuffer)
    [Anonymous Symbol]                       0x0800196c   Section        0  stm32f4xx_hal_dma2d.o(.text.HAL_DMA2D_ConfigLayer)
    [Anonymous Symbol]                       0x08001a02   Section        0  stm32f4xx_hal_dma2d.o(.text.HAL_DMA2D_Init)
    [Anonymous Symbol]                       0x08001a56   Section        0  stm32f4xx_hal_dma2d.o(.text.HAL_DMA2D_MspInit)
    [Anonymous Symbol]                       0x08001a58   Section        0  stm32f4xx_hal_dma2d.o(.text.HAL_DMA2D_PollForTransfer)
    [Anonymous Symbol]                       0x08001b52   Section        0  stm32f4xx_hal_dma2d.o(.text.HAL_DMA2D_Start)
    [Anonymous Symbol]                       0x08001b8c   Section        0  stm32f4xx_hal_dma.o(.text.HAL_DMA_DeInit)
    [Anonymous Symbol]                       0x08001c14   Section        0  stm32f4xx_hal_dma.o(.text.HAL_DMA_Init)
    [Anonymous Symbol]                       0x08001d5c   Section        0  stm32f4xx_hal.o(.text.HAL_Delay)
    [Anonymous Symbol]                       0x08001d84   Section        0  stm32f4xx_hal_flash_ex.o(.text.HAL_FLASHEx_Erase)
    [Anonymous Symbol]                       0x08001e6a   Section        0  stm32f4xx_hal_flash.o(.text.HAL_FLASH_Program)
    [Anonymous Symbol]                       0x08001f72   Section        0  stm32f4xx_hal_flash.o(.text.HAL_FLASH_Unlock)
    [Anonymous Symbol]                       0x08001fa0   Section        0  main.o(.text.HAL_GPIO_EXTI_Callback)
    [Anonymous Symbol]                       0x080021ac   Section        0  stm32f4xx_hal_gpio.o(.text.HAL_GPIO_EXTI_IRQHandler)
    [Anonymous Symbol]                       0x080021c4   Section        0  stm32f4xx_hal_gpio.o(.text.HAL_GPIO_Init)
    [Anonymous Symbol]                       0x08002364   Section        0  stm32f4xx_hal_gpio.o(.text.HAL_GPIO_TogglePin)
    [Anonymous Symbol]                       0x08002374   Section        0  stm32f4xx_hal_gpio.o(.text.HAL_GPIO_WritePin)
    [Anonymous Symbol]                       0x0800237e   Section        0  stm32f4xx_hal.o(.text.HAL_GetTick)
    [Anonymous Symbol]                       0x0800238a   Section        0  stm32f4xx_hal.o(.text.HAL_IncTick)
    [Anonymous Symbol]                       0x080023a4   Section        0  stm32f4xx_hal.o(.text.HAL_Init)
    [Anonymous Symbol]                       0x080023d2   Section        0  stm32f4xx_hal.o(.text.HAL_InitTick)
    [Anonymous Symbol]                       0x08002422   Section        0  stm32f4xx_hal_ltdc.o(.text.HAL_LTDC_ConfigLayer)
    [Anonymous Symbol]                       0x08002498   Section        0  stm32f4xx_hal_ltdc.o(.text.HAL_LTDC_EnableDither)
    [Anonymous Symbol]                       0x080024c8   Section        0  stm32f4xx_hal_ltdc.o(.text.HAL_LTDC_Init)
    [Anonymous Symbol]                       0x080025ac   Section        0  stm32f4xx_hal_ltdc.o(.text.HAL_LTDC_MspInit)
    [Anonymous Symbol]                       0x080025ae   Section        0  stm32f4xx_hal.o(.text.HAL_MspInit)
    [Anonymous Symbol]                       0x080025b0   Section        0  stm32f4xx_hal_cortex.o(.text.HAL_NVIC_EnableIRQ)
    [Anonymous Symbol]                       0x080025d4   Section        0  stm32f4xx_hal_cortex.o(.text.HAL_NVIC_SetPriority)
    [Anonymous Symbol]                       0x0800262a   Section        0  stm32f4xx_hal_cortex.o(.text.HAL_NVIC_SetPriorityGrouping)
    [Anonymous Symbol]                       0x0800264c   Section        0  stm32f4xx_hal_pwr_ex.o(.text.HAL_PWREx_EnableOverDrive)
    [Anonymous Symbol]                       0x080026c4   Section        0  stm32f4xx_hal_rcc_ex.o(.text.HAL_RCCEx_PeriphCLKConfig)
    [Anonymous Symbol]                       0x08002900   Section        0  stm32f4xx_hal_rcc.o(.text.HAL_RCC_ClockConfig)
    [Anonymous Symbol]                       0x08002a4e   Section        0  stm32f4xx_hal_rcc.o(.text.HAL_RCC_GetSysClockFreq)
    [Anonymous Symbol]                       0x08002ab8   Section        0  stm32f4xx_hal_rcc.o(.text.HAL_RCC_OscConfig)
    [Anonymous Symbol]                       0x08002e10   Section        0  stm32f4xx_hal_rng.o(.text.HAL_RNG_GenerateRandomNumber)
    [Anonymous Symbol]                       0x08002e78   Section        0  stm32f4xx_hal_rng.o(.text.HAL_RNG_Init)
    [Anonymous Symbol]                       0x08002ea8   Section        0  stm32f4xx_hal_msp.o(.text.HAL_RNG_MspInit)
    [Anonymous Symbol]                       0x08002ecc   Section        0  stm32f4xx_hal_sdram.o(.text.HAL_SDRAM_Init)
    [Anonymous Symbol]                       0x08002f0c   Section        0  stm32f4xx_hal_sdram.o(.text.HAL_SDRAM_MspInit)
    [Anonymous Symbol]                       0x08002f0e   Section        0  stm32f4xx_hal_sdram.o(.text.HAL_SDRAM_ProgramRefreshRate)
    [Anonymous Symbol]                       0x08002f34   Section        0  stm32f4xx_hal_sdram.o(.text.HAL_SDRAM_SendCommand)
    [Anonymous Symbol]                       0x08002f66   Section        0  stm32f4xx_hal_spi.o(.text.HAL_SPI_DeInit)
    [Anonymous Symbol]                       0x08002f94   Section        0  stm32f4xx_hal_spi.o(.text.HAL_SPI_GetState)
    [Anonymous Symbol]                       0x08002f9a   Section        0  stm32f4xx_hal_spi.o(.text.HAL_SPI_Init)
    [Anonymous Symbol]                       0x0800305c   Section        0  stm32f4xx_hal_spi.o(.text.HAL_SPI_MspDeInit)
    [Anonymous Symbol]                       0x0800305e   Section        0  stm32f4xx_hal_spi.o(.text.HAL_SPI_MspInit)
    [Anonymous Symbol]                       0x08003060   Section        0  stm32f4xx_hal_spi.o(.text.HAL_SPI_Receive)
    [Anonymous Symbol]                       0x08003240   Section        0  stm32f4xx_hal_spi.o(.text.HAL_SPI_Transmit)
    [Anonymous Symbol]                       0x080033e0   Section        0  stm32f4xx_hal_spi.o(.text.HAL_SPI_TransmitReceive)
    [Anonymous Symbol]                       0x0800365a   Section        0  stm32f4xx_hal_cortex.o(.text.HAL_SYSTICK_Config)
    [Anonymous Symbol]                       0x08003686   Section        0  stm32f4xx_hal_tim_ex.o(.text.HAL_TIMEx_BreakCallback)
    [Anonymous Symbol]                       0x08003688   Section        0  stm32f4xx_hal_tim_ex.o(.text.HAL_TIMEx_CommutCallback)
    [Anonymous Symbol]                       0x0800368a   Section        0  stm32f4xx_hal_tim.o(.text.HAL_TIM_Base_Init)
    [Anonymous Symbol]                       0x080036e2   Section        0  stm32f4xx_hal_msp.o(.text.HAL_TIM_Base_MspInit)
    [Anonymous Symbol]                       0x0800371a   Section        0  stm32f4xx_hal_tim.o(.text.HAL_TIM_Base_Start_IT)
    [Anonymous Symbol]                       0x080037ba   Section        0  stm32f4xx_hal_tim.o(.text.HAL_TIM_IC_CaptureCallback)
    [Anonymous Symbol]                       0x080037bc   Section        0  stm32f4xx_hal_tim.o(.text.HAL_TIM_IRQHandler)
    [Anonymous Symbol]                       0x08003928   Section        0  stm32f4xx_hal_tim.o(.text.HAL_TIM_OC_ConfigChannel)
    [Anonymous Symbol]                       0x08003976   Section        0  main.o(.text.HAL_TIM_OC_DelayElapsedCallback)
    [Anonymous Symbol]                       0x080039f8   Section        0  stm32f4xx_hal_tim.o(.text.HAL_TIM_OC_Init)
    [Anonymous Symbol]                       0x08003a50   Section        0  stm32f4xx_hal_msp.o(.text.HAL_TIM_OC_MspInit)
    [Anonymous Symbol]                       0x08003a88   Section        0  stm32f4xx_hal_tim.o(.text.HAL_TIM_OC_Start_IT)
    [Anonymous Symbol]                       0x08003bac   Section        0  stm32f4xx_hal_tim.o(.text.HAL_TIM_PWM_PulseFinishedCallback)
    [Anonymous Symbol]                       0x08003bae   Section        0  main.o(.text.HAL_TIM_PeriodElapsedCallback)
    [Anonymous Symbol]                       0x08003bde   Section        0  stm32f4xx_hal_tim.o(.text.HAL_TIM_TriggerCallback)
    [Anonymous Symbol]                       0x08003be0   Section        0  stm32f4xx_it.o(.text.HardFault_Handler)
    [Anonymous Symbol]                       0x08003be2   Section        0  stm32f429i_discovery.o(.text.LCD_Delay)
    [Anonymous Symbol]                       0x08003be8   Section        0  main.o(.text.LCD_DisplayString)
    [Anonymous Symbol]                       0x08003c50   Section        0  stm32f429i_discovery.o(.text.LCD_IO_Init)
    [Anonymous Symbol]                       0x08003d20   Section        0  stm32f429i_discovery.o(.text.LCD_IO_ReadData)
    [Anonymous Symbol]                       0x08003d9a   Section        0  stm32f429i_discovery.o(.text.LCD_IO_WriteData)
    [Anonymous Symbol]                       0x08003dd2   Section        0  stm32f429i_discovery.o(.text.LCD_IO_WriteReg)
    LTDC_SetConfig                           0x08003e0b   Thumb Code   288  stm32f4xx_hal_ltdc.o(.text.LTDC_SetConfig)
    [Anonymous Symbol]                       0x08003e0a   Section        0  stm32f4xx_hal_ltdc.o(.text.LTDC_SetConfig)
    [Anonymous Symbol]                       0x08003f2c   Section        0  stm32f4xx_it.o(.text.MemManage_Handler)
    [Anonymous Symbol]                       0x08003f2e   Section        0  stm32f4xx_it.o(.text.NMI_Handler)
    [Anonymous Symbol]                       0x08003f30   Section        0  stm32f4xx_it.o(.text.PendSV_Handler)
    SPI_EndRxTransaction                     0x08003f33   Thumb Code    86  stm32f4xx_hal_spi.o(.text.SPI_EndRxTransaction)
    [Anonymous Symbol]                       0x08003f32   Section        0  stm32f4xx_hal_spi.o(.text.SPI_EndRxTransaction)
    SPI_EndRxTxTransaction                   0x08003f89   Thumb Code   102  stm32f4xx_hal_spi.o(.text.SPI_EndRxTxTransaction)
    [Anonymous Symbol]                       0x08003f88   Section        0  stm32f4xx_hal_spi.o(.text.SPI_EndRxTxTransaction)
    SPI_WaitFlagStateUntilTimeout            0x08003ff1   Thumb Code   218  stm32f4xx_hal_spi.o(.text.SPI_WaitFlagStateUntilTimeout)
    [Anonymous Symbol]                       0x08003ff0   Section        0  stm32f4xx_hal_spi.o(.text.SPI_WaitFlagStateUntilTimeout)
    SPIx_Init                                0x080040cb   Thumb Code   156  stm32f429i_discovery.o(.text.SPIx_Init)
    [Anonymous Symbol]                       0x080040ca   Section        0  stm32f429i_discovery.o(.text.SPIx_Init)
    SPIx_Write                               0x08004167   Thumb Code    58  stm32f429i_discovery.o(.text.SPIx_Write)
    [Anonymous Symbol]                       0x08004166   Section        0  stm32f429i_discovery.o(.text.SPIx_Write)
    [Anonymous Symbol]                       0x080041a0   Section        0  stm32f4xx_it.o(.text.SVC_Handler)
    [Anonymous Symbol]                       0x080041a2   Section        0  stm32f4xx_it.o(.text.SysTick_Handler)
    [Anonymous Symbol]                       0x080041a6   Section        0  system_stm32f4xx.o(.text.SystemInit)
    [Anonymous Symbol]                       0x080041b8   Section        0  main.o(.text.TIM3_Config)
    [Anonymous Symbol]                       0x0800422c   Section        0  stm32f4xx_it.o(.text.TIM3_IRQHandler)
    [Anonymous Symbol]                       0x08004238   Section        0  stm32f4xx_it.o(.text.TIM4_IRQHandler)
    [Anonymous Symbol]                       0x08004244   Section        0  main.o(.text.TIM4_OC_Config)
    [Anonymous Symbol]                       0x08004284   Section        0  stm32f4xx_hal_tim.o(.text.TIM_Base_SetConfig)
    TIM_OC1_SetConfig                        0x080043a1   Thumb Code   100  stm32f4xx_hal_tim.o(.text.TIM_OC1_SetConfig)
    [Anonymous Symbol]                       0x080043a0   Section        0  stm32f4xx_hal_tim.o(.text.TIM_OC1_SetConfig)
    [Anonymous Symbol]                       0x08004404   Section        0  stm32f4xx_hal_tim.o(.text.TIM_OC2_SetConfig)
    TIM_OC3_SetConfig                        0x0800446d   Thumb Code   102  stm32f4xx_hal_tim.o(.text.TIM_OC3_SetConfig)
    [Anonymous Symbol]                       0x0800446c   Section        0  stm32f4xx_hal_tim.o(.text.TIM_OC3_SetConfig)
    TIM_OC4_SetConfig                        0x080044d3   Thumb Code    78  stm32f4xx_hal_tim.o(.text.TIM_OC4_SetConfig)
    [Anonymous Symbol]                       0x080044d2   Section        0  stm32f4xx_hal_tim.o(.text.TIM_OC4_SetConfig)
    [Anonymous Symbol]                       0x08004520   Section        0  stm32f4xx_it.o(.text.UsageFault_Handler)
    [Anonymous Symbol]                       0x08004522   Section        0  ili9341.o(.text.ili9341_DisplayOff)
    [Anonymous Symbol]                       0x08004528   Section        0  ili9341.o(.text.ili9341_DisplayOn)
    [Anonymous Symbol]                       0x0800452e   Section        0  ili9341.o(.text.ili9341_GetLcdPixelHeight)
    [Anonymous Symbol]                       0x08004534   Section        0  ili9341.o(.text.ili9341_GetLcdPixelWidth)
    [Anonymous Symbol]                       0x08004538   Section        0  ili9341.o(.text.ili9341_Init)
    [Anonymous Symbol]                       0x080047ca   Section        0  ili9341.o(.text.ili9341_ReadID)
    [Anonymous Symbol]                       0x080047dc   Section        0  main.o(.text.main)
    i.__0sprintf                             0x08004a48   Section        0  printfa.o(i.__0sprintf)
    i.__scatterload_copy                     0x08004a70   Section       14  handlers.o(i.__scatterload_copy)
    i.__scatterload_null                     0x08004a7e   Section        2  handlers.o(i.__scatterload_null)
    i.__scatterload_zeroinit                 0x08004a80   Section       14  handlers.o(i.__scatterload_zeroinit)
    _fp_digits                               0x08004a91   Thumb Code   366  printfa.o(i._fp_digits)
    i._fp_digits                             0x08004a90   Section        0  printfa.o(i._fp_digits)
    _printf_core                             0x08004c15   Thumb Code  1744  printfa.o(i._printf_core)
    i._printf_core                           0x08004c14   Section        0  printfa.o(i._printf_core)
    _printf_post_padding                     0x080052f1   Thumb Code    36  printfa.o(i._printf_post_padding)
    i._printf_post_padding                   0x080052f0   Section        0  printfa.o(i._printf_post_padding)
    _printf_pre_padding                      0x08005315   Thumb Code    46  printfa.o(i._printf_pre_padding)
    i._printf_pre_padding                    0x08005314   Section        0  printfa.o(i._printf_pre_padding)
    _sputc                                   0x08005343   Thumb Code    10  printfa.o(i._sputc)
    i._sputc                                 0x08005342   Section        0  printfa.o(i._sputc)
    .Lswitch.table.HAL_TIM_IC_Start_IT       0x08007cf0   Data          16  stm32f4xx_hal_tim.o(.rodata.cst16)
    .Lswitch.table.HAL_TIM_IC_Stop_IT        0x08007d00   Data          16  stm32f4xx_hal_tim.o(.rodata.cst16)
    .Lswitch.table.HAL_LTDC_SetPitch_NoReload 0x08007d10   Data          32  stm32f4xx_hal_ltdc.o(.rodata.cst32)
    DMA_CalcBaseAndBitshift.flagBitshiftOffset 0x08007d30   Data           8  stm32f4xx_hal_dma.o(.rodata.cst8)
    [Anonymous Symbol]                       0x08007d30   Section        0  stm32f4xx_hal_dma.o(.rodata.cst8)
    .L.str.5                                 0x08007d38   Data          12  main.o(.rodata.str1.1)
    [Anonymous Symbol]                       0x08007d38   Section        0  main.o(.rodata.str1.1)
    .L.str.6                                 0x08007d44   Data           3  main.o(.rodata.str1.1)
    .L.str.8                                 0x08007d47   Data          16  main.o(.rodata.str1.1)
    ActiveLayer                              0x20000070   Data           4  stm32f429i_discovery_lcd.o(.bss.ActiveLayer)
    [Anonymous Symbol]                       0x20000070   Section        0  stm32f429i_discovery_lcd.o(.bss.ActiveLayer)
    BSP_SDRAM_Init.sdramstatus               0x20000074   Data           1  stm32f429i_discovery_sdram.o(.bss.BSP_SDRAM_Init.sdramstatus)
    [Anonymous Symbol]                       0x20000074   Section        0  stm32f429i_discovery_sdram.o(.bss.BSP_SDRAM_Init.sdramstatus)
    BSP_SDRAM_MspInit.dmaHandle              0x20000078   Data          96  stm32f429i_discovery_sdram.o(.bss.BSP_SDRAM_MspInit.dmaHandle)
    [Anonymous Symbol]                       0x20000078   Section        0  stm32f429i_discovery_sdram.o(.bss.BSP_SDRAM_MspInit.dmaHandle)
    Command                                  0x200000d8   Data          16  stm32f429i_discovery_sdram.o(.bss.Command)
    [Anonymous Symbol]                       0x200000d8   Section        0  stm32f429i_discovery_sdram.o(.bss.Command)
    Dma2dHandler                             0x200000ec   Data          64  stm32f429i_discovery_lcd.o(.bss.Dma2dHandler)
    [Anonymous Symbol]                       0x200000ec   Section        0  stm32f429i_discovery_lcd.o(.bss.Dma2dHandler)
    DrawProp                                 0x2000012c   Data          24  stm32f429i_discovery_lcd.o(.bss.DrawProp)
    [Anonymous Symbol]                       0x2000012c   Section        0  stm32f429i_discovery_lcd.o(.bss.DrawProp)
    Is_LCD_IO_Initialized                    0x2000015e   Data           1  stm32f429i_discovery.o(.bss.Is_LCD_IO_Initialized)
    [Anonymous Symbol]                       0x2000015e   Section        0  stm32f429i_discovery.o(.bss.Is_LCD_IO_Initialized)
    PeriphClkInitStruct                      0x20000210   Data          48  stm32f429i_discovery_lcd.o(.bss.PeriphClkInitStruct)
    [Anonymous Symbol]                       0x20000210   Section        0  stm32f429i_discovery_lcd.o(.bss.PeriphClkInitStruct)
    SdramHandle                              0x20000250   Data          52  stm32f429i_discovery_sdram.o(.bss.SdramHandle)
    [Anonymous Symbol]                       0x20000250   Section        0  stm32f429i_discovery_sdram.o(.bss.SdramHandle)
    SpiHandle                                0x20000284   Data          88  stm32f429i_discovery.o(.bss.SpiHandle)
    [Anonymous Symbol]                       0x20000284   Section        0  stm32f429i_discovery.o(.bss.SpiHandle)
    Timing                                   0x20000390   Data          28  stm32f429i_discovery_sdram.o(.bss.Timing)
    [Anonymous Symbol]                       0x20000390   Section        0  stm32f429i_discovery_sdram.o(.bss.Timing)
    STACK                                    0x200003e8   Section     1024  startup_stm32f429xx.o(STACK)

    Global Symbols

    Symbol Name                              Value     Ov Type        Size  Object(Section)

    BuildAttributes$$THM_ISAv4$E$P$D$K$B$S$7EM$VFPi3$EXTD16$VFPS$VFMA$PE$A:L22UL41UL21$X:L11$S22US41US21$IEEE1$IW$~IW$USESV6$~STKCKD$USESV7$~SHL$OSPACE$ROPI$EBA8$MICROLIB$REQ8$PRES8$EABIv2 0x00000000   Number         0  anon$$obj.o ABSOLUTE
    _printf_a                                0x00000000   Number         0  printfstubs.o ABSOLUTE
    _printf_c                                0x00000000   Number         0  printfstubs.o ABSOLUTE
    _printf_charcount                        0x00000000   Number         0  printfstubs.o ABSOLUTE
    _printf_d                                0x00000000   Number         0  printfstubs.o ABSOLUTE
    _printf_e                                0x00000000   Number         0  printfstubs.o ABSOLUTE
    _printf_f                                0x00000000   Number         0  printfstubs.o ABSOLUTE
    _printf_flags                            0x00000000   Number         0  printfstubs.o ABSOLUTE
    _printf_fp_dec                           0x00000000   Number         0  printfstubs.o ABSOLUTE
    _printf_fp_hex                           0x00000000   Number         0  printfstubs.o ABSOLUTE
    _printf_g                                0x00000000   Number         0  printfstubs.o ABSOLUTE
    _printf_i                                0x00000000   Number         0  printfstubs.o ABSOLUTE
    _printf_int_dec                          0x00000000   Number         0  printfstubs.o ABSOLUTE
    _printf_l                                0x00000000   Number         0  printfstubs.o ABSOLUTE
    _printf_lc                               0x00000000   Number         0  printfstubs.o ABSOLUTE
    _printf_ll                               0x00000000   Number         0  printfstubs.o ABSOLUTE
    _printf_lld                              0x00000000   Number         0  printfstubs.o ABSOLUTE
    _printf_lli                              0x00000000   Number         0  printfstubs.o ABSOLUTE
    _printf_llo                              0x00000000   Number         0  printfstubs.o ABSOLUTE
    _printf_llu                              0x00000000   Number         0  printfstubs.o ABSOLUTE
    _printf_llx                              0x00000000   Number         0  printfstubs.o ABSOLUTE
    _printf_longlong_dec                     0x00000000   Number         0  printfstubs.o ABSOLUTE
    _printf_longlong_hex                     0x00000000   Number         0  printfstubs.o ABSOLUTE
    _printf_longlong_oct                     0x00000000   Number         0  printfstubs.o ABSOLUTE
    _printf_ls                               0x00000000   Number         0  printfstubs.o ABSOLUTE
    _printf_mbtowc                           0x00000000   Number         0  printfstubs.o ABSOLUTE
    _printf_n                                0x00000000   Number         0  printfstubs.o ABSOLUTE
    _printf_o                                0x00000000   Number         0  printfstubs.o ABSOLUTE
    _printf_p                                0x00000000   Number         0  printfstubs.o ABSOLUTE
    _printf_percent                          0x00000000   Number         0  printfstubs.o ABSOLUTE
    _printf_pre_padding                      0x00000000   Number         0  printfstubs.o ABSOLUTE
    _printf_return_value                     0x00000000   Number         0  printfstubs.o ABSOLUTE
    _printf_s                                0x00000000   Number         0  printfstubs.o ABSOLUTE
    _printf_sizespec                         0x00000000   Number         0  printfstubs.o ABSOLUTE
    _printf_str                              0x00000000   Number         0  printfstubs.o ABSOLUTE
    _printf_truncate_signed                  0x00000000   Number         0  printfstubs.o ABSOLUTE
    _printf_truncate_unsigned                0x00000000   Number         0  printfstubs.o ABSOLUTE
    _printf_u                                0x00000000   Number         0  printfstubs.o ABSOLUTE
    _printf_wc                               0x00000000   Number         0  printfstubs.o ABSOLUTE
    _printf_wctomb                           0x00000000   Number         0  printfstubs.o ABSOLUTE
    _printf_widthprec                        0x00000000   Number         0  printfstubs.o ABSOLUTE
    _printf_x                                0x00000000   Number         0  printfstubs.o ABSOLUTE
    __cpp_initialize__aeabi_                  - Undefined Weak Reference
    __cxa_finalize                            - Undefined Weak Reference
    __decompress                              - Undefined Weak Reference
    _clock_init                               - Undefined Weak Reference
    _microlib_exit                            - Undefined Weak Reference
    __Vectors_Size                           0x000001ac   Number         0  startup_stm32f429xx.o ABSOLUTE
    __Vectors                                0x08000000   Data           4  startup_stm32f429xx.o(RESET)
    __Vectors_End                            0x080001ac   Data           0  startup_stm32f429xx.o(RESET)
    __main                                   0x080001ad   Thumb Code     0  entry.o(.ARM.Collect$$$$00000000)
    _main_stk                                0x080001ad   Thumb Code     0  entry2.o(.ARM.Collect$$$$00000001)
    _main_scatterload                        0x080001b1   Thumb Code     0  entry5.o(.ARM.Collect$$$$00000004)
    __main_after_scatterload                 0x080001b5   Thumb Code     0  entry5.o(.ARM.Collect$$$$00000004)
    _main_clock                              0x080001b5   Thumb Code     0  entry7b.o(.ARM.Collect$$$$00000008)
    _main_cpp_init                           0x080001b5   Thumb Code     0  entry8b.o(.ARM.Collect$$$$0000000A)
    _main_init                               0x080001b5   Thumb Code     0  entry9a.o(.ARM.Collect$$$$0000000B)
    __rt_final_cpp                           0x080001bd   Thumb Code     0  entry10a.o(.ARM.Collect$$$$0000000D)
    __rt_final_exit                          0x080001bd   Thumb Code     0  entry11a.o(.ARM.Collect$$$$0000000F)
    Reset_Handler                            0x080001c1   Thumb Code     8  startup_stm32f429xx.o(.text)
    ADC_IRQHandler                           0x080001db   Thumb Code     0  startup_stm32f429xx.o(.text)
    CAN1_RX0_IRQHandler                      0x080001db   Thumb Code     0  startup_stm32f429xx.o(.text)
    CAN1_RX1_IRQHandler                      0x080001db   Thumb Code     0  startup_stm32f429xx.o(.text)
    CAN1_SCE_IRQHandler                      0x080001db   Thumb Code     0  startup_stm32f429xx.o(.text)
    CAN1_TX_IRQHandler                       0x080001db   Thumb Code     0  startup_stm32f429xx.o(.text)
    CAN2_RX0_IRQHandler                      0x080001db   Thumb Code     0  startup_stm32f429xx.o(.text)
    CAN2_RX1_IRQHandler                      0x080001db   Thumb Code     0  startup_stm32f429xx.o(.text)
    CAN2_SCE_IRQHandler                      0x080001db   Thumb Code     0  startup_stm32f429xx.o(.text)
    CAN2_TX_IRQHandler                       0x080001db   Thumb Code     0  startup_stm32f429xx.o(.text)
    DCMI_IRQHandler                          0x080001db   Thumb Code     0  startup_stm32f429xx.o(.text)
    DMA1_Stream0_IRQHandler                  0x080001db   Thumb Code     0  startup_stm32f429xx.o(.text)
    DMA1_Stream1_IRQHandler                  0x080001db   Thumb Code     0  startup_stm32f429xx.o(.text)
    DMA1_Stream2_IRQHandler                  0x080001db   Thumb Code     0  startup_stm32f429xx.o(.text)
    DMA1_Stream3_IRQHandler                  0x080001db   Thumb Code     0  startup_stm32f429xx.o(.text)
    DMA1_Stream4_IRQHandler                  0x080001db   Thumb Code     0  startup_stm32f429xx.o(.text)
    DMA1_Stream5_IRQHandler                  0x080001db   Thumb Code     0  startup_stm32f429xx.o(.text)
    DMA1_Stream6_IRQHandler                  0x080001db   Thumb Code     0  startup_stm32f429xx.o(.text)
    DMA1_Stream7_IRQHandler                  0x080001db   Thumb Code     0  startup_stm32f429xx.o(.text)
    DMA2D_IRQHandler                         0x080001db   Thumb Code     0  startup_stm32f429xx.o(.text)
    DMA2_Stream0_IRQHandler                  0x080001db   Thumb Code     0  startup_stm32f429xx.o(.text)
    DMA2_Stream1_IRQHandler                  0x080001db   Thumb Code     0  startup_stm32f429xx.o(.text)
    DMA2_Stream2_IRQHandler                  0x080001db   Thumb Code     0  startup_stm32f429xx.o(.text)
    DMA2_Stream3_IRQHandler                  0x080001db   Thumb Code     0  startup_stm32f429xx.o(.text)
    DMA2_Stream4_IRQHandler                  0x080001db   Thumb Code     0  startup_stm32f429xx.o(.text)
    DMA2_Stream5_IRQHandler                  0x080001db   Thumb Code     0  startup_stm32f429xx.o(.text)
    DMA2_Stream6_IRQHandler                  0x080001db   Thumb Code     0  startup_stm32f429xx.o(.text)
    DMA2_Stream7_IRQHandler                  0x080001db   Thumb Code     0  startup_stm32f429xx.o(.text)
    ETH_IRQHandler                           0x080001db   Thumb Code     0  startup_stm32f429xx.o(.text)
    ETH_WKUP_IRQHandler                      0x080001db   Thumb Code     0  startup_stm32f429xx.o(.text)
    EXTI15_10_IRQHandler                     0x080001db   Thumb Code     0  startup_stm32f429xx.o(.text)
    EXTI2_IRQHandler                         0x080001db   Thumb Code     0  startup_stm32f429xx.o(.text)
    EXTI3_IRQHandler                         0x080001db   Thumb Code     0  startup_stm32f429xx.o(.text)
    EXTI4_IRQHandler                         0x080001db   Thumb Code     0  startup_stm32f429xx.o(.text)
    EXTI9_5_IRQHandler                       0x080001db   Thumb Code     0  startup_stm32f429xx.o(.text)
    FLASH_IRQHandler                         0x080001db   Thumb Code     0  startup_stm32f429xx.o(.text)
    FMC_IRQHandler                           0x080001db   Thumb Code     0  startup_stm32f429xx.o(.text)
    FPU_IRQHandler                           0x080001db   Thumb Code     0  startup_stm32f429xx.o(.text)
    HASH_RNG_IRQHandler                      0x080001db   Thumb Code     0  startup_stm32f429xx.o(.text)
    I2C1_ER_IRQHandler                       0x080001db   Thumb Code     0  startup_stm32f429xx.o(.text)
    I2C1_EV_IRQHandler                       0x080001db   Thumb Code     0  startup_stm32f429xx.o(.text)
    I2C2_ER_IRQHandler                       0x080001db   Thumb Code     0  startup_stm32f429xx.o(.text)
    I2C2_EV_IRQHandler                       0x080001db   Thumb Code     0  startup_stm32f429xx.o(.text)
    I2C3_ER_IRQHandler                       0x080001db   Thumb Code     0  startup_stm32f429xx.o(.text)
    I2C3_EV_IRQHandler                       0x080001db   Thumb Code     0  startup_stm32f429xx.o(.text)
    LTDC_ER_IRQHandler                       0x080001db   Thumb Code     0  startup_stm32f429xx.o(.text)
    LTDC_IRQHandler                          0x080001db   Thumb Code     0  startup_stm32f429xx.o(.text)
    OTG_FS_IRQHandler                        0x080001db   Thumb Code     0  startup_stm32f429xx.o(.text)
    OTG_FS_WKUP_IRQHandler                   0x080001db   Thumb Code     0  startup_stm32f429xx.o(.text)
    OTG_HS_EP1_IN_IRQHandler                 0x080001db   Thumb Code     0  startup_stm32f429xx.o(.text)
    OTG_HS_EP1_OUT_IRQHandler                0x080001db   Thumb Code     0  startup_stm32f429xx.o(.text)
    OTG_HS_IRQHandler                        0x080001db   Thumb Code     0  startup_stm32f429xx.o(.text)
    OTG_HS_WKUP_IRQHandler                   0x080001db   Thumb Code     0  startup_stm32f429xx.o(.text)
    PVD_IRQHandler                           0x080001db   Thumb Code     0  startup_stm32f429xx.o(.text)
    RCC_IRQHandler                           0x080001db   Thumb Code     0  startup_stm32f429xx.o(.text)
    RTC_Alarm_IRQHandler                     0x080001db   Thumb Code     0  startup_stm32f429xx.o(.text)
    RTC_WKUP_IRQHandler                      0x080001db   Thumb Code     0  startup_stm32f429xx.o(.text)
    SAI1_IRQHandler                          0x080001db   Thumb Code     0  startup_stm32f429xx.o(.text)
    SDIO_IRQHandler                          0x080001db   Thumb Code     0  startup_stm32f429xx.o(.text)
    SPI1_IRQHandler                          0x080001db   Thumb Code     0  startup_stm32f429xx.o(.text)
    SPI2_IRQHandler                          0x080001db   Thumb Code     0  startup_stm32f429xx.o(.text)
    SPI3_IRQHandler                          0x080001db   Thumb Code     0  startup_stm32f429xx.o(.text)
    SPI4_IRQHandler                          0x080001db   Thumb Code     0  startup_stm32f429xx.o(.text)
    SPI5_IRQHandler                          0x080001db   Thumb Code     0  startup_stm32f429xx.o(.text)
    SPI6_IRQHandler                          0x080001db   Thumb Code     0  startup_stm32f429xx.o(.text)
    TAMP_STAMP_IRQHandler                    0x080001db   Thumb Code     0  startup_stm32f429xx.o(.text)
    TIM1_BRK_TIM9_IRQHandler                 0x080001db   Thumb Code     0  startup_stm32f429xx.o(.text)
    TIM1_CC_IRQHandler                       0x080001db   Thumb Code     0  startup_stm32f429xx.o(.text)
    TIM1_TRG_COM_TIM11_IRQHandler            0x080001db   Thumb Code     0  startup_stm32f429xx.o(.text)
    TIM1_UP_TIM10_IRQHandler                 0x080001db   Thumb Code     0  startup_stm32f429xx.o(.text)
    TIM2_IRQHandler                          0x080001db   Thumb Code     0  startup_stm32f429xx.o(.text)
    TIM5_IRQHandler                          0x080001db   Thumb Code     0  startup_stm32f429xx.o(.text)
    TIM6_DAC_IRQHandler                      0x080001db   Thumb Code     0  startup_stm32f429xx.o(.text)
    TIM7_IRQHandler                          0x080001db   Thumb Code     0  startup_stm32f429xx.o(.text)
    TIM8_BRK_TIM12_IRQHandler                0x080001db   Thumb Code     0  startup_stm32f429xx.o(.text)
    TIM8_CC_IRQHandler                       0x080001db   Thumb Code     0  startup_stm32f429xx.o(.text)
    TIM8_TRG_COM_TIM14_IRQHandler            0x080001db   Thumb Code     0  startup_stm32f429xx.o(.text)
    TIM8_UP_TIM13_IRQHandler                 0x080001db   Thumb Code     0  startup_stm32f429xx.o(.text)
    UART4_IRQHandler                         0x080001db   Thumb Code     0  startup_stm32f429xx.o(.text)
    UART5_IRQHandler                         0x080001db   Thumb Code     0  startup_stm32f429xx.o(.text)
    UART7_IRQHandler                         0x080001db   Thumb Code     0  startup_stm32f429xx.o(.text)
    UART8_IRQHandler                         0x080001db   Thumb Code     0  startup_stm32f429xx.o(.text)
    USART1_IRQHandler                        0x080001db   Thumb Code     0  startup_stm32f429xx.o(.text)
    USART2_IRQHandler                        0x080001db   Thumb Code     0  startup_stm32f429xx.o(.text)
    USART3_IRQHandler                        0x080001db   Thumb Code     0  startup_stm32f429xx.o(.text)
    USART6_IRQHandler                        0x080001db   Thumb Code     0  startup_stm32f429xx.o(.text)
    WWDG_IRQHandler                          0x080001db   Thumb Code     0  startup_stm32f429xx.o(.text)
    __aeabi_uldivmod                         0x080001e5   Thumb Code    98  uldiv.o(.text)
    __aeabi_memset                           0x08000247   Thumb Code    14  memseta.o(.text)
    __aeabi_memset4                          0x08000247   Thumb Code     0  memseta.o(.text)
    __aeabi_memset8                          0x08000247   Thumb Code     0  memseta.o(.text)
    __aeabi_memclr                           0x08000255   Thumb Code     4  memseta.o(.text)
    __aeabi_memclr4                          0x08000255   Thumb Code     0  memseta.o(.text)
    __aeabi_memclr8                          0x08000255   Thumb Code     0  memseta.o(.text)
    _memset$wrapper                          0x08000259   Thumb Code    18  memseta.o(.text)
    __aeabi_uidiv                            0x0800026b   Thumb Code     0  uidiv.o(.text)
    __aeabi_uidivmod                         0x0800026b   Thumb Code    44  uidiv.o(.text)
    __aeabi_llsl                             0x08000297   Thumb Code    30  llshl.o(.text)
    _ll_shift_l                              0x08000297   Thumb Code     0  llshl.o(.text)
    __aeabi_llsr                             0x080002b5   Thumb Code    32  llushr.o(.text)
    _ll_ushift_r                             0x080002b5   Thumb Code     0  llushr.o(.text)
    __I$use$fp                               0x080002d5   Thumb Code     0  iusefp.o(.text)
    __aeabi_dadd                             0x080002d5   Thumb Code   322  dadd.o(.text)
    __aeabi_dsub                             0x08000417   Thumb Code     6  dadd.o(.text)
    __aeabi_drsub                            0x0800041d   Thumb Code     6  dadd.o(.text)
    __aeabi_dmul                             0x08000423   Thumb Code   228  dmul.o(.text)
    __aeabi_ddiv                             0x08000507   Thumb Code   222  ddiv.o(.text)
    __aeabi_d2ulz                            0x080005e5   Thumb Code    48  dfixul.o(.text)
    __aeabi_cdrcmple                         0x08000615   Thumb Code    48  cdrcmple.o(.text)
    __scatterload                            0x08000645   Thumb Code    28  init.o(.text)
    __scatterload_rt2                        0x08000645   Thumb Code     0  init.o(.text)
    __aeabi_lasr                             0x08000669   Thumb Code    36  llsshr.o(.text)
    _ll_sshift_r                             0x08000669   Thumb Code     0  llsshr.o(.text)
    _double_round                            0x0800068d   Thumb Code    30  depilogue.o(.text)
    _double_epilogue                         0x080006ab   Thumb Code   156  depilogue.o(.text)
    BSP_LCD_Clear                            0x08000747   Thumb Code    76  stm32f429i_discovery_lcd.o(.text.BSP_LCD_Clear)
    BSP_LCD_ClearStringLine                  0x08000793   Thumb Code   100  stm32f429i_discovery_lcd.o(.text.BSP_LCD_ClearStringLine)
    BSP_LCD_DisplayChar                      0x080007f9   Thumb Code   290  stm32f429i_discovery_lcd.o(.text.BSP_LCD_DisplayChar)
    BSP_LCD_DisplayOn                        0x0800091b   Thumb Code    18  stm32f429i_discovery_lcd.o(.text.BSP_LCD_DisplayOn)
    BSP_LCD_FillRect                         0x0800092d   Thumb Code   122  stm32f429i_discovery_lcd.o(.text.BSP_LCD_FillRect)
    BSP_LCD_GetFont                          0x080009a7   Thumb Code    30  stm32f429i_discovery_lcd.o(.text.BSP_LCD_GetFont)
    BSP_LCD_GetXSize                         0x080009c5   Thumb Code    18  stm32f429i_discovery_lcd.o(.text.BSP_LCD_GetXSize)
    BSP_LCD_Init                             0x080009d7   Thumb Code   186  stm32f429i_discovery_lcd.o(.text.BSP_LCD_Init)
    BSP_LCD_LayerDefaultInit                 0x08000a91   Thumb Code   150  stm32f429i_discovery_lcd.o(.text.BSP_LCD_LayerDefaultInit)
    BSP_LCD_MspInit                          0x08000b27   Thumb Code   324  stm32f429i_discovery_lcd.o(.text.BSP_LCD_MspInit)
    BSP_LCD_SelectLayer                      0x08000c6b   Thumb Code    12  stm32f429i_discovery_lcd.o(.text.BSP_LCD_SelectLayer)
    BSP_LCD_SetBackColor                     0x08000c77   Thumb Code    30  stm32f429i_discovery_lcd.o(.text.BSP_LCD_SetBackColor)
    BSP_LCD_SetFont                          0x08000c95   Thumb Code    30  stm32f429i_discovery_lcd.o(.text.BSP_LCD_SetFont)
    BSP_LCD_SetLayerVisible                  0x08000cb3   Thumb Code    42  stm32f429i_discovery_lcd.o(.text.BSP_LCD_SetLayerVisible)
    BSP_LCD_SetTextColor                     0x08000cdd   Thumb Code    28  stm32f429i_discovery_lcd.o(.text.BSP_LCD_SetTextColor)
    BSP_LED_Init                             0x08000cf9   Thumb Code   100  stm32f429i_discovery.o(.text.BSP_LED_Init)
    BSP_LED_Off                              0x08000d5d   Thumb Code    32  stm32f429i_discovery.o(.text.BSP_LED_Off)
    BSP_LED_On                               0x08000d7d   Thumb Code    32  stm32f429i_discovery.o(.text.BSP_LED_On)
    BSP_LED_Toggle                           0x08000d9d   Thumb Code    30  stm32f429i_discovery.o(.text.BSP_LED_Toggle)
    BSP_PB_Init                              0x08000dbb   Thumb Code   128  stm32f429i_discovery.o(.text.BSP_PB_Init)
    BSP_SDRAM_Init                           0x08000e3b   Thumb Code   136  stm32f429i_discovery_sdram.o(.text.BSP_SDRAM_Init)
    BSP_SDRAM_Initialization_sequence        0x08000ec3   Thumb Code   150  stm32f429i_discovery_sdram.o(.text.BSP_SDRAM_Initialization_sequence)
    BSP_SDRAM_MspInit                        0x08000f59   Thumb Code   396  stm32f429i_discovery_sdram.o(.text.BSP_SDRAM_MspInit)
    BusFault_Handler                         0x080010e5   Thumb Code     2  stm32f4xx_it.o(.text.BusFault_Handler)
    DebugMon_Handler                         0x0800118b   Thumb Code     2  stm32f4xx_it.o(.text.DebugMon_Handler)
    EE_Init                                  0x080011e9   Thumb Code   476  hal_eeprom.o(.text.EE_Init)
    EE_ReadVariable                          0x080013c5   Thumb Code    80  hal_eeprom.o(.text.EE_ReadVariable)
    EE_WriteVariable                         0x080014a9   Thumb Code   224  hal_eeprom.o(.text.EE_WriteVariable)
    EXTI0_IRQHandler                         0x08001589   Thumb Code     6  stm32f4xx_it.o(.text.EXTI0_IRQHandler)
    EXTI1_IRQHandler                         0x0800158f   Thumb Code     6  stm32f4xx_it.o(.text.EXTI1_IRQHandler)
    FLASH_Erase_Sector                       0x08001595   Thumb Code    84  stm32f4xx_hal_flash_ex.o(.text.FLASH_Erase_Sector)
    FLASH_FlushCaches                        0x080015e9   Thumb Code    88  stm32f4xx_hal_flash_ex.o(.text.FLASH_FlushCaches)
    FLASH_WaitForLastOperation               0x080016c5   Thumb Code   102  stm32f4xx_hal_flash.o(.text.FLASH_WaitForLastOperation)
    FMC_SDRAM_Init                           0x0800172b   Thumb Code   130  stm32f4xx_ll_fmc.o(.text.FMC_SDRAM_Init)
    FMC_SDRAM_ProgramRefreshRate             0x080017ad   Thumb Code    14  stm32f4xx_ll_fmc.o(.text.FMC_SDRAM_ProgramRefreshRate)
    FMC_SDRAM_SendCommand                    0x080017bd   Thumb Code    94  stm32f4xx_ll_fmc.o(.text.FMC_SDRAM_SendCommand)
    FMC_SDRAM_Timing_Init                    0x0800181b   Thumb Code   218  stm32f4xx_ll_fmc.o(.text.FMC_SDRAM_Timing_Init)
    HAL_DMA2D_ConfigLayer                    0x0800196d   Thumb Code   150  stm32f4xx_hal_dma2d.o(.text.HAL_DMA2D_ConfigLayer)
    HAL_DMA2D_Init                           0x08001a03   Thumb Code    84  stm32f4xx_hal_dma2d.o(.text.HAL_DMA2D_Init)
    HAL_DMA2D_MspInit                        0x08001a57   Thumb Code     2  stm32f4xx_hal_dma2d.o(.text.HAL_DMA2D_MspInit)
    HAL_DMA2D_PollForTransfer                0x08001a59   Thumb Code   250  stm32f4xx_hal_dma2d.o(.text.HAL_DMA2D_PollForTransfer)
    HAL_DMA2D_Start                          0x08001b53   Thumb Code    58  stm32f4xx_hal_dma2d.o(.text.HAL_DMA2D_Start)
    HAL_DMA_DeInit                           0x08001b8d   Thumb Code   134  stm32f4xx_hal_dma.o(.text.HAL_DMA_DeInit)
    HAL_DMA_Init                             0x08001c15   Thumb Code   328  stm32f4xx_hal_dma.o(.text.HAL_DMA_Init)
    HAL_Delay                                0x08001d5d   Thumb Code    40  stm32f4xx_hal.o(.text.HAL_Delay)
    HAL_FLASHEx_Erase                        0x08001d85   Thumb Code   230  stm32f4xx_hal_flash_ex.o(.text.HAL_FLASHEx_Erase)
    HAL_FLASH_Program                        0x08001e6b   Thumb Code   264  stm32f4xx_hal_flash.o(.text.HAL_FLASH_Program)
    HAL_FLASH_Unlock                         0x08001f73   Thumb Code    46  stm32f4xx_hal_flash.o(.text.HAL_FLASH_Unlock)
    HAL_GPIO_EXTI_Callback                   0x08001fa1   Thumb Code   520  main.o(.text.HAL_GPIO_EXTI_Callback)
    HAL_GPIO_EXTI_IRQHandler                 0x080021ad   Thumb Code    22  stm32f4xx_hal_gpio.o(.text.HAL_GPIO_EXTI_IRQHandler)
    HAL_GPIO_Init                            0x080021c5   Thumb Code   416  stm32f4xx_hal_gpio.o(.text.HAL_GPIO_Init)
    HAL_GPIO_TogglePin                       0x08002365   Thumb Code    16  stm32f4xx_hal_gpio.o(.text.HAL_GPIO_TogglePin)
    HAL_GPIO_WritePin                        0x08002375   Thumb Code    10  stm32f4xx_hal_gpio.o(.text.HAL_GPIO_WritePin)
    HAL_GetTick                              0x0800237f   Thumb Code    12  stm32f4xx_hal.o(.text.HAL_GetTick)
    HAL_IncTick                              0x0800238b   Thumb Code    26  stm32f4xx_hal.o(.text.HAL_IncTick)
    HAL_Init                                 0x080023a5   Thumb Code    46  stm32f4xx_hal.o(.text.HAL_Init)
    HAL_InitTick                             0x080023d3   Thumb Code    80  stm32f4xx_hal.o(.text.HAL_InitTick)
    HAL_LTDC_ConfigLayer                     0x08002423   Thumb Code   118  stm32f4xx_hal_ltdc.o(.text.HAL_LTDC_ConfigLayer)
    HAL_LTDC_EnableDither                    0x08002499   Thumb Code    48  stm32f4xx_hal_ltdc.o(.text.HAL_LTDC_EnableDither)
    HAL_LTDC_Init                            0x080024c9   Thumb Code   228  stm32f4xx_hal_ltdc.o(.text.HAL_LTDC_Init)
    HAL_LTDC_MspInit                         0x080025ad   Thumb Code     2  stm32f4xx_hal_ltdc.o(.text.HAL_LTDC_MspInit)
    HAL_MspInit                              0x080025af   Thumb Code     2  stm32f4xx_hal.o(.text.HAL_MspInit)
    HAL_NVIC_EnableIRQ                       0x080025b1   Thumb Code    36  stm32f4xx_hal_cortex.o(.text.HAL_NVIC_EnableIRQ)
    HAL_NVIC_SetPriority                     0x080025d5   Thumb Code    86  stm32f4xx_hal_cortex.o(.text.HAL_NVIC_SetPriority)
    HAL_NVIC_SetPriorityGrouping             0x0800262b   Thumb Code    32  stm32f4xx_hal_cortex.o(.text.HAL_NVIC_SetPriorityGrouping)
    HAL_PWREx_EnableOverDrive                0x0800264d   Thumb Code   120  stm32f4xx_hal_pwr_ex.o(.text.HAL_PWREx_EnableOverDrive)
    HAL_RCCEx_PeriphCLKConfig                0x080026c5   Thumb Code   570  stm32f4xx_hal_rcc_ex.o(.text.HAL_RCCEx_PeriphCLKConfig)
    HAL_RCC_ClockConfig                      0x08002901   Thumb Code   334  stm32f4xx_hal_rcc.o(.text.HAL_RCC_ClockConfig)
    HAL_RCC_GetSysClockFreq                  0x08002a4f   Thumb Code   106  stm32f4xx_hal_rcc.o(.text.HAL_RCC_GetSysClockFreq)
    HAL_RCC_OscConfig                        0x08002ab9   Thumb Code   856  stm32f4xx_hal_rcc.o(.text.HAL_RCC_OscConfig)
    HAL_RNG_GenerateRandomNumber             0x08002e11   Thumb Code   104  stm32f4xx_hal_rng.o(.text.HAL_RNG_GenerateRandomNumber)
    HAL_RNG_Init                             0x08002e79   Thumb Code    48  stm32f4xx_hal_rng.o(.text.HAL_RNG_Init)
    HAL_RNG_MspInit                          0x08002ea9   Thumb Code    36  stm32f4xx_hal_msp.o(.text.HAL_RNG_MspInit)
    HAL_SDRAM_Init                           0x08002ecd   Thumb Code    64  stm32f4xx_hal_sdram.o(.text.HAL_SDRAM_Init)
    HAL_SDRAM_MspInit                        0x08002f0d   Thumb Code     2  stm32f4xx_hal_sdram.o(.text.HAL_SDRAM_MspInit)
    HAL_SDRAM_ProgramRefreshRate             0x08002f0f   Thumb Code    38  stm32f4xx_hal_sdram.o(.text.HAL_SDRAM_ProgramRefreshRate)
    HAL_SDRAM_SendCommand                    0x08002f35   Thumb Code    50  stm32f4xx_hal_sdram.o(.text.HAL_SDRAM_SendCommand)
    HAL_SPI_DeInit                           0x08002f67   Thumb Code    46  stm32f4xx_hal_spi.o(.text.HAL_SPI_DeInit)
    HAL_SPI_GetState                         0x08002f95   Thumb Code     6  stm32f4xx_hal_spi.o(.text.HAL_SPI_GetState)
    HAL_SPI_Init                             0x08002f9b   Thumb Code   194  stm32f4xx_hal_spi.o(.text.HAL_SPI_Init)
    HAL_SPI_MspDeInit                        0x0800305d   Thumb Code     2  stm32f4xx_hal_spi.o(.text.HAL_SPI_MspDeInit)
    HAL_SPI_MspInit                          0x0800305f   Thumb Code     2  stm32f4xx_hal_spi.o(.text.HAL_SPI_MspInit)
    HAL_SPI_Receive                          0x08003061   Thumb Code   480  stm32f4xx_hal_spi.o(.text.HAL_SPI_Receive)
    HAL_SPI_Transmit                         0x08003241   Thumb Code   414  stm32f4xx_hal_spi.o(.text.HAL_SPI_Transmit)
    HAL_SPI_TransmitReceive                  0x080033e1   Thumb Code   634  stm32f4xx_hal_spi.o(.text.HAL_SPI_TransmitReceive)
    HAL_SYSTICK_Config                       0x0800365b   Thumb Code    44  stm32f4xx_hal_cortex.o(.text.HAL_SYSTICK_Config)
    HAL_TIMEx_BreakCallback                  0x08003687   Thumb Code     2  stm32f4xx_hal_tim_ex.o(.text.HAL_TIMEx_BreakCallback)
    HAL_TIMEx_CommutCallback                 0x08003689   Thumb Code     2  stm32f4xx_hal_tim_ex.o(.text.HAL_TIMEx_CommutCallback)
    HAL_TIM_Base_Init                        0x0800368b   Thumb Code    88  stm32f4xx_hal_tim.o(.text.HAL_TIM_Base_Init)
    HAL_TIM_Base_MspInit                     0x080036e3   Thumb Code    56  stm32f4xx_hal_msp.o(.text.HAL_TIM_Base_MspInit)
    HAL_TIM_Base_Start_IT                    0x0800371b   Thumb Code   160  stm32f4xx_hal_tim.o(.text.HAL_TIM_Base_Start_IT)
    HAL_TIM_IC_CaptureCallback               0x080037bb   Thumb Code     2  stm32f4xx_hal_tim.o(.text.HAL_TIM_IC_CaptureCallback)
    HAL_TIM_IRQHandler                       0x080037bd   Thumb Code   362  stm32f4xx_hal_tim.o(.text.HAL_TIM_IRQHandler)
    HAL_TIM_OC_ConfigChannel                 0x08003929   Thumb Code    78  stm32f4xx_hal_tim.o(.text.HAL_TIM_OC_ConfigChannel)
    HAL_TIM_OC_DelayElapsedCallback          0x08003977   Thumb Code   130  main.o(.text.HAL_TIM_OC_DelayElapsedCallback)
    HAL_TIM_OC_Init                          0x080039f9   Thumb Code    88  stm32f4xx_hal_tim.o(.text.HAL_TIM_OC_Init)
    HAL_TIM_OC_MspInit                       0x08003a51   Thumb Code    56  stm32f4xx_hal_msp.o(.text.HAL_TIM_OC_MspInit)
    HAL_TIM_OC_Start_IT                      0x08003a89   Thumb Code   292  stm32f4xx_hal_tim.o(.text.HAL_TIM_OC_Start_IT)
    HAL_TIM_PWM_PulseFinishedCallback        0x08003bad   Thumb Code     2  stm32f4xx_hal_tim.o(.text.HAL_TIM_PWM_PulseFinishedCallback)
    HAL_TIM_PeriodElapsedCallback            0x08003baf   Thumb Code    48  main.o(.text.HAL_TIM_PeriodElapsedCallback)
    HAL_TIM_TriggerCallback                  0x08003bdf   Thumb Code     2  stm32f4xx_hal_tim.o(.text.HAL_TIM_TriggerCallback)
    HardFault_Handler                        0x08003be1   Thumb Code     2  stm32f4xx_it.o(.text.HardFault_Handler)
    LCD_Delay                                0x08003be3   Thumb Code     4  stm32f429i_discovery.o(.text.LCD_Delay)
    LCD_DisplayString                        0x08003be9   Thumb Code   104  main.o(.text.LCD_DisplayString)
    LCD_IO_Init                              0x08003c51   Thumb Code   208  stm32f429i_discovery.o(.text.LCD_IO_Init)
    LCD_IO_ReadData                          0x08003d21   Thumb Code   122  stm32f429i_discovery.o(.text.LCD_IO_ReadData)
    LCD_IO_WriteData                         0x08003d9b   Thumb Code    56  stm32f429i_discovery.o(.text.LCD_IO_WriteData)
    LCD_IO_WriteReg                          0x08003dd3   Thumb Code    56  stm32f429i_discovery.o(.text.LCD_IO_WriteReg)
    MemManage_Handler                        0x08003f2d   Thumb Code     2  stm32f4xx_it.o(.text.MemManage_Handler)
    NMI_Handler                              0x08003f2f   Thumb Code     2  stm32f4xx_it.o(.text.NMI_Handler)
    PendSV_Handler                           0x08003f31   Thumb Code     2  stm32f4xx_it.o(.text.PendSV_Handler)
    SVC_Handler                              0x080041a1   Thumb Code     2  stm32f4xx_it.o(.text.SVC_Handler)
    SysTick_Handler                          0x080041a3   Thumb Code     4  stm32f4xx_it.o(.text.SysTick_Handler)
    SystemInit                               0x080041a7   Thumb Code    18  system_stm32f4xx.o(.text.SystemInit)
    TIM3_Config                              0x080041b9   Thumb Code   116  main.o(.text.TIM3_Config)
    TIM3_IRQHandler                          0x0800422d   Thumb Code    12  stm32f4xx_it.o(.text.TIM3_IRQHandler)
    TIM4_IRQHandler                          0x08004239   Thumb Code    12  stm32f4xx_it.o(.text.TIM4_IRQHandler)
    TIM4_OC_Config                           0x08004245   Thumb Code    64  main.o(.text.TIM4_OC_Config)
    TIM_Base_SetConfig                       0x08004285   Thumb Code   284  stm32f4xx_hal_tim.o(.text.TIM_Base_SetConfig)
    TIM_OC2_SetConfig                        0x08004405   Thumb Code   104  stm32f4xx_hal_tim.o(.text.TIM_OC2_SetConfig)
    UsageFault_Handler                       0x08004521   Thumb Code     2  stm32f4xx_it.o(.text.UsageFault_Handler)
    ili9341_DisplayOff                       0x08004523   Thumb Code     6  ili9341.o(.text.ili9341_DisplayOff)
    ili9341_DisplayOn                        0x08004529   Thumb Code     6  ili9341.o(.text.ili9341_DisplayOn)
    ili9341_GetLcdPixelHeight                0x0800452f   Thumb Code     6  ili9341.o(.text.ili9341_GetLcdPixelHeight)
    ili9341_GetLcdPixelWidth                 0x08004535   Thumb Code     4  ili9341.o(.text.ili9341_GetLcdPixelWidth)
    ili9341_Init                             0x08004539   Thumb Code   658  ili9341.o(.text.ili9341_Init)
    ili9341_ReadID                           0x080047cb   Thumb Code    18  ili9341.o(.text.ili9341_ReadID)
    main                                     0x080047dd   Thumb Code   560  main.o(.text.main)
    __0sprintf                               0x08004a49   Thumb Code    34  printfa.o(i.__0sprintf)
    __1sprintf                               0x08004a49   Thumb Code     0  printfa.o(i.__0sprintf)
    __2sprintf                               0x08004a49   Thumb Code     0  printfa.o(i.__0sprintf)
    __c89sprintf                             0x08004a49   Thumb Code     0  printfa.o(i.__0sprintf)
    sprintf                                  0x08004a49   Thumb Code     0  printfa.o(i.__0sprintf)
    __scatterload_copy                       0x08004a71   Thumb Code    14  handlers.o(i.__scatterload_copy)
    __scatterload_null                       0x08004a7f   Thumb Code     2  handlers.o(i.__scatterload_null)
    __scatterload_zeroinit                   0x08004a81   Thumb Code    14  handlers.o(i.__scatterload_zeroinit)
    AHBPrescTable                            0x0800534c   Data          16  system_stm32f4xx.o(.rodata.AHBPrescTable)
    Font20_Table                             0x0800535c   Data        3800  stm32f429i_discovery_lcd.o(.rodata.Font20_Table)
    Font24_Table                             0x08006234   Data        6840  stm32f429i_discovery_lcd.o(.rodata.Font24_Table)
    GPIO_PIN                                 0x08007cec   Data           4  stm32f429i_discovery.o(.rodata.GPIO_PIN)
    Region$$Table$$Base                      0x08007d58   Number         0  anon$$obj.o(Region$$Table)
    Region$$Table$$Limit                     0x08007d78   Number         0  anon$$obj.o(Region$$Table)
    BUTTON_PORT                              0x20000000   Data           4  stm32f429i_discovery.o(.data.BUTTON_PORT)
    Font20                                   0x20000004   Data           8  stm32f429i_discovery_lcd.o(.data.Font20)
    Font24                                   0x2000000c   Data           8  stm32f429i_discovery_lcd.o(.data.Font24)
    GPIO_PORT                                0x20000014   Data           8  stm32f429i_discovery.o(.data.GPIO_PORT)
    SpixTimeout                              0x2000001c   Data           4  stm32f429i_discovery.o(.data.SpixTimeout)
    SystemCoreClock                          0x20000020   Data           4  system_stm32f4xx.o(.data.SystemCoreClock)
    VirtAddVarTab                            0x20000024   Data           6  main.o(.data.VirtAddVarTab)
    ili9341_drv                              0x2000002c   Data          56  ili9341.o(.data.ili9341_drv)
    uwTickFreq                               0x20000064   Data           1  stm32f4xx_hal.o(.data.uwTickFreq)
    uwTickPrio                               0x20000068   Data           4  stm32f4xx_hal.o(.data.uwTickPrio)
    DataVar                                  0x200000e8   Data           2  hal_eeprom.o(.bss.DataVar)
    EEREAD                                   0x20000144   Data           2  main.o(.bss.EEREAD)
    FlashErase_InitStructure                 0x20000148   Data          20  hal_eeprom.o(.bss.FlashErase_InitStructure)
    HalStatus                                0x2000015c   Data           1  hal_eeprom.o(.bss.HalStatus)
    Hal_status                               0x2000015d   Data           1  main.o(.bss.Hal_status)
    LcdDrv                                   0x20000160   Data           4  stm32f429i_discovery_lcd.o(.bss.LcdDrv)
    LtdcHandler                              0x20000164   Data         168  stm32f429i_discovery_lcd.o(.bss.LtdcHandler)
    OC_Count                                 0x2000020c   Data           2  main.o(.bss.OC_Count)
    Rng_Handle                               0x20000240   Data          16  main.o(.bss.Rng_Handle)
    Tim3_Handle                              0x200002dc   Data          72  main.o(.bss.Tim3_Handle)
    Tim3_PrescalerValue                      0x20000324   Data           2  main.o(.bss.Tim3_PrescalerValue)
    Tim4_CCR                                 0x20000326   Data           2  main.o(.bss.Tim4_CCR)
    Tim4_Handle                              0x20000328   Data          72  main.o(.bss.Tim4_Handle)
    Tim4_OCInitStructure                     0x20000370   Data          28  main.o(.bss.Tim4_OCInitStructure)
    Tim4_PrescalerValue                      0x2000038c   Data           2  main.o(.bss.Tim4_PrescalerValue)
    UBPressed                                0x200003ac   Data           1  main.o(.bss.UBPressed)
    error                                    0x200003b0   Data           4  hal_eeprom.o(.bss.error)
    extern_UBPressed                         0x200003b4   Data           1  main.o(.bss.extern_UBPressed)
    pFlash                                   0x200003b8   Data          32  stm32f4xx_hal_flash.o(.bss.pFlash)
    random                                   0x200003d8   Data           4  main.o(.bss.random)
    reactionTime                             0x200003dc   Data           2  main.o(.bss.reactionTime)
    state                                    0x200003e0   Data           4  main.o(.bss.state)
    uwTick                                   0x200003e4   Data           4  stm32f4xx_hal.o(.bss.uwTick)
    __initial_sp                             0x200007e8   Data           0  startup_stm32f429xx.o(STACK)



==============================================================================

Memory Map of the image

  Image Entry point : 0x080001ad

  Load Region LR_IROM1 (Base: 0x08000000, Size: 0x00007de8, Max: 0x00200000, ABSOLUTE)

    Execution Region ER_IROM1 (Exec base: 0x08000000, Load base: 0x08000000, Size: 0x00007d78, Max: 0x00200000, ABSOLUTE)

    Exec Addr    Load Addr    Size         Type   Attr      Idx    E Section Name        Object

    0x08000000   0x08000000   0x000001ac   Data   RO         2082    RESET               startup_stm32f429xx.o
    0x080001ac   0x080001ac   0x00000000   Code   RO         2104  * .ARM.Collect$$$$00000000  mc_w.l(entry.o)
    0x080001ac   0x080001ac   0x00000004   Code   RO         2374    .ARM.Collect$$$$00000001  mc_w.l(entry2.o)
    0x080001b0   0x080001b0   0x00000004   Code   RO         2377    .ARM.Collect$$$$00000004  mc_w.l(entry5.o)
    0x080001b4   0x080001b4   0x00000000   Code   RO         2379    .ARM.Collect$$$$00000008  mc_w.l(entry7b.o)
    0x080001b4   0x080001b4   0x00000000   Code   RO         2381    .ARM.Collect$$$$0000000A  mc_w.l(entry8b.o)
    0x080001b4   0x080001b4   0x00000008   Code   RO         2382    .ARM.Collect$$$$0000000B  mc_w.l(entry9a.o)
    0x080001bc   0x080001bc   0x00000000   Code   RO         2384    .ARM.Collect$$$$0000000D  mc_w.l(entry10a.o)
    0x080001bc   0x080001bc   0x00000000   Code   RO         2386    .ARM.Collect$$$$0000000F  mc_w.l(entry11a.o)
    0x080001bc   0x080001bc   0x00000004   Code   RO         2375    .ARM.Collect$$$$00002712  mc_w.l(entry2.o)
    0x080001c0   0x080001c0   0x00000024   Code   RO         2083    .text               startup_stm32f429xx.o
    0x080001e4   0x080001e4   0x00000062   Code   RO         2107    .text               mc_w.l(uldiv.o)
    0x08000246   0x08000246   0x00000024   Code   RO         2109    .text               mc_w.l(memseta.o)
    0x0800026a   0x0800026a   0x0000002c   Code   RO         2402    .text               mc_w.l(uidiv.o)
    0x08000296   0x08000296   0x0000001e   Code   RO         2404    .text               mc_w.l(llshl.o)
    0x080002b4   0x080002b4   0x00000020   Code   RO         2406    .text               mc_w.l(llushr.o)
    0x080002d4   0x080002d4   0x00000000   Code   RO         2408    .text               mc_w.l(iusefp.o)
    0x080002d4   0x080002d4   0x0000014e   Code   RO         2409    .text               mf_w.l(dadd.o)
    0x08000422   0x08000422   0x000000e4   Code   RO         2411    .text               mf_w.l(dmul.o)
    0x08000506   0x08000506   0x000000de   Code   RO         2413    .text               mf_w.l(ddiv.o)
    0x080005e4   0x080005e4   0x00000030   Code   RO         2415    .text               mf_w.l(dfixul.o)
    0x08000614   0x08000614   0x00000030   Code   RO         2417    .text               mf_w.l(cdrcmple.o)
    0x08000644   0x08000644   0x00000024   Code   RO         2419    .text               mc_w.l(init.o)
    0x08000668   0x08000668   0x00000024   Code   RO         2422    .text               mc_w.l(llsshr.o)
    0x0800068c   0x0800068c   0x000000ba   Code   RO         2425    .text               mf_w.l(depilogue.o)
    0x08000746   0x08000746   0x0000004c   Code   RO          365    .text.BSP_LCD_Clear  stm32f429i_discovery_lcd.o
    0x08000792   0x08000792   0x00000064   Code   RO          369    .text.BSP_LCD_ClearStringLine  stm32f429i_discovery_lcd.o
    0x080007f6   0x080007f6   0x00000002   PAD
    0x080007f8   0x080007f8   0x00000122   Code   RO          373    .text.BSP_LCD_DisplayChar  stm32f429i_discovery_lcd.o
    0x0800091a   0x0800091a   0x00000012   Code   RO          405    .text.BSP_LCD_DisplayOn  stm32f429i_discovery_lcd.o
    0x0800092c   0x0800092c   0x0000007a   Code   RO          371    .text.BSP_LCD_FillRect  stm32f429i_discovery_lcd.o
    0x080009a6   0x080009a6   0x0000001e   Code   RO          361    .text.BSP_LCD_GetFont  stm32f429i_discovery_lcd.o
    0x080009c4   0x080009c4   0x00000012   Code   RO          319    .text.BSP_LCD_GetXSize  stm32f429i_discovery_lcd.o
    0x080009d6   0x080009d6   0x000000ba   Code   RO          313    .text.BSP_LCD_Init  stm32f429i_discovery_lcd.o
    0x08000a90   0x08000a90   0x00000096   Code   RO          323    .text.BSP_LCD_LayerDefaultInit  stm32f429i_discovery_lcd.o
    0x08000b26   0x08000b26   0x00000144   Code   RO          315    .text.BSP_LCD_MspInit  stm32f429i_discovery_lcd.o
    0x08000c6a   0x08000c6a   0x0000000c   Code   RO          325    .text.BSP_LCD_SelectLayer  stm32f429i_discovery_lcd.o
    0x08000c76   0x08000c76   0x0000001e   Code   RO          359    .text.BSP_LCD_SetBackColor  stm32f429i_discovery_lcd.o
    0x08000c94   0x08000c94   0x0000001e   Code   RO          317    .text.BSP_LCD_SetFont  stm32f429i_discovery_lcd.o
    0x08000cb2   0x08000cb2   0x0000002a   Code   RO          327    .text.BSP_LCD_SetLayerVisible  stm32f429i_discovery_lcd.o
    0x08000cdc   0x08000cdc   0x0000001c   Code   RO          357    .text.BSP_LCD_SetTextColor  stm32f429i_discovery_lcd.o
    0x08000cf8   0x08000cf8   0x00000064   Code   RO          223    .text.BSP_LED_Init  stm32f429i_discovery.o
    0x08000d5c   0x08000d5c   0x00000020   Code   RO          227    .text.BSP_LED_Off   stm32f429i_discovery.o
    0x08000d7c   0x08000d7c   0x00000020   Code   RO          225    .text.BSP_LED_On    stm32f429i_discovery.o
    0x08000d9c   0x08000d9c   0x0000001e   Code   RO          229    .text.BSP_LED_Toggle  stm32f429i_discovery.o
    0x08000dba   0x08000dba   0x00000080   Code   RO          231    .text.BSP_PB_Init   stm32f429i_discovery.o
    0x08000e3a   0x08000e3a   0x00000088   Code   RO          433    .text.BSP_SDRAM_Init  stm32f429i_discovery_sdram.o
    0x08000ec2   0x08000ec2   0x00000096   Code   RO          437    .text.BSP_SDRAM_Initialization_sequence  stm32f429i_discovery_sdram.o
    0x08000f58   0x08000f58   0x0000018c   Code   RO          435    .text.BSP_SDRAM_MspInit  stm32f429i_discovery_sdram.o
    0x080010e4   0x080010e4   0x00000002   Code   RO            8    .text.BusFault_Handler  stm32f4xx_it.o
    0x080010e6   0x080010e6   0x00000002   PAD
    0x080010e8   0x080010e8   0x000000a2   Code   RO          666    .text.DMA2D_SetConfig  stm32f4xx_hal_dma2d.o
    0x0800118a   0x0800118a   0x00000002   Code   RO           14    .text.DebugMon_Handler  stm32f4xx_it.o
    0x0800118c   0x0800118c   0x0000005c   Code   RO           98    .text.EE_Format     hal_eeprom.o
    0x080011e8   0x080011e8   0x000001dc   Code   RO           96    .text.EE_Init       hal_eeprom.o
    0x080013c4   0x080013c4   0x00000050   Code   RO          100    .text.EE_ReadVariable  hal_eeprom.o
    0x08001414   0x08001414   0x00000092   Code   RO          102    .text.EE_VerifyPageFullWriteVariable  hal_eeprom.o
    0x080014a6   0x080014a6   0x00000002   PAD
    0x080014a8   0x080014a8   0x000000e0   Code   RO          104    .text.EE_WriteVariable  hal_eeprom.o
    0x08001588   0x08001588   0x00000006   Code   RO           20    .text.EXTI0_IRQHandler  stm32f4xx_it.o
    0x0800158e   0x0800158e   0x00000006   Code   RO           22    .text.EXTI1_IRQHandler  stm32f4xx_it.o
    0x08001594   0x08001594   0x00000054   Code   RO          801    .text.FLASH_Erase_Sector  stm32f4xx_hal_flash_ex.o
    0x080015e8   0x080015e8   0x00000058   Code   RO          803    .text.FLASH_FlushCaches  stm32f4xx_hal_flash_ex.o
    0x08001640   0x08001640   0x00000082   Code   RO          772    .text.FLASH_SetErrorCode  stm32f4xx_hal_flash.o
    0x080016c2   0x080016c2   0x00000002   PAD
    0x080016c4   0x080016c4   0x00000066   Code   RO          766    .text.FLASH_WaitForLastOperation  stm32f4xx_hal_flash.o
    0x0800172a   0x0800172a   0x00000082   Code   RO         2055    .text.FMC_SDRAM_Init  stm32f4xx_ll_fmc.o
    0x080017ac   0x080017ac   0x0000000e   Code   RO         2067    .text.FMC_SDRAM_ProgramRefreshRate  stm32f4xx_ll_fmc.o
    0x080017ba   0x080017ba   0x00000002   PAD
    0x080017bc   0x080017bc   0x0000005e   Code   RO         2065    .text.FMC_SDRAM_SendCommand  stm32f4xx_ll_fmc.o
    0x0800181a   0x0800181a   0x000000da   Code   RO         2057    .text.FMC_SDRAM_Timing_Init  stm32f4xx_ll_fmc.o
    0x080018f4   0x080018f4   0x00000078   Code   RO          367    .text.FillBuffer    stm32f429i_discovery_lcd.o
    0x0800196c   0x0800196c   0x00000096   Code   RO          700    .text.HAL_DMA2D_ConfigLayer  stm32f4xx_hal_dma2d.o
    0x08001a02   0x08001a02   0x00000054   Code   RO          652    .text.HAL_DMA2D_Init  stm32f4xx_hal_dma2d.o
    0x08001a56   0x08001a56   0x00000002   Code   RO          654    .text.HAL_DMA2D_MspInit  stm32f4xx_hal_dma2d.o
    0x08001a58   0x08001a58   0x000000fa   Code   RO          692    .text.HAL_DMA2D_PollForTransfer  stm32f4xx_hal_dma2d.o
    0x08001b52   0x08001b52   0x0000003a   Code   RO          664    .text.HAL_DMA2D_Start  stm32f4xx_hal_dma2d.o
    0x08001b8c   0x08001b8c   0x00000086   Code   RO          621    .text.HAL_DMA_DeInit  stm32f4xx_hal_dma.o
    0x08001c12   0x08001c12   0x00000002   PAD
    0x08001c14   0x08001c14   0x00000148   Code   RO          619    .text.HAL_DMA_Init  stm32f4xx_hal_dma.o
    0x08001d5c   0x08001d5c   0x00000028   Code   RO          524    .text.HAL_Delay     stm32f4xx_hal.o
    0x08001d84   0x08001d84   0x000000e6   Code   RO          799    .text.HAL_FLASHEx_Erase  stm32f4xx_hal_flash_ex.o
    0x08001e6a   0x08001e6a   0x00000108   Code   RO          764    .text.HAL_FLASH_Program  stm32f4xx_hal_flash.o
    0x08001f72   0x08001f72   0x0000002e   Code   RO          778    .text.HAL_FLASH_Unlock  stm32f4xx_hal_flash.o
    0x08001fa0   0x08001fa0   0x0000020c   Code   RO           53    .text.HAL_GPIO_EXTI_Callback  main.o
    0x080021ac   0x080021ac   0x00000016   Code   RO          841    .text.HAL_GPIO_EXTI_IRQHandler  stm32f4xx_hal_gpio.o
    0x080021c2   0x080021c2   0x00000002   PAD
    0x080021c4   0x080021c4   0x000001a0   Code   RO          829    .text.HAL_GPIO_Init  stm32f4xx_hal_gpio.o
    0x08002364   0x08002364   0x00000010   Code   RO          837    .text.HAL_GPIO_TogglePin  stm32f4xx_hal_gpio.o
    0x08002374   0x08002374   0x0000000a   Code   RO          835    .text.HAL_GPIO_WritePin  stm32f4xx_hal_gpio.o
    0x0800237e   0x0800237e   0x0000000c   Code   RO          516    .text.HAL_GetTick   stm32f4xx_hal.o
    0x0800238a   0x0800238a   0x0000001a   Code   RO          514    .text.HAL_IncTick   stm32f4xx_hal.o
    0x080023a4   0x080023a4   0x0000002e   Code   RO          504    .text.HAL_Init      stm32f4xx_hal.o
    0x080023d2   0x080023d2   0x00000050   Code   RO          506    .text.HAL_InitTick  stm32f4xx_hal.o
    0x08002422   0x08002422   0x00000076   Code   RO         1111    .text.HAL_LTDC_ConfigLayer  stm32f4xx_hal_ltdc.o
    0x08002498   0x08002498   0x00000030   Code   RO         1127    .text.HAL_LTDC_EnableDither  stm32f4xx_hal_ltdc.o
    0x080024c8   0x080024c8   0x000000e4   Code   RO         1095    .text.HAL_LTDC_Init  stm32f4xx_hal_ltdc.o
    0x080025ac   0x080025ac   0x00000002   Code   RO         1097    .text.HAL_LTDC_MspInit  stm32f4xx_hal_ltdc.o
    0x080025ae   0x080025ae   0x00000002   Code   RO          508    .text.HAL_MspInit   stm32f4xx_hal.o
    0x080025b0   0x080025b0   0x00000024   Code   RO          577    .text.HAL_NVIC_EnableIRQ  stm32f4xx_hal_cortex.o
    0x080025d4   0x080025d4   0x00000056   Code   RO          575    .text.HAL_NVIC_SetPriority  stm32f4xx_hal_cortex.o
    0x0800262a   0x0800262a   0x00000020   Code   RO          573    .text.HAL_NVIC_SetPriorityGrouping  stm32f4xx_hal_cortex.o
    0x0800264a   0x0800264a   0x00000002   PAD
    0x0800264c   0x0800264c   0x00000078   Code   RO         1238    .text.HAL_PWREx_EnableOverDrive  stm32f4xx_hal_pwr_ex.o
    0x080026c4   0x080026c4   0x0000023a   Code   RO         1288    .text.HAL_RCCEx_PeriphCLKConfig  stm32f4xx_hal_rcc_ex.o
    0x080028fe   0x080028fe   0x00000002   PAD
    0x08002900   0x08002900   0x0000014e   Code   RO         1256    .text.HAL_RCC_ClockConfig  stm32f4xx_hal_rcc.o
    0x08002a4e   0x08002a4e   0x0000006a   Code   RO         1258    .text.HAL_RCC_GetSysClockFreq  stm32f4xx_hal_rcc.o
    0x08002ab8   0x08002ab8   0x00000358   Code   RO         1254    .text.HAL_RCC_OscConfig  stm32f4xx_hal_rcc.o
    0x08002e10   0x08002e10   0x00000068   Code   RO         1320    .text.HAL_RNG_GenerateRandomNumber  stm32f4xx_hal_rng.o
    0x08002e78   0x08002e78   0x00000030   Code   RO         1312    .text.HAL_RNG_Init  stm32f4xx_hal_rng.o
    0x08002ea8   0x08002ea8   0x00000024   Code   RO           86    .text.HAL_RNG_MspInit  stm32f4xx_hal_msp.o
    0x08002ecc   0x08002ecc   0x00000040   Code   RO         1348    .text.HAL_SDRAM_Init  stm32f4xx_hal_sdram.o
    0x08002f0c   0x08002f0c   0x00000002   Code   RO         1350    .text.HAL_SDRAM_MspInit  stm32f4xx_hal_sdram.o
    0x08002f0e   0x08002f0e   0x00000026   Code   RO         1386    .text.HAL_SDRAM_ProgramRefreshRate  stm32f4xx_hal_sdram.o
    0x08002f34   0x08002f34   0x00000032   Code   RO         1384    .text.HAL_SDRAM_SendCommand  stm32f4xx_hal_sdram.o
    0x08002f66   0x08002f66   0x0000002e   Code   RO         1406    .text.HAL_SPI_DeInit  stm32f4xx_hal_spi.o
    0x08002f94   0x08002f94   0x00000006   Code   RO         1502    .text.HAL_SPI_GetState  stm32f4xx_hal_spi.o
    0x08002f9a   0x08002f9a   0x000000c2   Code   RO         1402    .text.HAL_SPI_Init  stm32f4xx_hal_spi.o
    0x0800305c   0x0800305c   0x00000002   Code   RO         1408    .text.HAL_SPI_MspDeInit  stm32f4xx_hal_spi.o
    0x0800305e   0x0800305e   0x00000002   Code   RO         1404    .text.HAL_SPI_MspInit  stm32f4xx_hal_spi.o
    0x08003060   0x08003060   0x000001e0   Code   RO         1414    .text.HAL_SPI_Receive  stm32f4xx_hal_spi.o
    0x08003240   0x08003240   0x0000019e   Code   RO         1410    .text.HAL_SPI_Transmit  stm32f4xx_hal_spi.o
    0x080033de   0x080033de   0x00000002   PAD
    0x080033e0   0x080033e0   0x0000027a   Code   RO         1416    .text.HAL_SPI_TransmitReceive  stm32f4xx_hal_spi.o
    0x0800365a   0x0800365a   0x0000002c   Code   RO          585    .text.HAL_SYSTICK_Config  stm32f4xx_hal_cortex.o
    0x08003686   0x08003686   0x00000002   Code   RO         1881    .text.HAL_TIMEx_BreakCallback  stm32f4xx_hal_tim_ex.o
    0x08003688   0x08003688   0x00000002   Code   RO         1877    .text.HAL_TIMEx_CommutCallback  stm32f4xx_hal_tim_ex.o
    0x0800368a   0x0800368a   0x00000058   Code   RO         1570    .text.HAL_TIM_Base_Init  stm32f4xx_hal_tim.o
    0x080036e2   0x080036e2   0x00000038   Code   RO           82    .text.HAL_TIM_Base_MspInit  stm32f4xx_hal_msp.o
    0x0800371a   0x0800371a   0x000000a0   Code   RO         1584    .text.HAL_TIM_Base_Start_IT  stm32f4xx_hal_tim.o
    0x080037ba   0x080037ba   0x00000002   Code   RO         1706    .text.HAL_TIM_IC_CaptureCallback  stm32f4xx_hal_tim.o
    0x080037bc   0x080037bc   0x0000016a   Code   RO         1704    .text.HAL_TIM_IRQHandler  stm32f4xx_hal_tim.o
    0x08003926   0x08003926   0x00000002   PAD
    0x08003928   0x08003928   0x0000004e   Code   RO         1716    .text.HAL_TIM_OC_ConfigChannel  stm32f4xx_hal_tim.o
    0x08003976   0x08003976   0x00000082   Code   RO           51    .text.HAL_TIM_OC_DelayElapsedCallback  main.o
    0x080039f8   0x080039f8   0x00000058   Code   RO         1598    .text.HAL_TIM_OC_Init  stm32f4xx_hal_tim.o
    0x08003a50   0x08003a50   0x00000038   Code   RO           84    .text.HAL_TIM_OC_MspInit  stm32f4xx_hal_msp.o
    0x08003a88   0x08003a88   0x00000124   Code   RO         1612    .text.HAL_TIM_OC_Start_IT  stm32f4xx_hal_tim.o
    0x08003bac   0x08003bac   0x00000002   Code   RO         1710    .text.HAL_TIM_PWM_PulseFinishedCallback  stm32f4xx_hal_tim.o
    0x08003bae   0x08003bae   0x00000030   Code   RO           49    .text.HAL_TIM_PeriodElapsedCallback  main.o
    0x08003bde   0x08003bde   0x00000002   Code   RO         1714    .text.HAL_TIM_TriggerCallback  stm32f4xx_hal_tim.o
    0x08003be0   0x08003be0   0x00000002   Code   RO            4    .text.HardFault_Handler  stm32f4xx_it.o
    0x08003be2   0x08003be2   0x00000004   Code   RO          247    .text.LCD_Delay     stm32f429i_discovery.o
    0x08003be6   0x08003be6   0x00000002   PAD
    0x08003be8   0x08003be8   0x00000068   Code   RO           43    .text.LCD_DisplayString  main.o
    0x08003c50   0x08003c50   0x000000d0   Code   RO          235    .text.LCD_IO_Init   stm32f429i_discovery.o
    0x08003d20   0x08003d20   0x0000007a   Code   RO          245    .text.LCD_IO_ReadData  stm32f429i_discovery.o
    0x08003d9a   0x08003d9a   0x00000038   Code   RO          239    .text.LCD_IO_WriteData  stm32f429i_discovery.o
    0x08003dd2   0x08003dd2   0x00000038   Code   RO          243    .text.LCD_IO_WriteReg  stm32f429i_discovery.o
    0x08003e0a   0x08003e0a   0x00000120   Code   RO         1113    .text.LTDC_SetConfig  stm32f4xx_hal_ltdc.o
    0x08003f2a   0x08003f2a   0x00000002   PAD
    0x08003f2c   0x08003f2c   0x00000002   Code   RO            6    .text.MemManage_Handler  stm32f4xx_it.o
    0x08003f2e   0x08003f2e   0x00000002   Code   RO            2    .text.NMI_Handler   stm32f4xx_it.o
    0x08003f30   0x08003f30   0x00000002   Code   RO           16    .text.PendSV_Handler  stm32f4xx_it.o
    0x08003f32   0x08003f32   0x00000056   Code   RO         1420    .text.SPI_EndRxTransaction  stm32f4xx_hal_spi.o
    0x08003f88   0x08003f88   0x00000066   Code   RO         1412    .text.SPI_EndRxTxTransaction  stm32f4xx_hal_spi.o
    0x08003fee   0x08003fee   0x00000002   PAD
    0x08003ff0   0x08003ff0   0x000000da   Code   RO         1418    .text.SPI_WaitFlagStateUntilTimeout  stm32f4xx_hal_spi.o
    0x080040ca   0x080040ca   0x0000009c   Code   RO          237    .text.SPIx_Init     stm32f429i_discovery.o
    0x08004166   0x08004166   0x0000003a   Code   RO          241    .text.SPIx_Write    stm32f429i_discovery.o
    0x080041a0   0x080041a0   0x00000002   Code   RO           12    .text.SVC_Handler   stm32f4xx_it.o
    0x080041a2   0x080041a2   0x00000004   Code   RO           18    .text.SysTick_Handler  stm32f4xx_it.o
    0x080041a6   0x080041a6   0x00000012   Code   RO         2090    .text.SystemInit    system_stm32f4xx.o
    0x080041b8   0x080041b8   0x00000074   Code   RO           37    .text.TIM3_Config   main.o
    0x0800422c   0x0800422c   0x0000000c   Code   RO           24    .text.TIM3_IRQHandler  stm32f4xx_it.o
    0x08004238   0x08004238   0x0000000c   Code   RO           26    .text.TIM4_IRQHandler  stm32f4xx_it.o
    0x08004244   0x08004244   0x00000040   Code   RO           41    .text.TIM4_OC_Config  main.o
    0x08004284   0x08004284   0x0000011c   Code   RO         1574    .text.TIM_Base_SetConfig  stm32f4xx_hal_tim.o
    0x080043a0   0x080043a0   0x00000064   Code   RO         1718    .text.TIM_OC1_SetConfig  stm32f4xx_hal_tim.o
    0x08004404   0x08004404   0x00000068   Code   RO         1720    .text.TIM_OC2_SetConfig  stm32f4xx_hal_tim.o
    0x0800446c   0x0800446c   0x00000066   Code   RO         1722    .text.TIM_OC3_SetConfig  stm32f4xx_hal_tim.o
    0x080044d2   0x080044d2   0x0000004e   Code   RO         1724    .text.TIM_OC4_SetConfig  stm32f4xx_hal_tim.o
    0x08004520   0x08004520   0x00000002   Code   RO           10    .text.UsageFault_Handler  stm32f4xx_it.o
    0x08004522   0x08004522   0x00000006   Code   RO          124    .text.ili9341_DisplayOff  ili9341.o
    0x08004528   0x08004528   0x00000006   Code   RO          122    .text.ili9341_DisplayOn  ili9341.o
    0x0800452e   0x0800452e   0x00000006   Code   RO          128    .text.ili9341_GetLcdPixelHeight  ili9341.o
    0x08004534   0x08004534   0x00000004   Code   RO          126    .text.ili9341_GetLcdPixelWidth  ili9341.o
    0x08004538   0x08004538   0x00000292   Code   RO          118    .text.ili9341_Init  ili9341.o
    0x080047ca   0x080047ca   0x00000012   Code   RO          120    .text.ili9341_ReadID  ili9341.o
    0x080047dc   0x080047dc   0x0000026c   Code   RO           35    .text.main          main.o
    0x08004a48   0x08004a48   0x00000028   Code   RO         2346    i.__0sprintf        mc_w.l(printfa.o)
    0x08004a70   0x08004a70   0x0000000e   Code   RO         2429    i.__scatterload_copy  mc_w.l(handlers.o)
    0x08004a7e   0x08004a7e   0x00000002   Code   RO         2430    i.__scatterload_null  mc_w.l(handlers.o)
    0x08004a80   0x08004a80   0x0000000e   Code   RO         2431    i.__scatterload_zeroinit  mc_w.l(handlers.o)
    0x08004a8e   0x08004a8e   0x00000002   PAD
    0x08004a90   0x08004a90   0x00000184   Code   RO         2351    i._fp_digits        mc_w.l(printfa.o)
    0x08004c14   0x08004c14   0x000006dc   Code   RO         2352    i._printf_core      mc_w.l(printfa.o)
    0x080052f0   0x080052f0   0x00000024   Code   RO         2353    i._printf_post_padding  mc_w.l(printfa.o)
    0x08005314   0x08005314   0x0000002e   Code   RO         2354    i._printf_pre_padding  mc_w.l(printfa.o)
    0x08005342   0x08005342   0x0000000a   Code   RO         2356    i._sputc            mc_w.l(printfa.o)
    0x0800534c   0x0800534c   0x00000010   Data   RO         2095    .rodata.AHBPrescTable  system_stm32f4xx.o
    0x0800535c   0x0800535c   0x00000ed8   Data   RO          411    .rodata.Font20_Table  stm32f429i_discovery_lcd.o
    0x08006234   0x08006234   0x00001ab8   Data   RO          409    .rodata.Font24_Table  stm32f429i_discovery_lcd.o
    0x08007cec   0x08007cec   0x00000004   Data   RO          274    .rodata.GPIO_PIN    stm32f429i_discovery.o
    0x08007cf0   0x08007cf0   0x00000020   Data   RO         1796    .rodata.cst16       stm32f4xx_hal_tim.o
    0x08007d10   0x08007d10   0x00000020   Data   RO         1175    .rodata.cst32       stm32f4xx_hal_ltdc.o
    0x08007d30   0x08007d30   0x00000008   Data   RO          643    .rodata.cst8        stm32f4xx_hal_dma.o
    0x08007d38   0x08007d38   0x0000001f   Data   RO           62    .rodata.str1.1      main.o
    0x08007d57   0x08007d57   0x00000001   PAD
    0x08007d58   0x08007d58   0x00000020   Data   RO         2428    Region$$Table       anon$$obj.o


    Execution Region RW_IRAM1 (Exec base: 0x20000000, Load base: 0x08007d78, Size: 0x000007e8, Max: 0x00030000, ABSOLUTE)

    Exec Addr    Load Addr    Size         Type   Attr      Idx    E Section Name        Object

    0x20000000   0x08007d78   0x00000004   Data   RW          275    .data.BUTTON_PORT   stm32f429i_discovery.o
    0x20000004   0x08007d7c   0x00000008   Data   RW          412    .data.Font20        stm32f429i_discovery_lcd.o
    0x2000000c   0x08007d84   0x00000008   Data   RW          410    .data.Font24        stm32f429i_discovery_lcd.o
    0x20000014   0x08007d8c   0x00000008   Data   RW          273    .data.GPIO_PORT     stm32f429i_discovery.o
    0x2000001c   0x08007d94   0x00000004   Data   RW          279    .data.SpixTimeout   stm32f429i_discovery.o
    0x20000020   0x08007d98   0x00000004   Data   RW         2094    .data.SystemCoreClock  system_stm32f4xx.o
    0x20000024   0x08007d9c   0x00000006   Data   RW           59    .data.VirtAddVarTab  main.o
    0x2000002a   0x08007da2   0x00000002   PAD
    0x2000002c   0x08007da4   0x00000038   Data   RW          136    .data.ili9341_drv   ili9341.o
    0x20000064   0x08007ddc   0x00000001   Data   RW          563    .data.uwTickFreq    stm32f4xx_hal.o
    0x20000065   0x08007ddd   0x00000003   PAD
    0x20000068   0x08007de0   0x00000004   Data   RW          562    .data.uwTickPrio    stm32f4xx_hal.o
    0x2000006c   0x08007de4   0x00000004   PAD
    0x20000070        -       0x00000004   Zero   RW          423    .bss.ActiveLayer    stm32f429i_discovery_lcd.o
    0x20000074        -       0x00000001   Zero   RW          453    .bss.BSP_SDRAM_Init.sdramstatus  stm32f429i_discovery_sdram.o
    0x20000075   0x08007de4   0x00000003   PAD
    0x20000078        -       0x00000060   Zero   RW          457    .bss.BSP_SDRAM_MspInit.dmaHandle  stm32f429i_discovery_sdram.o
    0x200000d8        -       0x00000010   Zero   RW          456    .bss.Command        stm32f429i_discovery_sdram.o
    0x200000e8        -       0x00000002   Zero   RW          107    .bss.DataVar        hal_eeprom.o
    0x200000ea   0x08007de4   0x00000002   PAD
    0x200000ec        -       0x00000040   Zero   RW          424    .bss.Dma2dHandler   stm32f429i_discovery_lcd.o
    0x2000012c        -       0x00000018   Zero   RW          422    .bss.DrawProp       stm32f429i_discovery_lcd.o
    0x20000144        -       0x00000002   Zero   RW           61    .bss.EEREAD         main.o
    0x20000146   0x08007de4   0x00000002   PAD
    0x20000148        -       0x00000014   Zero   RW          108    .bss.FlashErase_InitStructure  hal_eeprom.o
    0x2000015c        -       0x00000001   Zero   RW          106    .bss.HalStatus      hal_eeprom.o
    0x2000015d        -       0x00000001   Zero   RW           71    .bss.Hal_status     main.o
    0x2000015e        -       0x00000001   Zero   RW          280    .bss.Is_LCD_IO_Initialized  stm32f429i_discovery.o
    0x2000015f   0x08007de4   0x00000001   PAD
    0x20000160        -       0x00000004   Zero   RW          421    .bss.LcdDrv         stm32f429i_discovery_lcd.o
    0x20000164        -       0x000000a8   Zero   RW          419    .bss.LtdcHandler    stm32f429i_discovery_lcd.o
    0x2000020c        -       0x00000002   Zero   RW           57    .bss.OC_Count       main.o
    0x2000020e   0x08007de4   0x00000002   PAD
    0x20000210        -       0x00000030   Zero   RW          420    .bss.PeriphClkInitStruct  stm32f429i_discovery_lcd.o
    0x20000240        -       0x00000010   Zero   RW           70    .bss.Rng_Handle     main.o
    0x20000250        -       0x00000034   Zero   RW          454    .bss.SdramHandle    stm32f429i_discovery_sdram.o
    0x20000284        -       0x00000058   Zero   RW          282    .bss.SpiHandle      stm32f429i_discovery.o
    0x200002dc        -       0x00000048   Zero   RW           65    .bss.Tim3_Handle    main.o
    0x20000324        -       0x00000002   Zero   RW           64    .bss.Tim3_PrescalerValue  main.o
    0x20000326        -       0x00000002   Zero   RW           60    .bss.Tim4_CCR       main.o
    0x20000328        -       0x00000048   Zero   RW           67    .bss.Tim4_Handle    main.o
    0x20000370        -       0x0000001c   Zero   RW           68    .bss.Tim4_OCInitStructure  main.o
    0x2000038c        -       0x00000002   Zero   RW           66    .bss.Tim4_PrescalerValue  main.o
    0x2000038e   0x08007de4   0x00000002   PAD
    0x20000390        -       0x0000001c   Zero   RW          455    .bss.Timing         stm32f429i_discovery_sdram.o
    0x200003ac        -       0x00000001   Zero   RW           55    .bss.UBPressed      main.o
    0x200003ad   0x08007de4   0x00000003   PAD
    0x200003b0        -       0x00000004   Zero   RW          109    .bss.error          hal_eeprom.o
    0x200003b4        -       0x00000001   Zero   RW           56    .bss.extern_UBPressed  main.o
    0x200003b5   0x08007de4   0x00000003   PAD
    0x200003b8        -       0x00000020   Zero   RW          790    .bss.pFlash         stm32f4xx_hal_flash.o
    0x200003d8        -       0x00000004   Zero   RW           69    .bss.random         main.o
    0x200003dc        -       0x00000002   Zero   RW           58    .bss.reactionTime   main.o
    0x200003de   0x08007de4   0x00000002   PAD
    0x200003e0        -       0x00000004   Zero   RW           63    .bss.state          main.o
    0x200003e4        -       0x00000004   Zero   RW          564    .bss.uwTick         stm32f4xx_hal.o
    0x200003e8        -       0x00000400   Zero   RW         2080    STACK               startup_stm32f429xx.o


==============================================================================

Image component sizes


      Code (inc. data)   RO Data    RW Data    ZI Data      Debug   Object Name

      1018          0          0          0         27       5433   hal_eeprom.o
       698          0          0         56          0       5615   ili9341.o
      1606         64         31          6        211      13264   main.o
        36          8        428          0       1024        876   startup_stm32f429xx.o
       982          0          4         16         89      16590   stm32f429i_discovery.o
      1576          0      10640         16        312      33068   stm32f429i_discovery_lcd.o
       682          0          0          0        193      10054   stm32f429i_discovery_sdram.o
       206          0          0          5          4       7865   stm32f4xx_hal.o
       198          0          0          0          0      10723   stm32f4xx_hal_cortex.o
       462          4          8          0          0      10040   stm32f4xx_hal_dma.o
       706          4          0          0          0      13556   stm32f4xx_hal_dma2d.o
       542          0          0          0         32       5372   stm32f4xx_hal_flash.o
       402          0          0          0          0       7575   stm32f4xx_hal_flash_ex.o
       464          0          0          0          0       5223   stm32f4xx_hal_gpio.o
       684          0         32          0          0      15139   stm32f4xx_hal_ltdc.o
       148          0          0          0          0       7492   stm32f4xx_hal_msp.o
       120          0          0          0          0       4730   stm32f4xx_hal_pwr_ex.o
      1296          0          0          0          0       7524   stm32f4xx_hal_rcc.o
       570          0          0          0          0       5759   stm32f4xx_hal_rcc_ex.o
       152          0          0          0          0       4509   stm32f4xx_hal_rng.o
       154          0          0          0          0      10668   stm32f4xx_hal_sdram.o
      2184          0          0          0          0      23303   stm32f4xx_hal_spi.o
      1742          4         32          0          0      50101   stm32f4xx_hal_tim.o
         4          0          0          0          0      21135   stm32f4xx_hal_tim_ex.o
        56          0          0          0          0       4895   stm32f4xx_it.o
       456          0          0          0          0      12280   stm32f4xx_ll_fmc.o
        18          0         16          4          0       2768   system_stm32f4xx.o

    ----------------------------------------------------------------------
     17190         84      11224        108       1916     315557   Object Totals
         0          0         32          0          0          0   (incl. Generated)
        28          0          1          5         24          0   (incl. Padding)

    ----------------------------------------------------------------------

      Code (inc. data)   RO Data    RW Data    ZI Data      Debug   Library Member Name

         0          0          0          0          0          0   entry.o
         0          0          0          0          0          0   entry10a.o
         0          0          0          0          0          0   entry11a.o
         8          4          0          0          0          0   entry2.o
         4          0          0          0          0          0   entry5.o
         0          0          0          0          0          0   entry7b.o
         0          0          0          0          0          0   entry8b.o
         8          4          0          0          0          0   entry9a.o
        30          0          0          0          0          0   handlers.o
        36          8          0          0          0         68   init.o
         0          0          0          0          0          0   iusefp.o
        30          0          0          0          0         68   llshl.o
        36          0          0          0          0         68   llsshr.o
        32          0          0          0          0         68   llushr.o
        36          0          0          0          0        108   memseta.o
      2276         86          0          0          0        520   printfa.o
        44          0          0          0          0         80   uidiv.o
        98          0          0          0          0         92   uldiv.o
        48          0          0          0          0         68   cdrcmple.o
       334          0          0          0          0        148   dadd.o
       222          0          0          0          0        100   ddiv.o
       186          0          0          0          0        176   depilogue.o
        48          0          0          0          0         68   dfixul.o
       228          0          0          0          0         96   dmul.o

    ----------------------------------------------------------------------
      3706        102          0          0          0       1728   Library Totals
         2          0          0          0          0          0   (incl. Padding)

    ----------------------------------------------------------------------

      Code (inc. data)   RO Data    RW Data    ZI Data      Debug   Library Name

      2638        102          0          0          0       1072   mc_w.l
      1066          0          0          0          0        656   mf_w.l

    ----------------------------------------------------------------------
      3706        102          0          0          0       1728   Library Totals

    ----------------------------------------------------------------------

==============================================================================


      Code (inc. data)   RO Data    RW Data    ZI Data      Debug   

     20896        186      11224        108       1916     316105   Grand Totals
     20896        186      11224        108       1916     316105   ELF Image Totals
     20896        186      11224        108          0          0   ROM Totals

==============================================================================

    Total RO  Size (Code + RO Data)                32120 (  31.37kB)
    Total RW  Size (RW Data + ZI Data)              2024 (   1.98kB)
    Total ROM Size (Code + RO Data + RW Data)      32228 (  31.47kB)

==============================================================================

